Component: Arm Compiler for Embedded 6.19 Tool: armlink [5e73cb00]

==============================================================================

Section Cross References

    startup_stm32f10x_md.o(STACK) refers (Special) to heapauxi.o(.text) for __use_two_region_memory
    startup_stm32f10x_md.o(HEAP) refers (Special) to heapauxi.o(.text) for __use_two_region_memory
    startup_stm32f10x_md.o(RESET) refers (Special) to heapauxi.o(.text) for __use_two_region_memory
    startup_stm32f10x_md.o(RESET) refers to startup_stm32f10x_md.o(STACK) for __initial_sp
    startup_stm32f10x_md.o(RESET) refers to startup_stm32f10x_md.o(.text) for Reset_Handler
    startup_stm32f10x_md.o(RESET) refers to main.o(.text) for EXTI9_5_IRQHandler
    startup_stm32f10x_md.o(RESET) refers to uart_xmos.o(.text) for USART1_IRQHandler
    startup_stm32f10x_md.o(.text) refers (Special) to heapauxi.o(.text) for __use_two_region_memory
    startup_stm32f10x_md.o(.text) refers to system_stm32f10x.o(.text) for SystemInit
    startup_stm32f10x_md.o(.text) refers to __main.o(!!!main) for __main
    startup_stm32f10x_md.o(.text) refers to startup_stm32f10x_md.o(HEAP) for Heap_Mem
    startup_stm32f10x_md.o(.text) refers to startup_stm32f10x_md.o(STACK) for Stack_Mem
    main.o(.text) refers to main.o(.bss.preset) for preset
    main.o(.text) refers to stm32f10x_flash.o(.text) for FLASH_Unlock
    main.o(.text) refers to main.o(.bss.menu_mode_val) for menu_mode_val
    main.o(.text) refers to main.o(.rodata.str1.1) for .L.str
    main.o(.text) refers to spi_ssd1322.o(.text) for SSD1322_DrawString
    main.o(.text) refers to main.o(.bss.input_val) for input_val
    main.o(.text) refers to main.o(.bss.filter_val) for filter_val
    main.o(.text) refers to sprintf.o(.text) for sprintf
    main.o(.text) refers to main.o(.bss.balance_val) for balance_val
    main.o(.text) refers to main.o(.data.Process_Encoder_Rotation.vol) for Process_Encoder_Rotation.vol
    main.o(.text) refers to main.o(.data.Process_Encoder_Rotation.input) for Process_Encoder_Rotation.input
    main.o(.text) refers to main.o(.bss.Process_Encoder_Rotation.filter) for Process_Encoder_Rotation.filter
    main.o(.text) refers to main.o(.bss.menu_need_update) for menu_need_update
    main.o(.text) refers to main.o(.bss.mute_state) for mute_state
    main.o(.text) refers to main.o(.bss.halt_counter) for halt_counter
    main.o(.text) refers to main.o(.data.volume_val) for volume_val
    main.o(.text) refers to main.o(.bss.menu_level) for menu_level
    main.o(.text) refers to main.o(.bss.button_tick) for button_tick
    main.o(.text) refers to main.o(.bss.button_pressed) for button_pressed
    main.o(.text) refers to main.o(.bss.ir_data_received) for ir_data_received
    main.o(.text) refers to ir_remote_1.o(.text) for IR_Process_Bit
    main.o(.text) refers to main.o(.data.hall_timer_sec) for hall_timer_sec
    main.o(.text) refers to main.o(.bss.menu_counter) for menu_counter
    main.o(.text) refers to main.o(.data.menu_timer_sec) for menu_timer_sec
    main.o(.text) refers to encoder.o(.text) for Encoder_direction
    main.o(.text) refers to main.o(.bss.enc_direction) for enc_direction
    main.o(.text) refers to main.o(.bss.dig_flt) for dig_flt
    main.o(.text) refers to controlport.o(.text) for SLOW_BIT_DAC
    main.o(.text) refers to main.o(.bss.input_select) for input_select
    main.o(.text) refers to dispport.o(.text) for Master_Slave_Sel
    main.o(.text) refers to main.o(.data.updated) for updated
    main.o(.text) refers to delay.o(.text) for delay_ms
    main.o(.text) refers to main.o(.rodata.Font_Aleks38x24) for Font_Aleks38x24
    main.o(.text) refers to uart_xmos.o(.text) for UART_Init
    main.o(.text) refers to system_stm32f10x.o(.data.SystemCoreClock) for SystemCoreClock
    main.o(.text) refers to main.o(.bss.ir_last_tick) for ir_last_tick
    main.o(.text) refers to ir_remote_1.o(.bss.hold_counter) for hold_counter
    main.o(.text) refers to main.o(.bss.remote_packet) for remote_packet
    main.o(.text) refers to main.o(.bss.ir_cmd) for ir_cmd
    main.o(.ARM.exidx) refers to main.o(.text) for [Anonymous Symbol]
    misc.o(.ARM.exidx) refers to misc.o(.text) for [Anonymous Symbol]
    stm32f10x_flash.o(.ARM.exidx) refers to stm32f10x_flash.o(.text) for [Anonymous Symbol]
    delay.o(.text) refers to system_stm32f10x.o(.data.SystemCoreClock) for SystemCoreClock
    delay.o(.ARM.exidx) refers to delay.o(.text) for [Anonymous Symbol]
    dispport.o(.text) refers to delay.o(.text) for delay_ms
    dispport.o(.text) refers to uart_xmos.o(.bss.last_signal) for last_signal
    dispport.o(.ARM.exidx) refers to dispport.o(.text) for [Anonymous Symbol]
    spi_ssd1322.o(.text) refers to delay.o(.text) for delay_us
    spi_ssd1322.o(.text) refers to main.o(.bss.preset) for preset
    spi_ssd1322.o(.text) refers to spi_ssd1322.o(.rodata.AsciiLib_Small) for AsciiLib_Small
    spi_ssd1322.o(.text) refers to spi_ssd1322.o(.rodata.AsciiLib_Big) for AsciiLib_Big
[...]
    UART_XMOS.c                              0x00000000   Number         0  uart_xmos.o ABSOLUTE
    cmsis_boot\startup\startup_stm32f10x_md.s 0x00000000   Number         0  startup_stm32f10x_md.o ABSOLUTE
    dc.s                                     0x00000000   Number         0  dc.o ABSOLUTE
    encoder.c                                0x00000000   Number         0  encoder.o ABSOLUTE
    ir_remote.c                              0x00000000   Number         0  ir_remote_1.o ABSOLUTE
    main.c                                   0x00000000   Number         0  main.o ABSOLUTE
    misc.c                                   0x00000000   Number         0  misc.o ABSOLUTE
    spi_ssd1322.c                            0x00000000   Number         0  spi_ssd1322.o ABSOLUTE
    stm32f10x_flash.c                        0x00000000   Number         0  stm32f10x_flash.o ABSOLUTE
    system_stm32f10x.c                       0x00000000   Number         0  system_stm32f10x.o ABSOLUTE
    RESET                                    0x08000000   Section      236  startup_stm32f10x_md.o(RESET)
    !!!main                                  0x080000ec   Section        8  __main.o(!!!main)
    !!!scatter                               0x080000f4   Section       52  __scatter.o(!!!scatter)
    !!handler_copy                           0x08000128   Section       26  __scatter_copy.o(!!handler_copy)
    !!handler_zi                             0x08000144   Section       28  __scatter_zi.o(!!handler_zi)
    .ARM.Collect$$_printf_percent$$00000000  0x08000160   Section        0  _printf_percent.o(.ARM.Collect$$_printf_percent$$00000000)
    .ARM.Collect$$_printf_percent$$00000001  0x08000160   Section        6  _printf_n.o(.ARM.Collect$$_printf_percent$$00000001)
    .ARM.Collect$$_printf_percent$$00000002  0x08000166   Section        6  _printf_p.o(.ARM.Collect$$_printf_percent$$00000002)
    .ARM.Collect$$_printf_percent$$00000003  0x0800016c   Section        6  _printf_f.o(.ARM.Collect$$_printf_percent$$00000003)
    .ARM.Collect$$_printf_percent$$00000004  0x08000172   Section        6  _printf_e.o(.ARM.Collect$$_printf_percent$$00000004)
    .ARM.Collect$$_printf_percent$$00000005  0x08000178   Section        6  _printf_g.o(.ARM.Collect$$_printf_percent$$00000005)
    .ARM.Collect$$_printf_percent$$00000006  0x0800017e   Section        6  _printf_a.o(.ARM.Collect$$_printf_percent$$00000006)
    .ARM.Collect$$_printf_percent$$00000007  0x08000184   Section       10  _printf_ll.o(.ARM.Collect$$_printf_percent$$00000007)
    .ARM.Collect$$_printf_percent$$00000008  0x0800018e   Section        6  _printf_i.o(.ARM.Collect$$_printf_percent$$00000008)
    .ARM.Collect$$_printf_percent$$00000009  0x08000194   Section        6  _printf_d.o(.ARM.Collect$$_printf_percent$$00000009)
    .ARM.Collect$$_printf_percent$$0000000A  0x0800019a   Section        6  _printf_u.o(.ARM.Collect$$_printf_percent$$0000000A)
    .ARM.Collect$$_printf_percent$$0000000B  0x080001a0   Section        6  _printf_o.o(.ARM.Collect$$_printf_percent$$0000000B)
    .ARM.Collect$$_printf_percent$$0000000C  0x080001a6   Section        6  _printf_x.o(.ARM.Collect$$_printf_percent$$0000000C)
    .ARM.Collect$$_printf_percent$$0000000D  0x080001ac   Section        6  _printf_lli.o(.ARM.Collect$$_printf_percent$$0000000D)
    .ARM.Collect$$_printf_percent$$0000000E  0x080001b2   Section        6  _printf_lld.o(.ARM.Collect$$_printf_percent$$0000000E)
    .ARM.Collect$$_printf_percent$$0000000F  0x080001b8   Section        6  _printf_llu.o(.ARM.Collect$$_printf_percent$$0000000F)
    .ARM.Collect$$_printf_percent$$00000010  0x080001be   Section        6  _printf_llo.o(.ARM.Collect$$_printf_percent$$00000010)
    .ARM.Collect$$_printf_percent$$00000011  0x080001c4   Section        6  _printf_llx.o(.ARM.Collect$$_printf_percent$$00000011)
    .ARM.Collect$$_printf_percent$$00000012  0x080001ca   Section       10  _printf_l.o(.ARM.Collect$$_printf_percent$$00000012)
    .ARM.Collect$$_printf_percent$$00000013  0x080001d4   Section        6  _printf_c.o(.ARM.Collect$$_printf_percent$$00000013)
    .ARM.Collect$$_printf_percent$$00000014  0x080001da   Section        6  _printf_s.o(.ARM.Collect$$_printf_percent$$00000014)
    .ARM.Collect$$_printf_percent$$00000015  0x080001e0   Section        6  _printf_lc.o(.ARM.Collect$$_printf_percent$$00000015)
    .ARM.Collect$$_printf_percent$$00000016  0x080001e6   Section        6  _printf_ls.o(.ARM.Collect$$_printf_percent$$00000016)
    .ARM.Collect$$_printf_percent$$00000017  0x080001ec   Section        4  _printf_percent_end.o(.ARM.Collect$$_printf_percent$$00000017)
    .ARM.Collect$$libinit$$00000000          0x080001f0   Section        2  libinit.o(.ARM.Collect$$libinit$$00000000)
    .ARM.Collect$$libinit$$00000002          0x080001f2   Section        0  libinit2.o(.ARM.Collect$$libinit$$00000002)
    .ARM.Collect$$libinit$$00000004          0x080001f2   Section        0  libinit2.o(.ARM.Collect$$libinit$$00000004)
    .ARM.Collect$$libinit$$00000006          0x080001f2   Section        0  libinit2.o(.ARM.Collect$$libinit$$00000006)
    .ARM.Collect$$libinit$$0000000C          0x080001f2   Section        0  libinit2.o(.ARM.Collect$$libinit$$0000000C)
    .ARM.Collect$$libinit$$0000000E          0x080001f2   Section        0  libinit2.o(.ARM.Collect$$libinit$$0000000E)
    .ARM.Collect$$libinit$$00000010          0x080001f2   Section        0  libinit2.o(.ARM.Collect$$libinit$$00000010)
    .ARM.Collect$$libinit$$00000011          0x080001f2   Section        6  libinit2.o(.ARM.Collect$$libinit$$00000011)
    .ARM.Collect$$libinit$$00000013          0x080001f8   Section        0  libinit2.o(.ARM.Collect$$libinit$$00000013)
    .ARM.Collect$$libinit$$00000014          0x080001f8   Section       12  libinit2.o(.ARM.Collect$$libinit$$00000014)
    .ARM.Collect$$libinit$$00000015          0x08000204   Section        0  libinit2.o(.ARM.Collect$$libinit$$00000015)
    .ARM.Collect$$libinit$$00000017          0x08000204   Section        0  libinit2.o(.ARM.Collect$$libinit$$00000017)
    .ARM.Collect$$libinit$$00000018          0x08000204   Section       10  libinit2.o(.ARM.Collect$$libinit$$00000018)
    .ARM.Collect$$libinit$$00000019          0x0800020e   Section        0  libinit2.o(.ARM.Collect$$libinit$$00000019)
    .ARM.Collect$$libinit$$0000001B          0x0800020e   Section        0  libinit2.o(.ARM.Collect$$libinit$$0000001B)
    .ARM.Collect$$libinit$$0000001D          0x0800020e   Section        0  libinit2.o(.ARM.Collect$$libinit$$0000001D)
    .ARM.Collect$$libinit$$0000001F          0x0800020e   Section        0  libinit2.o(.ARM.Collect$$libinit$$0000001F)
    .ARM.Collect$$libinit$$00000021          0x0800020e   Section        0  libinit2.o(.ARM.Collect$$libinit$$00000021)
    .ARM.Collect$$libinit$$00000023          0x0800020e   Section        0  libinit2.o(.ARM.Collect$$libinit$$00000023)
    .ARM.Collect$$libinit$$00000025          0x0800020e   Section        0  libinit2.o(.ARM.Collect$$libinit$$00000025)
    .ARM.Collect$$libinit$$00000027          0x0800020e   Section        0  libinit2.o(.ARM.Collect$$libinit$$00000027)
    .ARM.Collect$$libinit$$0000002E          0x0800020e   Section        0  libinit2.o(.ARM.Collect$$libinit$$0000002E)
    .ARM.Collect$$libinit$$00000030          0x0800020e   Section        0  libinit2.o(.ARM.Collect$$libinit$$00000030)
    .ARM.Collect$$libinit$$00000032          0x0800020e   Section        0  libinit2.o(.ARM.Collect$$libinit$$00000032)
    .ARM.Collect$$libinit$$00000034          0x0800020e   Section        0  libinit2.o(.ARM.Collect$$libinit$$00000034)
    .ARM.Collect$$libinit$$00000035          0x0800020e   Section        2  libinit2.o(.ARM.Collect$$libinit$$00000035)
    .ARM.Collect$$libshutdown$$00000000      0x08000210   Section        2  libshutdown.o(.ARM.Collect$$libshutdown$$00000000)
    .ARM.Collect$$libshutdown$$00000002      0x08000212   Section        0  libshutdown2.o(.ARM.Collect$$libshutdown$$00000002)
    .ARM.Collect$$libshutdown$$00000004      0x08000212   Section        0  libshutdown2.o(.ARM.Collect$$libshutdown$$00000004)
    .ARM.Collect$$libshutdown$$00000007      0x08000212   Section        0  libshutdown2.o(.ARM.Collect$$libshutdown$$00000007)
    .ARM.Collect$$libshutdown$$0000000A      0x08000212   Section        0  libshutdown2.o(.ARM.Collect$$libshutdown$$0000000A)
    .ARM.Collect$$libshutdown$$0000000C      0x08000212   Section        0  libshutdown2.o(.ARM.Collect$$libshutdown$$0000000C)
    .ARM.Collect$$libshutdown$$0000000F      0x08000212   Section        0  libshutdown2.o(.ARM.Collect$$libshutdown$$0000000F)
    .ARM.Collect$$libshutdown$$00000010      0x08000212   Section        2  libshutdown2.o(.ARM.Collect$$libshutdown$$00000010)
    .ARM.Collect$$rtentry$$00000000          0x08000214   Section        0  __rtentry.o(.ARM.Collect$$rtentry$$00000000)
    .ARM.Collect$$rtentry$$00000002          0x08000214   Section        0  __rtentry2.o(.ARM.Collect$$rtentry$$00000002)
    .ARM.Collect$$rtentry$$00000004          0x08000214   Section        6  __rtentry4.o(.ARM.Collect$$rtentry$$00000004)
    .ARM.Collect$$rtentry$$00000009          0x0800021a   Section        0  __rtentry2.o(.ARM.Collect$$rtentry$$00000009)
    .ARM.Collect$$rtentry$$0000000A          0x0800021a   Section        4  __rtentry2.o(.ARM.Collect$$rtentry$$0000000A)
    .ARM.Collect$$rtentry$$0000000C          0x0800021e   Section        0  __rtentry2.o(.ARM.Collect$$rtentry$$0000000C)
    .ARM.Collect$$rtentry$$0000000D          0x0800021e   Section        8  __rtentry2.o(.ARM.Collect$$rtentry$$0000000D)
    .ARM.Collect$$rtexit$$00000000           0x08000226   Section        2  rtexit.o(.ARM.Collect$$rtexit$$00000000)
    .ARM.Collect$$rtexit$$00000002           0x08000228   Section        0  rtexit2.o(.ARM.Collect$$rtexit$$00000002)
    .ARM.Collect$$rtexit$$00000003           0x08000228   Section        4  rtexit2.o(.ARM.Collect$$rtexit$$00000003)
    .ARM.Collect$$rtexit$$00000004           0x0800022c   Section        6  rtexit2.o(.ARM.Collect$$rtexit$$00000004)
    .text                                    0x08000234   Section       64  startup_stm32f10x_md.o(.text)
    [Anonymous Symbol]                       0x08000274   Section        0  main.o(.text)
    NVIC_EnableIRQ                           0x08001179   Thumb Code    36  main.o(.text)
    NVIC_SetPriority                         0x0800119d   Thumb Code    68  main.o(.text)
    [Anonymous Symbol]                       0x08001878   Section        0  stm32f10x_flash.o(.text)
    [Anonymous Symbol]                       0x080022dc   Section        0  delay.o(.text)
    delta                                    0x08002351   Thumb Code    16  delay.o(.text)
    [Anonymous Symbol]                       0x080023b0   Section        0  dispport.o(.text)
    [Anonymous Symbol]                       0x08002514   Section        0  spi_ssd1322.o(.text)
    byte_to_hex                              0x08002ff9   Thumb Code    52  spi_ssd1322.o(.text)
    [Anonymous Symbol]                       0x0800302c   Section        0  system_stm32f10x.o(.text)
    SetSysClock                              0x08003095   Thumb Code     8  system_stm32f10x.o(.text)
    SetSysClockTo72                          0x080031c1   Thumb Code   290  system_stm32f10x.o(.text)
    [Anonymous Symbol]                       0x080032e4   Section        0  encoder.o(.text)
    NVIC_EnableIRQ                           0x080033d5   Thumb Code    36  encoder.o(.text)
    NVIC_SetPriority                         0x080033f9   Thumb Code    68  encoder.o(.text)
    [Anonymous Symbol]                       0x0800345c   Section        0  controlport.o(.text)
    [Anonymous Symbol]                       0x08003568   Section        0  uart_xmos.o(.text)
    NVIC_EnableIRQ                           0x080035f5   Thumb Code    36  uart_xmos.o(.text)
    NVIC_SetPriority                         0x08003619   Thumb Code    68  uart_xmos.o(.text)
    [Anonymous Symbol]                       0x08003720   Section        0  ir_remote_1.o(.text)
    .text                                    0x08003924   Section        0  sprintf.o(.text)
    .text                                    0x08003950   Section        0  heapauxi.o(.text)
    .text                                    0x08003956   Section        0  _printf_pad.o(.text)
    .text                                    0x080039a4   Section        0  _printf_truncate.o(.text)
    .text                                    0x080039c8   Section        0  _printf_str.o(.text)
    .text                                    0x08003a1c   Section        0  _printf_dec.o(.text)
    .text                                    0x08003a94   Section        0  _printf_charcount.o(.text)
    _printf_input_char                       0x08003abd   Thumb Code    10  _printf_char_common.o(.text)
    .text                                    0x08003abc   Section        0  _printf_char_common.o(.text)
    .text                                    0x08003aec   Section        0  _sputc.o(.text)
    .text                                    0x08003af8   Section        0  _printf_wctomb.o(.text)
    .text                                    0x08003bb4   Section        0  _printf_longlong_dec.o(.text)
    _printf_longlong_oct_internal            0x08003c31   Thumb Code     0  _printf_oct_int_ll.o(.text)
    .text                                    0x08003c30   Section        0  _printf_oct_int_ll.o(.text)
    _printf_hex_common                       0x08003ca1   Thumb Code     0  _printf_hex_int_ll_ptr.o(.text)
    .text                                    0x08003ca0   Section        0  _printf_hex_int_ll_ptr.o(.text)
    .text                                    0x08003d34   Section        0  __printf_flags_ss_wp.o(.text)
    .text                                    0x08003ebc   Section      138  lludiv10.o(.text)
    .text                                    0x08003f46   Section        0  _printf_intcommon.o(.text)
    _fp_digits                               0x08003ff9   Thumb Code   432  _printf_fp_dec.o(.text)
    .text                                    0x08003ff8   Section        0  _printf_fp_dec.o(.text)
    .text                                    0x08004414   Section        0  _printf_fp_hex.o(.text)
    .text                                    0x08004710   Section        0  _printf_char.o(.text)
    .text                                    0x0800473c   Section        0  _printf_wchar.o(.text)
    .text                                    0x08004768   Section        0  _c16rtomb.o(.text)
    .text                                    0x080047b0   Section       74  sys_stackheap_outer.o(.text)
    .text                                    0x080047fc   Section       16  rt_ctype_table.o(.text)
    .text                                    0x0800480c   Section        8  rt_locale_intlibspace.o(.text)
    .text                                    0x08004814   Section        0  _printf_fp_infnan.o(.text)
    .text                                    0x08004894   Section        0  bigflt0.o(.text)
    .text                                    0x08004978   Section        0  exit.o(.text)
    .text                                    0x0800498c   Section        8  libspace.o(.text)
    .text                                    0x08004994   Section      128  strcmpv7m.o(.text)
    .text                                    0x08004a14   Section        0  sys_exit.o(.text)
    .text                                    0x08004a20   Section        2  use_no_semi.o(.text)
    .text                                    0x08004a22   Section        0  indicate_semi.o(.text)
    CL$$btod_d2e                             0x08004a22   Section       62  btod.o(CL$$btod_d2e)
    CL$$btod_d2e_denorm_low                  0x08004a60   Section       70  btod.o(CL$$btod_d2e_denorm_low)
    CL$$btod_d2e_norm_op1                    0x08004aa6   Section       96  btod.o(CL$$btod_d2e_norm_op1)
    CL$$btod_div_common                      0x08004b08   Section      824  btod.o(CL$$btod_div_common)
    CL$$btod_e2e                             0x08004e40   Section      220  btod.o(CL$$btod_e2e)
    CL$$btod_ediv                            0x08004f1c   Section       42  btod.o(CL$$btod_ediv)
    CL$$btod_emul                            0x08004f46   Section       42  btod.o(CL$$btod_emul)
    CL$$btod_mult_common                     0x08004f70   Section      580  btod.o(CL$$btod_mult_common)
    i.__ARM_fpclassify                       0x080051b4   Section        0  fpclassify.o(i.__ARM_fpclassify)
    i._is_digit                              0x080051dc   Section        0  __printf_wp.o(i._is_digit)
    locale$$code                             0x080051ec   Section       44  lc_numeric_c.o(locale$$code)
    locale$$code                             0x08005218   Section       44  lc_ctype_c.o(locale$$code)
    x$fpl$printf1                            0x08005244   Section        4  printf1.o(x$fpl$printf1)
    x$fpl$printf2                            0x08005248   Section        4  printf2.o(x$fpl$printf2)
    initial_mbstate                          0x0800524c   Data           8  _printf_wctomb.o(.constdata)
    .constdata                               0x0800524c   Section        8  _printf_wctomb.o(.constdata)
    x$fpl$usenofp                            0x0800524c   Section        0  usenofp.o(x$fpl$usenofp)
    uc_hextab                                0x08005254   Data          20  _printf_hex_int_ll_ptr.o(.constdata)
    .constdata                               0x08005254   Section       40  _printf_hex_int_ll_ptr.o(.constdata)
    lc_hextab                                0x08005268   Data          20  _printf_hex_int_ll_ptr.o(.constdata)
    maptable                                 0x0800527c   Data          17  __printf_flags_ss_wp.o(.constdata)
    .constdata                               0x0800527c   Section       17  __printf_flags_ss_wp.o(.constdata)
    lc_hextab                                0x0800528d   Data          19  _printf_fp_hex.o(.constdata)
    .constdata                               0x0800528d   Section       38  _printf_fp_hex.o(.constdata)
    uc_hextab                                0x080052a0   Data          19  _printf_fp_hex.o(.constdata)
    tenpwrs_x                                0x080052b4   Data          60  bigflt0.o(.constdata)
    .constdata                               0x080052b4   Section      148  bigflt0.o(.constdata)
    tenpwrs_i                                0x080052f0   Data          64  bigflt0.o(.constdata)
    hex_chars                                0x080091f8   Data          17  spi_ssd1322.o(.rodata.hex_chars)
    [Anonymous Symbol]                       0x080091f8   Section        0  spi_ssd1322.o(.rodata.hex_chars)
    .L.str.5                                 0x08009209   Data          14  main.o(.rodata.str1.1)
    [Anonymous Symbol]                       0x08009209   Section        0  main.o(.rodata.str1.1)
    .L.str.4                                 0x08009217   Data          15  main.o(.rodata.str1.1)
    .L.str.2                                 0x08009226   Data           9  main.o(.rodata.str1.1)
    .L.str.1                                 0x0800922f   Data           9  main.o(.rodata.str1.1)
    .L.str.3                                 0x08009238   Data           9  main.o(.rodata.str1.1)
    .L.str                                   0x08009241   Data          13  main.o(.rodata.str1.1)
    .L.str.19                                0x0800924e   Data          14  main.o(.rodata.str1.1)
    .L.str.20                                0x0800925c   Data          14  main.o(.rodata.str1.1)
    .L.str.23                                0x0800926a   Data          14  main.o(.rodata.str1.1)
    .L.str.22                                0x08009278   Data          14  main.o(.rodata.str1.1)
    .L.str.21                                0x08009286   Data          14  main.o(.rodata.str1.1)
    .L.str.6                                 0x08009294   Data          14  main.o(.rodata.str1.1)
    .L.str.7                                 0x080092a2   Data          14  main.o(.rodata.str1.1)
    .L.str.17                                0x080092b0   Data          15  main.o(.rodata.str1.1)
    .L.str.9                                 0x080092bf   Data          14  main.o(.rodata.str1.1)
    .L.str.12                                0x080092cd   Data          14  main.o(.rodata.str1.1)
    .L.str.11                                0x080092db   Data          14  main.o(.rodata.str1.1)
    .L.str.14                                0x080092e9   Data          14  main.o(.rodata.str1.1)
    .L.str.15                                0x080092f7   Data          14  main.o(.rodata.str1.1)
    .L.str.18                                0x08009305   Data          15  main.o(.rodata.str1.1)
    .L.str.10                                0x08009314   Data          14  main.o(.rodata.str1.1)
    .L.str.13                                0x08009322   Data          14  main.o(.rodata.str1.1)
    .L.str.8                                 0x08009330   Data          14  main.o(.rodata.str1.1)
    .L.str.16                                0x0800933e   Data          14  main.o(.rodata.str1.1)
    locale$$data                             0x0800936c   Section       28  lc_numeric_c.o(locale$$data)
    __lcnum_c_name                           0x08009370   Data           2  lc_numeric_c.o(locale$$data)
    __lcnum_c_start                          0x08009378   Data           0  lc_numeric_c.o(locale$$data)
    __lcnum_c_point                          0x08009384   Data           0  lc_numeric_c.o(locale$$data)
    __lcnum_c_thousands                      0x08009386   Data           0  lc_numeric_c.o(locale$$data)
    __lcnum_c_grouping                       0x08009387   Data           0  lc_numeric_c.o(locale$$data)
    __lcnum_c_end                            0x08009388   Data           0  lc_numeric_c.o(locale$$data)
    locale$$data                             0x08009388   Section      272  lc_ctype_c.o(locale$$data)
    __lcctype_c_name                         0x0800938c   Data           2  lc_ctype_c.o(locale$$data)
    __lcctype_c_start                        0x08009394   Data           0  lc_ctype_c.o(locale$$data)
    __lcctype_c_end                          0x08009498   Data           0  lc_ctype_c.o(locale$$data)
    Process_Encoder_Rotation.input           0x20000000   Data           1  main.o(.data.Process_Encoder_Rotation.input)
    [Anonymous Symbol]                       0x20000000   Section        0  main.o(.data.Process_Encoder_Rotation.input)
    Process_Encoder_Rotation.vol             0x20000001   Data           1  main.o(.data.Process_Encoder_Rotation.vol)
    [Anonymous Symbol]                       0x20000001   Section        0  main.o(.data.Process_Encoder_Rotation.vol)
    .bss                                     0x20000018   Section       96  libspace.o(.bss)
    Process_Encoder_Rotation.filter          0x20000078   Data           1  main.o(.bss.Process_Encoder_Rotation.filter)
    [Anonymous Symbol]                       0x20000078   Section        0  main.o(.bss.Process_Encoder_Rotation.filter)
    buffer_index                             0x2000007a   Data           1  uart_xmos.o(.bss.buffer_index)
    [Anonymous Symbol]                       0x2000007a   Section        0  uart_xmos.o(.bss.buffer_index)
    Heap_Mem                                 0x200010b8   Data        2048  startup_stm32f10x_md.o(HEAP)
    HEAP                                     0x200010b8   Section     2048  startup_stm32f10x_md.o(HEAP)
    Stack_Mem                                0x200018b8   Data        2048  startup_stm32f10x_md.o(STACK)
    STACK                                    0x200018b8   Section     2048  startup_stm32f10x_md.o(STACK)
    __initial_sp                             0x200020b8   Data           0  startup_stm32f10x_md.o(STACK)

    Global Symbols

    Symbol Name                              Value     Ov Type        Size  Object(Section)

    BuildAttributes$$THM_ISAv4$P$D$K$B$S$PE$A:L22UL41UL21$X:L11$S22US41US21$IEEE1$IW$~IW$USESV6$~STKCKD$USESV7$~SHL$OTIME$ROPI$IEEEJ$EBA8$UX$STANDARDLIB$REQ8$PRES8$EABIv2 0x00000000   Number         0  anon$$obj.o ABSOLUTE
    __fp_init_empty                          0x00000000   Number         0  fpinit_empty.o ABSOLUTE
    _printf_flags                            0x00000000   Number         0  printf_stubs.o ABSOLUTE
    _printf_return_value                     0x00000000   Number         0  printf_stubs.o ABSOLUTE
    _printf_sizespec                         0x00000000   Number         0  printf_stubs.o ABSOLUTE
    _printf_widthprec                        0x00000000   Number         0  printf_stubs.o ABSOLUTE
    __ARM_exceptions_init                     - Undefined Weak Reference
    __alloca_initialize                       - Undefined Weak Reference
    __arm_preinit_                            - Undefined Weak Reference
    __arm_relocate_pie_                       - Undefined Weak Reference
    __cpp_initialize__aeabi_                  - Undefined Weak Reference
    __cxa_finalize                            - Undefined Weak Reference
    __sigvec_lookup                           - Undefined Weak Reference
    _atexit_init                              - Undefined Weak Reference
    _call_atexit_fns                          - Undefined Weak Reference
    _clock_init                               - Undefined Weak Reference
    _fp_trap_init                             - Undefined Weak Reference
    _fp_trap_shutdown                         - Undefined Weak Reference
    _get_lc_collate                           - Undefined Weak Reference
    _get_lc_monetary                          - Undefined Weak Reference
    _get_lc_time                              - Undefined Weak Reference
    _getenv_init                              - Undefined Weak Reference
    _handle_redirection                       - Undefined Weak Reference
    _init_alloc                               - Undefined Weak Reference
    _init_user_alloc                          - Undefined Weak Reference
    _initio                                   - Undefined Weak Reference
    _printf_mbtowc                            - Undefined Weak Reference
    _printf_wc                                - Undefined Weak Reference
    _rand_init                                - Undefined Weak Reference
    _signal_finish                            - Undefined Weak Reference
    _signal_init                              - Undefined Weak Reference
    _terminate_alloc                          - Undefined Weak Reference
    _terminate_user_alloc                     - Undefined Weak Reference
    _terminateio                              - Undefined Weak Reference
    __Vectors_Size                           0x000000ec   Number         0  startup_stm32f10x_md.o ABSOLUTE
    __Vectors                                0x08000000   Data           4  startup_stm32f10x_md.o(RESET)
    __Vectors_End                            0x080000ec   Data           0  startup_stm32f10x_md.o(RESET)
    __main                                   0x080000ed   Thumb Code     8  __main.o(!!!main)
    __scatterload                            0x080000f5   Thumb Code     0  __scatter.o(!!!scatter)
    __scatterload_rt2                        0x080000f5   Thumb Code    44  __scatter.o(!!!scatter)
    __scatterload_rt2_thumb_only             0x080000f5   Thumb Code     0  __scatter.o(!!!scatter)
    __scatterload_null                       0x08000103   Thumb Code     0  __scatter.o(!!!scatter)
    __scatterload_copy                       0x08000129   Thumb Code    26  __scatter_copy.o(!!handler_copy)
    __scatterload_zeroinit                   0x08000145   Thumb Code    28  __scatter_zi.o(!!handler_zi)
    _printf_n                                0x08000161   Thumb Code     0  _printf_n.o(.ARM.Collect$$_printf_percent$$00000001)
    _printf_percent                          0x08000161   Thumb Code     0  _printf_percent.o(.ARM.Collect$$_printf_percent$$00000000)
    _printf_p                                0x08000167   Thumb Code     0  _printf_p.o(.ARM.Collect$$_printf_percent$$00000002)
    _printf_f                                0x0800016d   Thumb Code     0  _printf_f.o(.ARM.Collect$$_printf_percent$$00000003)
    _printf_e                                0x08000173   Thumb Code     0  _printf_e.o(.ARM.Collect$$_printf_percent$$00000004)
    _printf_g                                0x08000179   Thumb Code     0  _printf_g.o(.ARM.Collect$$_printf_percent$$00000005)
    _printf_a                                0x0800017f   Thumb Code     0  _printf_a.o(.ARM.Collect$$_printf_percent$$00000006)
    _printf_ll                               0x08000185   Thumb Code     0  _printf_ll.o(.ARM.Collect$$_printf_percent$$00000007)
    _printf_i                                0x0800018f   Thumb Code     0  _printf_i.o(.ARM.Collect$$_printf_percent$$00000008)
    _printf_d                                0x08000195   Thumb Code     0  _printf_d.o(.ARM.Collect$$_printf_percent$$00000009)
    _printf_u                                0x0800019b   Thumb Code     0  _printf_u.o(.ARM.Collect$$_printf_percent$$0000000A)
    _printf_o                                0x080001a1   Thumb Code     0  _printf_o.o(.ARM.Collect$$_printf_percent$$0000000B)
    _printf_x                                0x080001a7   Thumb Code     0  _printf_x.o(.ARM.Collect$$_printf_percent$$0000000C)
    _printf_lli                              0x080001ad   Thumb Code     0  _printf_lli.o(.ARM.Collect$$_printf_percent$$0000000D)
    _printf_lld                              0x080001b3   Thumb Code     0  _printf_lld.o(.ARM.Collect$$_printf_percent$$0000000E)
    _printf_llu                              0x080001b9   Thumb Code     0  _printf_llu.o(.ARM.Collect$$_printf_percent$$0000000F)
    _printf_llo                              0x080001bf   Thumb Code     0  _printf_llo.o(.ARM.Collect$$_printf_percent$$00000010)
    _printf_llx                              0x080001c5   Thumb Code     0  _printf_llx.o(.ARM.Collect$$_printf_percent$$00000011)
    _printf_l                                0x080001cb   Thumb Code     0  _printf_l.o(.ARM.Collect$$_printf_percent$$00000012)
    _printf_c                                0x080001d5   Thumb Code     0  _printf_c.o(.ARM.Collect$$_printf_percent$$00000013)
    _printf_s                                0x080001db   Thumb Code     0  _printf_s.o(.ARM.Collect$$_printf_percent$$00000014)
    _printf_lc                               0x080001e1   Thumb Code     0  _printf_lc.o(.ARM.Collect$$_printf_percent$$00000015)
    _printf_ls                               0x080001e7   Thumb Code     0  _printf_ls.o(.ARM.Collect$$_printf_percent$$00000016)
    _printf_percent_end                      0x080001ed   Thumb Code     0  _printf_percent_end.o(.ARM.Collect$$_printf_percent$$00000017)
    __rt_lib_init                            0x080001f1   Thumb Code     0  libinit.o(.ARM.Collect$$libinit$$00000000)
    __rt_lib_init_fp_1                       0x080001f3   Thumb Code     0  libinit2.o(.ARM.Collect$$libinit$$00000002)
    __rt_lib_init_heap_1                     0x080001f3   Thumb Code     0  libinit2.o(.ARM.Collect$$libinit$$0000000C)
    __rt_lib_init_lc_common                  0x080001f3   Thumb Code     0  libinit2.o(.ARM.Collect$$libinit$$00000011)
    __rt_lib_init_preinit_1                  0x080001f3   Thumb Code     0  libinit2.o(.ARM.Collect$$libinit$$00000006)
    __rt_lib_init_rand_1                     0x080001f3   Thumb Code     0  libinit2.o(.ARM.Collect$$libinit$$00000010)
    __rt_lib_init_relocate_pie_1             0x080001f3   Thumb Code     0  libinit2.o(.ARM.Collect$$libinit$$00000004)
    __rt_lib_init_user_alloc_1               0x080001f3   Thumb Code     0  libinit2.o(.ARM.Collect$$libinit$$0000000E)
    __rt_lib_init_lc_collate_1               0x080001f9   Thumb Code     0  libinit2.o(.ARM.Collect$$libinit$$00000013)
    __rt_lib_init_lc_ctype_2                 0x080001f9   Thumb Code     0  libinit2.o(.ARM.Collect$$libinit$$00000014)
    __rt_lib_init_lc_ctype_1                 0x08000205   Thumb Code     0  libinit2.o(.ARM.Collect$$libinit$$00000015)
    __rt_lib_init_lc_monetary_1              0x08000205   Thumb Code     0  libinit2.o(.ARM.Collect$$libinit$$00000017)
    __rt_lib_init_lc_numeric_2               0x08000205   Thumb Code     0  libinit2.o(.ARM.Collect$$libinit$$00000018)
    __rt_lib_init_alloca_1                   0x0800020f   Thumb Code     0  libinit2.o(.ARM.Collect$$libinit$$00000030)
    __rt_lib_init_argv_1                     0x0800020f   Thumb Code     0  libinit2.o(.ARM.Collect$$libinit$$0000002E)
    __rt_lib_init_atexit_1                   0x0800020f   Thumb Code     0  libinit2.o(.ARM.Collect$$libinit$$0000001D)
    __rt_lib_init_clock_1                    0x0800020f   Thumb Code     0  libinit2.o(.ARM.Collect$$libinit$$00000023)
    __rt_lib_init_cpp_1                      0x0800020f   Thumb Code     0  libinit2.o(.ARM.Collect$$libinit$$00000034)
    __rt_lib_init_exceptions_1               0x0800020f   Thumb Code     0  libinit2.o(.ARM.Collect$$libinit$$00000032)
    __rt_lib_init_fp_trap_1                  0x0800020f   Thumb Code     0  libinit2.o(.ARM.Collect$$libinit$$00000021)
    __rt_lib_init_getenv_1                   0x0800020f   Thumb Code     0  libinit2.o(.ARM.Collect$$libinit$$00000025)
    __rt_lib_init_lc_numeric_1               0x0800020f   Thumb Code     0  libinit2.o(.ARM.Collect$$libinit$$00000019)
    __rt_lib_init_lc_time_1                  0x0800020f   Thumb Code     0  libinit2.o(.ARM.Collect$$libinit$$0000001B)
    __rt_lib_init_return                     0x0800020f   Thumb Code     0  libinit2.o(.ARM.Collect$$libinit$$00000035)
    __rt_lib_init_signal_1                   0x0800020f   Thumb Code     0  libinit2.o(.ARM.Collect$$libinit$$0000001F)
    __rt_lib_init_stdio_1                    0x0800020f   Thumb Code     0  libinit2.o(.ARM.Collect$$libinit$$00000027)
    __rt_lib_shutdown                        0x08000211   Thumb Code     0  libshutdown.o(.ARM.Collect$$libshutdown$$00000000)
    __rt_lib_shutdown_cpp_1                  0x08000213   Thumb Code     0  libshutdown2.o(.ARM.Collect$$libshutdown$$00000002)
    __rt_lib_shutdown_fp_trap_1              0x08000213   Thumb Code     0  libshutdown2.o(.ARM.Collect$$libshutdown$$00000007)
    __rt_lib_shutdown_heap_1                 0x08000213   Thumb Code     0  libshutdown2.o(.ARM.Collect$$libshutdown$$0000000F)
    __rt_lib_shutdown_return                 0x08000213   Thumb Code     0  libshutdown2.o(.ARM.Collect$$libshutdown$$00000010)
    __rt_lib_shutdown_signal_1               0x08000213   Thumb Code     0  libshutdown2.o(.ARM.Collect$$libshutdown$$0000000A)
    __rt_lib_shutdown_stdio_1                0x08000213   Thumb Code     0  libshutdown2.o(.ARM.Collect$$libshutdown$$00000004)
    __rt_lib_shutdown_user_alloc_1           0x08000213   Thumb Code     0  libshutdown2.o(.ARM.Collect$$libshutdown$$0000000C)
    __rt_entry                               0x08000215   Thumb Code     0  __rtentry.o(.ARM.Collect$$rtentry$$00000000)
    __rt_entry_presh_1                       0x08000215   Thumb Code     0  __rtentry2.o(.ARM.Collect$$rtentry$$00000002)
    __rt_entry_sh                            0x08000215   Thumb Code     0  __rtentry4.o(.ARM.Collect$$rtentry$$00000004)
    __rt_entry_li                            0x0800021b   Thumb Code     0  __rtentry2.o(.ARM.Collect$$rtentry$$0000000A)
    __rt_entry_postsh_1                      0x0800021b   Thumb Code     0  __rtentry2.o(.ARM.Collect$$rtentry$$00000009)
    __rt_entry_main                          0x0800021f   Thumb Code     0  __rtentry2.o(.ARM.Collect$$rtentry$$0000000D)
    __rt_entry_postli_1                      0x0800021f   Thumb Code     0  __rtentry2.o(.ARM.Collect$$rtentry$$0000000C)
    __rt_exit                                0x08000227   Thumb Code     0  rtexit.o(.ARM.Collect$$rtexit$$00000000)
    __rt_exit_ls                             0x08000229   Thumb Code     0  rtexit2.o(.ARM.Collect$$rtexit$$00000003)
    __rt_exit_prels_1                        0x08000229   Thumb Code     0  rtexit2.o(.ARM.Collect$$rtexit$$00000002)
    __rt_exit_exit                           0x0800022d   Thumb Code     0  rtexit2.o(.ARM.Collect$$rtexit$$00000004)
    Reset_Handler                            0x08000235   Thumb Code     8  startup_stm32f10x_md.o(.text)
    NMI_Handler                              0x0800023d   Thumb Code     2  startup_stm32f10x_md.o(.text)
    HardFault_Handler                        0x0800023f   Thumb Code     2  startup_stm32f10x_md.o(.text)
    MemManage_Handler                        0x08000241   Thumb Code     2  startup_stm32f10x_md.o(.text)
    BusFault_Handler                         0x08000243   Thumb Code     2  startup_stm32f10x_md.o(.text)
    UsageFault_Handler                       0x08000245   Thumb Code     2  startup_stm32f10x_md.o(.text)
    SVC_Handler                              0x08000247   Thumb Code     2  startup_stm32f10x_md.o(.text)
    DebugMon_Handler                         0x08000249   Thumb Code     2  startup_stm32f10x_md.o(.text)
    PendSV_Handler                           0x0800024b   Thumb Code     2  startup_stm32f10x_md.o(.text)
    SysTick_Handler                          0x0800024d   Thumb Code     2  startup_stm32f10x_md.o(.text)
    ADC1_2_IRQHandler                        0x0800024f   Thumb Code     0  startup_stm32f10x_md.o(.text)
    CAN1_RX1_IRQHandler                      0x0800024f   Thumb Code     0  startup_stm32f10x_md.o(.text)
    CAN1_SCE_IRQHandler                      0x0800024f   Thumb Code     0  startup_stm32f10x_md.o(.text)
    DMA1_Channel1_IRQHandler                 0x0800024f   Thumb Code     0  startup_stm32f10x_md.o(.text)
    DMA1_Channel2_IRQHandler                 0x0800024f   Thumb Code     0  startup_stm32f10x_md.o(.text)
    DMA1_Channel3_IRQHandler                 0x0800024f   Thumb Code     0  startup_stm32f10x_md.o(.text)
    DMA1_Channel4_IRQHandler                 0x0800024f   Thumb Code     0  startup_stm32f10x_md.o(.text)
    DMA1_Channel5_IRQHandler                 0x0800024f   Thumb Code     0  startup_stm32f10x_md.o(.text)
    DMA1_Channel6_IRQHandler                 0x0800024f   Thumb Code     0  startup_stm32f10x_md.o(.text)
    DMA1_Channel7_IRQHandler                 0x0800024f   Thumb Code     0  startup_stm32f10x_md.o(.text)
    EXTI0_IRQHandler                         0x0800024f   Thumb Code     0  startup_stm32f10x_md.o(.text)
    EXTI15_10_IRQHandler                     0x0800024f   Thumb Code     0  startup_stm32f10x_md.o(.text)
    EXTI1_IRQHandler                         0x0800024f   Thumb Code     0  startup_stm32f10x_md.o(.text)
    EXTI2_IRQHandler                         0x0800024f   Thumb Code     0  startup_stm32f10x_md.o(.text)
    EXTI3_IRQHandler                         0x0800024f   Thumb Code     0  startup_stm32f10x_md.o(.text)
    EXTI4_IRQHandler                         0x0800024f   Thumb Code     0  startup_stm32f10x_md.o(.text)
    FLASH_IRQHandler                         0x0800024f   Thumb Code     0  startup_stm32f10x_md.o(.text)
    I2C1_ER_IRQHandler                       0x0800024f   Thumb Code     0  startup_stm32f10x_md.o(.text)
    I2C1_EV_IRQHandler                       0x0800024f   Thumb Code     0  startup_stm32f10x_md.o(.text)
    I2C2_ER_IRQHandler                       0x0800024f   Thumb Code     0  startup_stm32f10x_md.o(.text)
    I2C2_EV_IRQHandler                       0x0800024f   Thumb Code     0  startup_stm32f10x_md.o(.text)
    PVD_IRQHandler                           0x0800024f   Thumb Code     0  startup_stm32f10x_md.o(.text)
    RCC_IRQHandler                           0x0800024f   Thumb Code     0  startup_stm32f10x_md.o(.text)
    RTCAlarm_IRQHandler                      0x0800024f   Thumb Code     0  startup_stm32f10x_md.o(.text)
    RTC_IRQHandler                           0x0800024f   Thumb Code     0  startup_stm32f10x_md.o(.text)
    SPI1_IRQHandler                          0x0800024f   Thumb Code     0  startup_stm32f10x_md.o(.text)
    SPI2_IRQHandler                          0x0800024f   Thumb Code     0  startup_stm32f10x_md.o(.text)
    TAMPER_IRQHandler                        0x0800024f   Thumb Code     0  startup_stm32f10x_md.o(.text)
    TIM1_BRK_IRQHandler                      0x0800024f   Thumb Code     0  startup_stm32f10x_md.o(.text)
    TIM1_CC_IRQHandler                       0x0800024f   Thumb Code     0  startup_stm32f10x_md.o(.text)
    TIM1_TRG_COM_IRQHandler                  0x0800024f   Thumb Code     0  startup_stm32f10x_md.o(.text)
    TIM1_UP_IRQHandler                       0x0800024f   Thumb Code     0  startup_stm32f10x_md.o(.text)
    TIM3_IRQHandler                          0x0800024f   Thumb Code     0  startup_stm32f10x_md.o(.text)
    USART2_IRQHandler                        0x0800024f   Thumb Code     0  startup_stm32f10x_md.o(.text)
    USART3_IRQHandler                        0x0800024f   Thumb Code     0  startup_stm32f10x_md.o(.text)
    USBWakeUp_IRQHandler                     0x0800024f   Thumb Code     0  startup_stm32f10x_md.o(.text)
    USB_HP_CAN1_TX_IRQHandler                0x0800024f   Thumb Code     0  startup_stm32f10x_md.o(.text)
    USB_LP_CAN1_RX0_IRQHandler               0x0800024f   Thumb Code     0  startup_stm32f10x_md.o(.text)
    WWDG_IRQHandler                          0x0800024f   Thumb Code     0  startup_stm32f10x_md.o(.text)
    __user_initial_stackheap                 0x08000251   Thumb Code     0  startup_stm32f10x_md.o(.text)
    FLASH_ReadSettings                       0x08000275   Thumb Code    78  main.o(.text)
    FLASH_WriteSettings                      0x080002c5   Thumb Code    94  main.o(.text)
    I2C2_Init                                0x08000325   Thumb Code   146  main.o(.text)
    I2C2_WriteByte                           0x080003b9   Thumb Code   150  main.o(.text)
    Update_Bottom_Line                       0x08000451   Thumb Code   226  main.o(.text)
    Process_Encoder_Rotation                 0x08000535   Thumb Code   326  main.o(.text)
    ProcessButtonPress                       0x0800067d   Thumb Code   478  main.o(.text)
    EXTI9_5_IRQHandler                       0x0800085d   Thumb Code   116  main.o(.text)
    TIM4_IRQHandler                          0x080008d1   Thumb Code   288  main.o(.text)
    TIM2_IRQHandler                          0x080009f1   Thumb Code   764  main.o(.text)
    ESS9028_WriteReg                         0x08000ced   Thumb Code   212  main.o(.text)
    ESS9028_SetFilter                        0x08000dc1   Thumb Code    66  main.o(.text)
    ESS9028_SetInput                         0x08000e05   Thumb Code   106  main.o(.text)
    Set_Volume_And_Balance                   0x08000e71   Thumb Code   192  main.o(.text)
    MUTED_LCD                                0x08000f31   Thumb Code    60  main.o(.text)
    SSD1322_DrawAleksFull                    0x08000f6d   Thumb Code   302  main.o(.text)
    IR_Init                                  0x0800109d   Thumb Code   218  main.o(.text)
    main                                     0x080011e1   Thumb Code  1262  main.o(.text)
    Process_XMOS_Signal                      0x080016d1   Thumb Code   422  main.o(.text)
    FLASH_SetLatency                         0x08001879   Thumb Code    44  stm32f10x_flash.o(.text)
    FLASH_HalfCycleAccessCmd                 0x080018a5   Thumb Code    32  stm32f10x_flash.o(.text)
    FLASH_PrefetchBufferCmd                  0x080018c5   Thumb Code    32  stm32f10x_flash.o(.text)
    FLASH_Unlock                             0x080018e5   Thumb Code    30  stm32f10x_flash.o(.text)
    FLASH_UnlockBank1                        0x08001905   Thumb Code    30  stm32f10x_flash.o(.text)
    FLASH_Lock                               0x08001925   Thumb Code    18  stm32f10x_flash.o(.text)
    FLASH_LockBank1                          0x08001939   Thumb Code    18  stm32f10x_flash.o(.text)
    FLASH_ErasePage                          0x0800194d   Thumb Code   106  stm32f10x_flash.o(.text)
    FLASH_WaitForLastOperation               0x080019b9   Thumb Code    94  stm32f10x_flash.o(.text)
    FLASH_EraseAllPages                      0x08001a19   Thumb Code    92  stm32f10x_flash.o(.text)
    FLASH_EraseAllBank1Pages                 0x08001a75   Thumb Code    92  stm32f10x_flash.o(.text)
    FLASH_WaitForLastBank1Operation          0x08001ad1   Thumb Code    94  stm32f10x_flash.o(.text)
    FLASH_EraseOptionBytes                   0x08001b31   Thumb Code   254  stm32f10x_flash.o(.text)
    FLASH_GetReadOutProtectionStatus         0x08001c31   Thumb Code    50  stm32f10x_flash.o(.text)
    FLASH_ProgramWord                        0x08001c65   Thumb Code   160  stm32f10x_flash.o(.text)
    FLASH_ProgramHalfWord                    0x08001d05   Thumb Code    98  stm32f10x_flash.o(.text)
    FLASH_ProgramOptionByteData              0x08001d69   Thumb Code   142  stm32f10x_flash.o(.text)
    FLASH_EnableWriteProtection              0x08001df9   Thumb Code   360  stm32f10x_flash.o(.text)
    FLASH_ReadOutProtection                  0x08001f61   Thumb Code   258  stm32f10x_flash.o(.text)
    FLASH_UserOptionByteConfig               0x08002065   Thumb Code   170  stm32f10x_flash.o(.text)
    FLASH_GetUserOptionByte                  0x08002111   Thumb Code    14  stm32f10x_flash.o(.text)
    FLASH_GetWriteProtectionOptionByte       0x08002121   Thumb Code    12  stm32f10x_flash.o(.text)
    FLASH_GetPrefetchBufferStatus            0x0800212d   Thumb Code    50  stm32f10x_flash.o(.text)
    FLASH_ITConfig                           0x08002161   Thumb Code    56  stm32f10x_flash.o(.text)
    FLASH_GetFlagStatus                      0x08002199   Thumb Code    96  stm32f10x_flash.o(.text)
    FLASH_ClearFlag                          0x080021f9   Thumb Code    20  stm32f10x_flash.o(.text)
    FLASH_GetStatus                          0x0800220d   Thumb Code   104  stm32f10x_flash.o(.text)
    FLASH_GetBank1Status                     0x08002275   Thumb Code   104  stm32f10x_flash.o(.text)
    DWT_Init                                 0x080022dd   Thumb Code    34  delay.o(.text)
    delay_us                                 0x08002301   Thumb Code    80  delay.o(.text)
    delay_ms                                 0x08002361   Thumb Code    80  delay.o(.text)
    DAC_port_Init                            0x080023b1   Thumb Code   158  dispport.o(.text)
    MUTE_State                               0x08002451   Thumb Code    34  dispport.o(.text)
    DSD_State                                0x08002475   Thumb Code    16  dispport.o(.text)
    F0_State                                 0x08002485   Thumb Code    16  dispport.o(.text)
    F1_State                                 0x08002495   Thumb Code    16  dispport.o(.text)
    F2_State                                 0x080024a5   Thumb Code    16  dispport.o(.text)
    F3_State                                 0x080024b5   Thumb Code    16  dispport.o(.text)
    Stream_ID                                0x080024c5   Thumb Code    12  dispport.o(.text)
    Connect_DAC                              0x080024d1   Thumb Code    30  dispport.o(.text)
    Master_Slave_Sel                         0x080024f1   Thumb Code    34  dispport.o(.text)
    SPI4W_Init                               0x08002515   Thumb Code   196  spi_ssd1322.o(.text)
    Spi_Write_Data                           0x080025d9   Thumb Code    76  spi_ssd1322.o(.text)
    SSD1322_DataWrite                        0x08002625   Thumb Code    20  spi_ssd1322.o(.text)
    SSD1322_CommandWrite                     0x08002639   Thumb Code    42  spi_ssd1322.o(.text)
    SSD1322_CmdDataWrite                     0x08002665   Thumb Code    32  spi_ssd1322.o(.text)
    SSD1322_Reset                            0x08002685   Thumb Code    36  spi_ssd1322.o(.text)
    SSD1322_Init                             0x080026a9   Thumb Code   206  spi_ssd1322.o(.text)
    SSD1322_ClearRAM                         0x08002779   Thumb Code   106  spi_ssd1322.o(.text)
    SSD1322_SetRowAddress                    0x080027e5   Thumb Code    44  spi_ssd1322.o(.text)
    SSD1322_SetColumnAddress                 0x08002811   Thumb Code    48  spi_ssd1322.o(.text)
    SSD1322_Data_processing                  0x08002841   Thumb Code   370  spi_ssd1322.o(.text)
    SSD1322_DrawSingleAscii                  0x080029b5   Thumb Code   246  spi_ssd1322.o(.text)
    SSD1322_DrawString                       0x08002aad   Thumb Code   116  spi_ssd1322.o(.text)
    SSD1322_DrawSmallChar                    0x08002b21   Thumb Code   162  spi_ssd1322.o(.text)
    SSD1322_DrawSmallString                  0x08002bc5   Thumb Code    62  spi_ssd1322.o(.text)
    SSD1322_DrawCharBuffer                   0x08002c05   Thumb Code   170  spi_ssd1322.o(.text)
    SSD1322_DrawPixel                        0x08002cb1   Thumb Code   126  spi_ssd1322.o(.text)
    SSD1322_DrawStringBuffer                 0x08002d31   Thumb Code    62  spi_ssd1322.o(.text)
    SSD1322_ClearBuffer                      0x08002d71   Thumb Code    46  spi_ssd1322.o(.text)
    SSD1322_Update                           0x08002da1   Thumb Code   104  spi_ssd1322.o(.text)
    SSD1322_FillPattern                      0x08002e09   Thumb Code    52  spi_ssd1322.o(.text)
    SSD1322_Display_Picture                  0x08002e3d   Thumb Code    94  spi_ssd1322.o(.text)
    Gray_test                                0x08002e9d   Thumb Code   230  spi_ssd1322.o(.text)
    DebugUartHex                             0x08002f85   Thumb Code   114  spi_ssd1322.o(.text)
    SystemInit                               0x0800302d   Thumb Code   102  system_stm32f10x.o(.text)
    SystemCoreClockUpdate                    0x0800309d   Thumb Code   290  system_stm32f10x.o(.text)
    Encoder_Init                             0x080032e5   Thumb Code   238  encoder.o(.text)
    Encoder_read                             0x0800343d   Thumb Code    10  encoder.o(.text)
    Encoder_direction                        0x08003449   Thumb Code    18  encoder.o(.text)
    Control_port_Init                        0x0800345d   Thumb Code   106  controlport.o(.text)
    MASTER_DAC                               0x080034c9   Thumb Code    30  controlport.o(.text)
    DSD_DAC                                  0x080034e9   Thumb Code    30  controlport.o(.text)
    MCLK_DAC                                 0x08003509   Thumb Code    30  controlport.o(.text)
    SLOW_BIT_DAC                             0x08003529   Thumb Code    30  controlport.o(.text)
    SD_BIT_DAC                               0x08003549   Thumb Code    30  controlport.o(.text)
    UART_Init                                0x08003569   Thumb Code   138  uart_xmos.o(.text)
    UART_ReadByte                            0x0800365d   Thumb Code    60  uart_xmos.o(.text)
    UART_XMOS_GetSignal                      0x08003699   Thumb Code    12  uart_xmos.o(.text)
    USART1_IRQHandler                        0x080036a5   Thumb Code   122  uart_xmos.o(.text)
    IR_Process_Bit                           0x08003721   Thumb Code   418  ir_remote_1.o(.text)
    IR_GetPacket                             0x080038c5   Thumb Code    94  ir_remote_1.o(.text)
    sprintf                                  0x08003925   Thumb Code    38  sprintf.o(.text)
    __use_two_region_memory                  0x08003951   Thumb Code     2  heapauxi.o(.text)
    __rt_heap_escrow$2region                 0x08003953   Thumb Code     2  heapauxi.o(.text)
    __rt_heap_expand$2region                 0x08003955   Thumb Code     2  heapauxi.o(.text)
    _printf_pre_padding                      0x08003957   Thumb Code    44  _printf_pad.o(.text)
    _printf_post_padding                     0x08003983   Thumb Code    34  _printf_pad.o(.text)
    _printf_truncate_signed                  0x080039a5   Thumb Code    18  _printf_truncate.o(.text)
    _printf_truncate_unsigned                0x080039b7   Thumb Code    18  _printf_truncate.o(.text)
    _printf_str                              0x080039c9   Thumb Code    82  _printf_str.o(.text)
    _printf_int_dec                          0x08003a1d   Thumb Code   104  _printf_dec.o(.text)
    _printf_charcount                        0x08003a95   Thumb Code    40  _printf_charcount.o(.text)
    _printf_char_common                      0x08003ac7   Thumb Code    32  _printf_char_common.o(.text)
    _sputc                                   0x08003aed   Thumb Code    10  _sputc.o(.text)
    _printf_wctomb                           0x08003af9   Thumb Code   182  _printf_wctomb.o(.text)
    _printf_longlong_dec                     0x08003bb5   Thumb Code   108  _printf_longlong_dec.o(.text)
    _printf_longlong_oct                     0x08003c31   Thumb Code    68  _printf_oct_int_ll.o(.text)
    _printf_int_oct                          0x08003c75   Thumb Code    24  _printf_oct_int_ll.o(.text)
    _printf_ll_oct                           0x08003c8d   Thumb Code    12  _printf_oct_int_ll.o(.text)
    _printf_longlong_hex                     0x08003ca1   Thumb Code    86  _printf_hex_int_ll_ptr.o(.text)
    _printf_int_hex                          0x08003cf7   Thumb Code    28  _printf_hex_int_ll_ptr.o(.text)
    _printf_ll_hex                           0x08003d13   Thumb Code    12  _printf_hex_int_ll_ptr.o(.text)
    _printf_hex_ptr                          0x08003d1f   Thumb Code    18  _printf_hex_int_ll_ptr.o(.text)
    __printf                                 0x08003d35   Thumb Code   388  __printf_flags_ss_wp.o(.text)
    _ll_udiv10                               0x08003ebd   Thumb Code   138  lludiv10.o(.text)
    _printf_int_common                       0x08003f47   Thumb Code   178  _printf_intcommon.o(.text)
    _printf_fp_dec_real                      0x080041a9   Thumb Code   620  _printf_fp_dec.o(.text)
    _printf_fp_hex_real                      0x08004415   Thumb Code   756  _printf_fp_hex.o(.text)
    _printf_cs_common                        0x08004711   Thumb Code    20  _printf_char.o(.text)
    _printf_char                             0x08004725   Thumb Code    16  _printf_char.o(.text)
    _printf_string                           0x08004735   Thumb Code     8  _printf_char.o(.text)
    _printf_lcs_common                       0x0800473d   Thumb Code    20  _printf_wchar.o(.text)
    _printf_wchar                            0x08004751   Thumb Code    16  _printf_wchar.o(.text)
    _printf_wstring                          0x08004761   Thumb Code     8  _printf_wchar.o(.text)
    _c16rtomb                                0x08004769   Thumb Code    72  _c16rtomb.o(.text)
    _wcrtomb                                 0x08004769   Thumb Code     0  _c16rtomb.o(.text)
    __user_setup_stackheap                   0x080047b1   Thumb Code    74  sys_stackheap_outer.o(.text)
    __rt_ctype_table                         0x080047fd   Thumb Code    16  rt_ctype_table.o(.text)
    __rt_locale                              0x0800480d   Thumb Code     8  rt_locale_intlibspace.o(.text)
    _printf_fp_infnan                        0x08004815   Thumb Code   112  _printf_fp_infnan.o(.text)
    _btod_etento                             0x08004895   Thumb Code   224  bigflt0.o(.text)
    exit                                     0x08004979   Thumb Code    18  exit.o(.text)
    __user_libspace                          0x0800498d   Thumb Code     8  libspace.o(.text)
    __user_perproc_libspace                  0x0800498d   Thumb Code     0  libspace.o(.text)
    __user_perthread_libspace                0x0800498d   Thumb Code     0  libspace.o(.text)
    strcmp                                   0x08004995   Thumb Code   128  strcmpv7m.o(.text)
    _sys_exit                                0x08004a15   Thumb Code     8  sys_exit.o(.text)
    __I$use$semihosting                      0x08004a21   Thumb Code     0  use_no_semi.o(.text)
    __use_no_semihosting_swi                 0x08004a21   Thumb Code     2  use_no_semi.o(.text)
    __semihosting_library_function           0x08004a23   Thumb Code     0  indicate_semi.o(.text)
    _btod_d2e                                0x08004a23   Thumb Code    62  btod.o(CL$$btod_d2e)
    _d2e_denorm_low                          0x08004a61   Thumb Code    70  btod.o(CL$$btod_d2e_denorm_low)
    _d2e_norm_op1                            0x08004aa7   Thumb Code    96  btod.o(CL$$btod_d2e_norm_op1)
    __btod_div_common                        0x08004b09   Thumb Code   696  btod.o(CL$$btod_div_common)
    _e2e                                     0x08004e41   Thumb Code   220  btod.o(CL$$btod_e2e)
    _btod_ediv                               0x08004f1d   Thumb Code    42  btod.o(CL$$btod_ediv)
    _btod_emul                               0x08004f47   Thumb Code    42  btod.o(CL$$btod_emul)
    __btod_mult_common                       0x08004f71   Thumb Code   580  btod.o(CL$$btod_mult_common)
    __ARM_fpclassify                         0x080051b5   Thumb Code    40  fpclassify.o(i.__ARM_fpclassify)
    _is_digit                                0x080051dd   Thumb Code    14  __printf_wp.o(i._is_digit)
    _get_lc_numeric                          0x080051ed   Thumb Code    44  lc_numeric_c.o(locale$$code)
    _get_lc_ctype                            0x08005219   Thumb Code    44  lc_ctype_c.o(locale$$code)
    _printf_fp_dec                           0x08005245   Thumb Code     4  printf1.o(x$fpl$printf1)
    _printf_fp_hex                           0x08005249   Thumb Code     4  printf2.o(x$fpl$printf2)
    __I$use$fp                               0x0800524c   Number         0  usenofp.o(x$fpl$usenofp)
    AHBPrescTable                            0x08005348   Data          16  system_stm32f10x.o(.rodata.AHBPrescTable)
    AsciiLib_Big                             0x08005358   Data       11648  spi_ssd1322.o(.rodata.AsciiLib_Big)
    AsciiLib_Small                           0x080080d8   Data        3040  spi_ssd1322.o(.rodata.AsciiLib_Small)
    Font_Aleks38x24                          0x08008cb8   Data         780  main.o(.rodata.Font_Aleks38x24)
    SmallFont                                0x08008fc4   Data         564  spi_ssd1322.o(.rodata.SmallFont)
    Region$$Table$$Base                      0x0800934c   Number         0  anon$$obj.o(Region$$Table)
    Region$$Table$$Limit                     0x0800936c   Number         0  anon$$obj.o(Region$$Table)
    __ctype                                  0x08009395   Data           0  lc_ctype_c.o(locale$$data)
    SystemCoreClock                          0x20000004   Data           4  system_stm32f10x.o(.data.SystemCoreClock)
    hall_timer_sec                           0x20000008   Data           4  main.o(.data.hall_timer_sec)
    menu_timer_sec                           0x2000000c   Data           4  main.o(.data.menu_timer_sec)
    updated                                  0x20000010   Data           1  main.o(.data.updated)
    volume_val                               0x20000011   Data           1  main.o(.data.volume_val)
    __libspace_start                         0x20000018   Data          96  libspace.o(.bss)
    __temporary_stack_top$libspace           0x20000078   Data           0  libspace.o(.bss)
    balance_val                              0x20000079   Data           1  main.o(.bss.balance_val)
    button_pressed                           0x2000007b   Data           1  main.o(.bss.button_pressed)
    button_tick                              0x2000007c   Data           2  main.o(.bss.button_tick)
    dig_flt                                  0x2000007e   Data           1  main.o(.bss.dig_flt)
    enc_direction                            0x2000007f   Data           1  main.o(.bss.enc_direction)
    filter_val                               0x20000080   Data           1  main.o(.bss.filter_val)
    halt_counter                             0x20000084   Data           4  main.o(.bss.halt_counter)
    hold_counter                             0x20000088   Data           2  ir_remote_1.o(.bss.hold_counter)
    input_select                             0x2000008a   Data           1  main.o(.bss.input_select)
    input_val                                0x2000008b   Data           1  main.o(.bss.input_val)
    ir_bit_count                             0x2000008c   Data           1  ir_remote_1.o(.bss.ir_bit_count)
    ir_cmd                                   0x2000008d   Data           1  main.o(.bss.ir_cmd)
    ir_current_packet                        0x20000090   Data           4  ir_remote_1.o(.bss.ir_current_packet)
    ir_data_received                         0x20000094   Data           1  main.o(.bss.ir_data_received)
    ir_last_tick                             0x20000096   Data           2  main.o(.bss.ir_last_tick)
    ir_packet_ready                          0x20000098   Data           1  ir_remote_1.o(.bss.ir_packet_ready)
    ir_rx_buffer                             0x20000099   Data           4  ir_remote_1.o(.bss.ir_rx_buffer)
    ir_state                                 0x2000009d   Data           1  ir_remote_1.o(.bss.ir_state)
    last_signal                              0x2000009e   Data           1  uart_xmos.o(.bss.last_signal)
    menu_counter                             0x200000a0   Data           4  main.o(.bss.menu_counter)
    menu_level                               0x200000a4   Data           1  main.o(.bss.menu_level)
    menu_mode_val                            0x200000a5   Data           1  main.o(.bss.menu_mode_val)
    menu_need_update                         0x200000a6   Data           1  main.o(.bss.menu_need_update)
    mute_state                               0x200000a7   Data           1  main.o(.bss.mute_state)
    new_signal_received                      0x200000a8   Data           1  uart_xmos.o(.bss.new_signal_received)
    oled_buffer                              0x200000a9   Data        4096  spi_ssd1322.o(.bss.oled_buffer)
    preset                                   0x200010a9   Data           8  main.o(.bss.preset)
    remote_packet                            0x200010b1   Data           4  main.o(.bss.remote_packet)
    rx_buffer                                0x200010b5   Data           3  uart_xmos.o(.bss.rx_buffer)



==============================================================================

Memory Map of the image

  Image Entry point : 0x080000ed

  Load Region LR_IROM1 (Base: 0x08000000, Size: 0x000094b0, Max: 0x00010000, ABSOLUTE)

    Execution Region ER_IROM1 (Exec base: 0x08000000, Load base: 0x08000000, Size: 0x00009498, Max: 0x00010000, ABSOLUTE)

    Exec Addr    Load Addr    Size         Type   Attr      Idx    E Section Name        Object

    0x08000000   0x08000000   0x000000ec   Data   RO            3    RESET               startup_stm32f10x_md.o
    0x080000ec   0x080000ec   0x00000008   Code   RO          149  * !!!main             c_w.l(__main.o)
    0x080000f4   0x080000f4   0x00000034   Code   RO          486    !!!scatter          c_w.l(__scatter.o)
    0x08000128   0x08000128   0x0000001a   Code   RO          488    !!handler_copy      c_w.l(__scatter_copy.o)
    0x08000142   0x08000142   0x00000002   PAD
    0x08000144   0x08000144   0x0000001c   Code   RO          490    !!handler_zi        c_w.l(__scatter_zi.o)
    0x08000160   0x08000160   0x00000000   Code   RO          233    .ARM.Collect$$_printf_percent$$00000000  c_w.l(_printf_percent.o)
    0x08000160   0x08000160   0x00000006   Code   RO          222    .ARM.Collect$$_printf_percent$$00000001  c_w.l(_printf_n.o)
    0x08000166   0x08000166   0x00000006   Code   RO          224    .ARM.Collect$$_printf_percent$$00000002  c_w.l(_printf_p.o)
    0x0800016c   0x0800016c   0x00000006   Code   RO          229    .ARM.Collect$$_printf_percent$$00000003  c_w.l(_printf_f.o)
    0x08000172   0x08000172   0x00000006   Code   RO          230    .ARM.Collect$$_printf_percent$$00000004  c_w.l(_printf_e.o)
    0x08000178   0x08000178   0x00000006   Code   RO          231    .ARM.Collect$$_printf_percent$$00000005  c_w.l(_printf_g.o)
    0x0800017e   0x0800017e   0x00000006   Code   RO          232    .ARM.Collect$$_printf_percent$$00000006  c_w.l(_printf_a.o)
    0x08000184   0x08000184   0x0000000a   Code   RO          237    .ARM.Collect$$_printf_percent$$00000007  c_w.l(_printf_ll.o)
    0x0800018e   0x0800018e   0x00000006   Code   RO          226    .ARM.Collect$$_printf_percent$$00000008  c_w.l(_printf_i.o)
    0x08000194   0x08000194   0x00000006   Code   RO          227    .ARM.Collect$$_printf_percent$$00000009  c_w.l(_printf_d.o)
    0x0800019a   0x0800019a   0x00000006   Code   RO          228    .ARM.Collect$$_printf_percent$$0000000A  c_w.l(_printf_u.o)
    0x080001a0   0x080001a0   0x00000006   Code   RO          225    .ARM.Collect$$_printf_percent$$0000000B  c_w.l(_printf_o.o)
    0x080001a6   0x080001a6   0x00000006   Code   RO          223    .ARM.Collect$$_printf_percent$$0000000C  c_w.l(_printf_x.o)
    0x080001ac   0x080001ac   0x00000006   Code   RO          234    .ARM.Collect$$_printf_percent$$0000000D  c_w.l(_printf_lli.o)
    0x080001b2   0x080001b2   0x00000006   Code   RO          235    .ARM.Collect$$_printf_percent$$0000000E  c_w.l(_printf_lld.o)
    0x080001b8   0x080001b8   0x00000006   Code   RO          236    .ARM.Collect$$_printf_percent$$0000000F  c_w.l(_printf_llu.o)
    0x080001be   0x080001be   0x00000006   Code   RO          241    .ARM.Collect$$_printf_percent$$00000010  c_w.l(_printf_llo.o)
    0x080001c4   0x080001c4   0x00000006   Code   RO          242    .ARM.Collect$$_printf_percent$$00000011  c_w.l(_printf_llx.o)
    0x080001ca   0x080001ca   0x0000000a   Code   RO          238    .ARM.Collect$$_printf_percent$$00000012  c_w.l(_printf_l.o)
    0x080001d4   0x080001d4   0x00000006   Code   RO          220    .ARM.Collect$$_printf_percent$$00000013  c_w.l(_printf_c.o)
    0x080001da   0x080001da   0x00000006   Code   RO          221    .ARM.Collect$$_printf_percent$$00000014  c_w.l(_printf_s.o)
    0x080001e0   0x080001e0   0x00000006   Code   RO          239    .ARM.Collect$$_printf_percent$$00000015  c_w.l(_printf_lc.o)
    0x080001e6   0x080001e6   0x00000006   Code   RO          240    .ARM.Collect$$_printf_percent$$00000016  c_w.l(_printf_ls.o)
    0x080001ec   0x080001ec   0x00000004   Code   RO          283    .ARM.Collect$$_printf_percent$$00000017  c_w.l(_printf_percent_end.o)
    0x080001f0   0x080001f0   0x00000002   Code   RO          334    .ARM.Collect$$libinit$$00000000  c_w.l(libinit.o)
    0x080001f2   0x080001f2   0x00000000   Code   RO          353    .ARM.Collect$$libinit$$00000002  c_w.l(libinit2.o)
    0x080001f2   0x080001f2   0x00000000   Code   RO          355    .ARM.Collect$$libinit$$00000004  c_w.l(libinit2.o)
    0x080001f2   0x080001f2   0x00000000   Code   RO          357    .ARM.Collect$$libinit$$00000006  c_w.l(libinit2.o)
    0x080001f2   0x080001f2   0x00000000   Code   RO          360    .ARM.Collect$$libinit$$0000000C  c_w.l(libinit2.o)
    0x080001f2   0x080001f2   0x00000000   Code   RO          362    .ARM.Collect$$libinit$$0000000E  c_w.l(libinit2.o)
    0x080001f2   0x080001f2   0x00000000   Code   RO          364    .ARM.Collect$$libinit$$00000010  c_w.l(libinit2.o)
    0x080001f2   0x080001f2   0x00000006   Code   RO          365    .ARM.Collect$$libinit$$00000011  c_w.l(libinit2.o)
    0x080001f8   0x080001f8   0x00000000   Code   RO          367    .ARM.Collect$$libinit$$00000013  c_w.l(libinit2.o)
    0x080001f8   0x080001f8   0x0000000c   Code   RO          368    .ARM.Collect$$libinit$$00000014  c_w.l(libinit2.o)
    0x08000204   0x08000204   0x00000000   Code   RO          369    .ARM.Collect$$libinit$$00000015  c_w.l(libinit2.o)
    0x08000204   0x08000204   0x00000000   Code   RO          371    .ARM.Collect$$libinit$$00000017  c_w.l(libinit2.o)
    0x08000204   0x08000204   0x0000000a   Code   RO          372    .ARM.Collect$$libinit$$00000018  c_w.l(libinit2.o)
    0x0800020e   0x0800020e   0x00000000   Code   RO          373    .ARM.Collect$$libinit$$00000019  c_w.l(libinit2.o)
    0x0800020e   0x0800020e   0x00000000   Code   RO          375    .ARM.Collect$$libinit$$0000001B  c_w.l(libinit2.o)
    0x0800020e   0x0800020e   0x00000000   Code   RO          377    .ARM.Collect$$libinit$$0000001D  c_w.l(libinit2.o)
    0x0800020e   0x0800020e   0x00000000   Code   RO          379    .ARM.Collect$$libinit$$0000001F  c_w.l(libinit2.o)
    0x0800020e   0x0800020e   0x00000000   Code   RO          381    .ARM.Collect$$libinit$$00000021  c_w.l(libinit2.o)
    0x0800020e   0x0800020e   0x00000000   Code   RO          383    .ARM.Collect$$libinit$$00000023  c_w.l(libinit2.o)
    0x0800020e   0x0800020e   0x00000000   Code   RO          385    .ARM.Collect$$libinit$$00000025  c_w.l(libinit2.o)
    0x0800020e   0x0800020e   0x00000000   Code   RO          387    .ARM.Collect$$libinit$$00000027  c_w.l(libinit2.o)
    0x0800020e   0x0800020e   0x00000000   Code   RO          391    .ARM.Collect$$libinit$$0000002E  c_w.l(libinit2.o)
    0x0800020e   0x0800020e   0x00000000   Code   RO          393    .ARM.Collect$$libinit$$00000030  c_w.l(libinit2.o)
    0x0800020e   0x0800020e   0x00000000   Code   RO          395    .ARM.Collect$$libinit$$00000032  c_w.l(libinit2.o)
    0x0800020e   0x0800020e   0x00000000   Code   RO          397    .ARM.Collect$$libinit$$00000034  c_w.l(libinit2.o)
    0x0800020e   0x0800020e   0x00000002   Code   RO          398    .ARM.Collect$$libinit$$00000035  c_w.l(libinit2.o)
    0x08000210   0x08000210   0x00000002   Code   RO          422    .ARM.Collect$$libshutdown$$00000000  c_w.l(libshutdown.o)
    0x08000212   0x08000212   0x00000000   Code   RO          437    .ARM.Collect$$libshutdown$$00000002  c_w.l(libshutdown2.o)
    0x08000212   0x08000212   0x00000000   Code   RO          439    .ARM.Collect$$libshutdown$$00000004  c_w.l(libshutdown2.o)
    0x08000212   0x08000212   0x00000000   Code   RO          442    .ARM.Collect$$libshutdown$$00000007  c_w.l(libshutdown2.o)
    0x08000212   0x08000212   0x00000000   Code   RO          445    .ARM.Collect$$libshutdown$$0000000A  c_w.l(libshutdown2.o)
    0x08000212   0x08000212   0x00000000   Code   RO          447    .ARM.Collect$$libshutdown$$0000000C  c_w.l(libshutdown2.o)
    0x08000212   0x08000212   0x00000000   Code   RO          450    .ARM.Collect$$libshutdown$$0000000F  c_w.l(libshutdown2.o)
    0x08000212   0x08000212   0x00000002   Code   RO          451    .ARM.Collect$$libshutdown$$00000010  c_w.l(libshutdown2.o)
    0x08000214   0x08000214   0x00000000   Code   RO          151    .ARM.Collect$$rtentry$$00000000  c_w.l(__rtentry.o)
    0x08000214   0x08000214   0x00000000   Code   RO          252    .ARM.Collect$$rtentry$$00000002  c_w.l(__rtentry2.o)
    0x08000214   0x08000214   0x00000006   Code   RO          264    .ARM.Collect$$rtentry$$00000004  c_w.l(__rtentry4.o)
    0x0800021a   0x0800021a   0x00000000   Code   RO          254    .ARM.Collect$$rtentry$$00000009  c_w.l(__rtentry2.o)
    0x0800021a   0x0800021a   0x00000004   Code   RO          255    .ARM.Collect$$rtentry$$0000000A  c_w.l(__rtentry2.o)
    0x0800021e   0x0800021e   0x00000000   Code   RO          257    .ARM.Collect$$rtentry$$0000000C  c_w.l(__rtentry2.o)
    0x0800021e   0x0800021e   0x00000008   Code   RO          258    .ARM.Collect$$rtentry$$0000000D  c_w.l(__rtentry2.o)
    0x08000226   0x08000226   0x00000002   Code   RO          343    .ARM.Collect$$rtexit$$00000000  c_w.l(rtexit.o)
    0x08000228   0x08000228   0x00000000   Code   RO          400    .ARM.Collect$$rtexit$$00000002  c_w.l(rtexit2.o)
    0x08000228   0x08000228   0x00000004   Code   RO          401    .ARM.Collect$$rtexit$$00000003  c_w.l(rtexit2.o)
    0x0800022c   0x0800022c   0x00000006   Code   RO          402    .ARM.Collect$$rtexit$$00000004  c_w.l(rtexit2.o)
    0x08000232   0x08000232   0x00000002   PAD
    0x08000234   0x08000234   0x00000040   Code   RO            4    .text               startup_stm32f10x_md.o
    0x08000274   0x08000274   0x00001602   Code   RO           10    .text               main.o
    0x08001876   0x08001876   0x00000002   PAD
    0x08001878   0x08001878   0x00000a64   Code   RO           61    .text               stm32f10x_flash.o
    0x080022dc   0x080022dc   0x000000d4   Code   RO           68    .text               delay.o
    0x080023b0   0x080023b0   0x00000162   Code   RO           75    .text               dispport.o
    0x08002512   0x08002512   0x00000002   PAD
    0x08002514   0x08002514   0x00000b18   Code   RO           82    .text               spi_ssd1322.o
    0x0800302c   0x0800302c   0x000002b6   Code   RO           94    .text               system_stm32f10x.o
    0x080032e2   0x080032e2   0x00000002   PAD
    0x080032e4   0x080032e4   0x00000176   Code   RO          103    .text               encoder.o
    0x0800345a   0x0800345a   0x00000002   PAD
    0x0800345c   0x0800345c   0x0000010a   Code   RO          110    .text               controlport.o
    0x08003566   0x08003566   0x00000002   PAD
    0x08003568   0x08003568   0x000001b6   Code   RO          117    .text               uart_xmos.o
    0x0800371e   0x0800371e   0x00000002   PAD
    0x08003720   0x08003720   0x00000202   Code   RO          128    .text               ir_remote_1.o
    0x08003922   0x08003922   0x00000002   PAD
    0x08003924   0x08003924   0x0000002c   Code   RO          145    .text               c_w.l(sprintf.o)
    0x08003950   0x08003950   0x00000006   Code   RO          147    .text               c_w.l(heapauxi.o)
    0x08003956   0x08003956   0x0000004e   Code   RO          154    .text               c_w.l(_printf_pad.o)
    0x080039a4   0x080039a4   0x00000024   Code   RO          156    .text               c_w.l(_printf_truncate.o)
    0x080039c8   0x080039c8   0x00000052   Code   RO          158    .text               c_w.l(_printf_str.o)
    0x08003a1a   0x08003a1a   0x00000002   PAD
    0x08003a1c   0x08003a1c   0x00000078   Code   RO          160    .text               c_w.l(_printf_dec.o)
    0x08003a94   0x08003a94   0x00000028   Code   RO          162    .text               c_w.l(_printf_charcount.o)
    0x08003abc   0x08003abc   0x00000030   Code   RO          164    .text               c_w.l(_printf_char_common.o)
    0x08003aec   0x08003aec   0x0000000a   Code   RO          166    .text               c_w.l(_sputc.o)
    0x08003af6   0x08003af6   0x00000002   PAD
    0x08003af8   0x08003af8   0x000000bc   Code   RO          168    .text               c_w.l(_printf_wctomb.o)
    0x08003bb4   0x08003bb4   0x0000007c   Code   RO          171    .text               c_w.l(_printf_longlong_dec.o)
    0x08003c30   0x08003c30   0x00000070   Code   RO          177    .text               c_w.l(_printf_oct_int_ll.o)
    0x08003ca0   0x08003ca0   0x00000094   Code   RO          197    .text               c_w.l(_printf_hex_int_ll_ptr.o)
    0x08003d34   0x08003d34   0x00000188   Code   RO          217    .text               c_w.l(__printf_flags_ss_wp.o)
    0x08003ebc   0x08003ebc   0x0000008a   Code   RO          266    .text               c_w.l(lludiv10.o)
    0x08003f46   0x08003f46   0x000000b2   Code   RO          268    .text               c_w.l(_printf_intcommon.o)
    0x08003ff8   0x08003ff8   0x0000041c   Code   RO          270    .text               c_w.l(_printf_fp_dec.o)
    0x08004414   0x08004414   0x000002fc   Code   RO          274    .text               c_w.l(_printf_fp_hex.o)
    0x08004710   0x08004710   0x0000002c   Code   RO          279    .text               c_w.l(_printf_char.o)
    0x0800473c   0x0800473c   0x0000002c   Code   RO          281    .text               c_w.l(_printf_wchar.o)
    0x08004768   0x08004768   0x00000048   Code   RO          284    .text               c_w.l(_c16rtomb.o)
    0x080047b0   0x080047b0   0x0000004a   Code   RO          286    .text               c_w.l(sys_stackheap_outer.o)
    0x080047fa   0x080047fa   0x00000002   PAD
    0x080047fc   0x080047fc   0x00000010   Code   RO          288    .text               c_w.l(rt_ctype_table.o)
    0x0800480c   0x0800480c   0x00000008   Code   RO          293    .text               c_w.l(rt_locale_intlibspace.o)
    0x08004814   0x08004814   0x00000080   Code   RO          295    .text               c_w.l(_printf_fp_infnan.o)
    0x08004894   0x08004894   0x000000e4   Code   RO          297    .text               c_w.l(bigflt0.o)
    0x08004978   0x08004978   0x00000012   Code   RO          327    .text               c_w.l(exit.o)
    0x0800498a   0x0800498a   0x00000002   PAD
    0x0800498c   0x0800498c   0x00000008   Code   RO          340    .text               c_w.l(libspace.o)
    0x08004994   0x08004994   0x00000080   Code   RO          350    .text               c_w.l(strcmpv7m.o)
    0x08004a14   0x08004a14   0x0000000c   Code   RO          412    .text               c_w.l(sys_exit.o)
    0x08004a20   0x08004a20   0x00000002   Code   RO          427    .text               c_w.l(use_no_semi.o)
    0x08004a22   0x08004a22   0x00000000   Code   RO          429    .text               c_w.l(indicate_semi.o)
    0x08004a22   0x08004a22   0x0000003e   Code   RO          300    CL$$btod_d2e        c_w.l(btod.o)
    0x08004a60   0x08004a60   0x00000046   Code   RO          302    CL$$btod_d2e_denorm_low  c_w.l(btod.o)
    0x08004aa6   0x08004aa6   0x00000060   Code   RO          301    CL$$btod_d2e_norm_op1  c_w.l(btod.o)
    0x08004b06   0x08004b06   0x00000002   PAD
    0x08004b08   0x08004b08   0x00000338   Code   RO          310    CL$$btod_div_common  c_w.l(btod.o)
    0x08004e40   0x08004e40   0x000000dc   Code   RO          307    CL$$btod_e2e        c_w.l(btod.o)
    0x08004f1c   0x08004f1c   0x0000002a   Code   RO          304    CL$$btod_ediv       c_w.l(btod.o)
    0x08004f46   0x08004f46   0x0000002a   Code   RO          303    CL$$btod_emul       c_w.l(btod.o)
    0x08004f70   0x08004f70   0x00000244   Code   RO          309    CL$$btod_mult_common  c_w.l(btod.o)
    0x080051b4   0x080051b4   0x00000028   Code   RO          338    i.__ARM_fpclassify  m_ws.l(fpclassify.o)
    0x080051dc   0x080051dc   0x0000000e   Code   RO          210    i._is_digit         c_w.l(__printf_wp.o)
    0x080051ea   0x080051ea   0x00000002   PAD
    0x080051ec   0x080051ec   0x0000002c   Code   RO          325    locale$$code        c_w.l(lc_numeric_c.o)
    0x08005218   0x08005218   0x0000002c   Code   RO          348    locale$$code        c_w.l(lc_ctype_c.o)
    0x08005244   0x08005244   0x00000004   Code   RO          243    x$fpl$printf1       fz_ws.l(printf1.o)
    0x08005248   0x08005248   0x00000004   Code   RO          245    x$fpl$printf2       fz_ws.l(printf2.o)
    0x0800524c   0x0800524c   0x00000000   Code   RO          337    x$fpl$usenofp       fz_ws.l(usenofp.o)
    0x0800524c   0x0800524c   0x00000008   Data   RO          169    .constdata          c_w.l(_printf_wctomb.o)
    0x08005254   0x08005254   0x00000028   Data   RO          198    .constdata          c_w.l(_printf_hex_int_ll_ptr.o)
    0x0800527c   0x0800527c   0x00000011   Data   RO          218    .constdata          c_w.l(__printf_flags_ss_wp.o)
    0x0800528d   0x0800528d   0x00000026   Data   RO          275    .constdata          c_w.l(_printf_fp_hex.o)
    0x080052b3   0x080052b3   0x00000001   PAD
    0x080052b4   0x080052b4   0x00000094   Data   RO          298    .constdata          c_w.l(bigflt0.o)
    0x08005348   0x08005348   0x00000010   Data   RO           97    .rodata.AHBPrescTable  system_stm32f10x.o
    0x08005358   0x08005358   0x00002d80   Data   RO           84    .rodata.AsciiLib_Big  spi_ssd1322.o
    0x080080d8   0x080080d8   0x00000be0   Data   RO           86    .rodata.AsciiLib_Small  spi_ssd1322.o
    0x08008cb8   0x08008cb8   0x0000030c   Data   RO           12    .rodata.Font_Aleks38x24  main.o
    0x08008fc4   0x08008fc4   0x00000234   Data   RO           85    .rodata.SmallFont   spi_ssd1322.o
    0x080091f8   0x080091f8   0x00000011   Data   RO           88    .rodata.hex_chars   spi_ssd1322.o
    0x08009209   0x08009209   0x00000143   Data   RO           37    .rodata.str1.1      main.o
    0x0800934c   0x0800934c   0x00000020   Data   RO          485    Region$$Table       anon$$obj.o
    0x0800936c   0x0800936c   0x0000001c   Data   RO          324    locale$$data        c_w.l(lc_numeric_c.o)
    0x08009388   0x08009388   0x00000110   Data   RO          347    locale$$data        c_w.l(lc_ctype_c.o)


    Execution Region RW_IRAM1 (Exec base: 0x20000000, Load base: 0x08009498, Size: 0x000020b8, Max: 0x00005000, ABSOLUTE)

    Exec Addr    Load Addr    Size         Type   Attr      Idx    E Section Name        Object

    0x20000000   0x08009498   0x00000001   Data   RW           39    .data.Process_Encoder_Rotation.input  main.o
    0x20000001   0x08009499   0x00000001   Data   RW           38    .data.Process_Encoder_Rotation.vol  main.o
    0x20000002   0x0800949a   0x00000002   PAD
    0x20000004   0x0800949c   0x00000004   Data   RW           96    .data.SystemCoreClock  system_stm32f10x.o
    0x20000008   0x080094a0   0x00000004   Data   RW           24    .data.hall_timer_sec  main.o
    0x2000000c   0x080094a4   0x00000004   Data   RW           26    .data.menu_timer_sec  main.o
    0x20000010   0x080094a8   0x00000001   Data   RW           18    .data.updated       main.o
    0x20000011   0x080094a9   0x00000001   Data   RW           29    .data.volume_val    main.o
    0x20000012   0x080094aa   0x00000006   PAD
    0x20000018        -       0x00000060   Zero   RW          341    .bss                c_w.l(libspace.o)
    0x20000078        -       0x00000001   Zero   RW           40    .bss.Process_Encoder_Rotation.filter  main.o
    0x20000079        -       0x00000001   Zero   RW           32    .bss.balance_val    main.o
    0x2000007a        -       0x00000001   Zero   RW          122    .bss.buffer_index   uart_xmos.o
    0x2000007b        -       0x00000001   Zero   RW           35    .bss.button_pressed  main.o
    0x2000007c        -       0x00000002   Zero   RW           34    .bss.button_tick    main.o
    0x2000007e        -       0x00000001   Zero   RW           42    .bss.dig_flt        main.o
    0x2000007f        -       0x00000001   Zero   RW           41    .bss.enc_direction  main.o
    0x20000080        -       0x00000001   Zero   RW           31    .bss.filter_val     main.o
    0x20000081   0x080094aa   0x00000003   PAD
    0x20000084        -       0x00000004   Zero   RW           23    .bss.halt_counter   main.o
    0x20000088        -       0x00000002   Zero   RW          135    .bss.hold_counter   ir_remote_1.o
    0x2000008a        -       0x00000001   Zero   RW           43    .bss.input_select   main.o
    0x2000008b        -       0x00000001   Zero   RW           30    .bss.input_val      main.o
    0x2000008c        -       0x00000001   Zero   RW          132    .bss.ir_bit_count   ir_remote_1.o
    0x2000008d        -       0x00000001   Zero   RW           27    .bss.ir_cmd         main.o
    0x2000008e   0x080094aa   0x00000002   PAD
    0x20000090        -       0x00000004   Zero   RW          133    .bss.ir_current_packet  ir_remote_1.o
    0x20000094        -       0x00000001   Zero   RW           21    .bss.ir_data_received  main.o
    0x20000095   0x080094aa   0x00000001   PAD
    0x20000096        -       0x00000002   Zero   RW           16    .bss.ir_last_tick   main.o
    0x20000098        -       0x00000001   Zero   RW          134    .bss.ir_packet_ready  ir_remote_1.o
    0x20000099        -       0x00000004   Zero   RW          136    .bss.ir_rx_buffer   ir_remote_1.o
    0x2000009d        -       0x00000001   Zero   RW          131    .bss.ir_state       ir_remote_1.o
    0x2000009e        -       0x00000001   Zero   RW          120    .bss.last_signal    uart_xmos.o
    0x2000009f   0x080094aa   0x00000001   PAD
    0x200000a0        -       0x00000004   Zero   RW           25    .bss.menu_counter   main.o
    0x200000a4        -       0x00000001   Zero   RW           17    .bss.menu_level     main.o
    0x200000a5        -       0x00000001   Zero   RW           28    .bss.menu_mode_val  main.o
    0x200000a6        -       0x00000001   Zero   RW           13    .bss.menu_need_update  main.o
    0x200000a7        -       0x00000001   Zero   RW           19    .bss.mute_state     main.o
    0x200000a8        -       0x00000001   Zero   RW          119    .bss.new_signal_received  uart_xmos.o
    0x200000a9        -       0x00001000   Zero   RW           87    .bss.oled_buffer    spi_ssd1322.o
    0x200010a9        -       0x00000008   Zero   RW           36    .bss.preset         main.o
    0x200010b1        -       0x00000004   Zero   RW           44    .bss.remote_packet  main.o
    0x200010b5        -       0x00000003   Zero   RW          121    .bss.rx_buffer      uart_xmos.o
    0x200010b8        -       0x00000800   Zero   RW            2    HEAP                startup_stm32f10x_md.o
    0x200018b8        -       0x00000800   Zero   RW            1    STACK               startup_stm32f10x_md.o


==============================================================================

Image component sizes


      Code (inc. data)   RO Data    RW Data    ZI Data      Debug   Object Name

       266          0          0          0          0       1506   controlport.o
       212          0          0          0          0       1718   delay.o
       354          0          0          0          0       2017   dispport.o
       374          0          0          0          0       4743   encoder.o
       514          0          0          0         13       2400   ir_remote_1.o
      5634         46       1103         12         38      11923   main.o
      2840          0      15269          0       4096       7314   spi_ssd1322.o
        64         26        236          0       4096        888   startup_stm32f10x_md.o
      2660          0          0          0          0       6338   stm32f10x_flash.o
       694          0         16          4          0       2691   system_stm32f10x.o
       438          0          0          0          6       4332   uart_xmos.o

    ----------------------------------------------------------------------
     14064         72      16656         20       8260      45870   Object Totals
         0          0         32          0          0          0   (incl. Generated)
        14          0          0          4         11          0   (incl. Padding)

    ----------------------------------------------------------------------

      Code (inc. data)   RO Data    RW Data    ZI Data      Debug   Library Member Name

         8          0          0          0          0         68   __main.o
       392          4         17          0          0         92   __printf_flags_ss_wp.o
        14          0          0          0          0         68   __printf_wp.o
         0          0          0          0          0          0   __rtentry.o
        12          0          0          0          0          0   __rtentry2.o
         6          0          0          0          0          0   __rtentry4.o
        52          8          0          0          0          0   __scatter.o
        26          0          0          0          0          0   __scatter_copy.o
        28          0          0          0          0          0   __scatter_zi.o
        72          0          0          0          0         96   _c16rtomb.o
         6          0          0          0          0          0   _printf_a.o
         6          0          0          0          0          0   _printf_c.o
        44          0          0          0          0        108   _printf_char.o
        48          6          0          0          0         96   _printf_char_common.o
        40          0          0          0          0         68   _printf_charcount.o
         6          0          0          0          0          0   _printf_d.o
       120         16          0          0          0         92   _printf_dec.o
         6          0          0          0          0          0   _printf_e.o
         6          0          0          0          0          0   _printf_f.o
      1052          0          0          0          0        148   _printf_fp_dec.o
       764          8         38          0          0        100   _printf_fp_hex.o
       128         16          0          0          0         84   _printf_fp_infnan.o
         6          0          0          0          0          0   _printf_g.o
       148          4         40          0          0        160   _printf_hex_int_ll_ptr.o
         6          0          0          0          0          0   _printf_i.o
       178          0          0          0          0         88   _printf_intcommon.o
        10          0          0          0          0          0   _printf_l.o
         6          0          0          0          0          0   _printf_lc.o
        10          0          0          0          0          0   _printf_ll.o
         6          0          0          0          0          0   _printf_lld.o
         6          0          0          0          0          0   _printf_lli.o
         6          0          0          0          0          0   _printf_llo.o
         6          0          0          0          0          0   _printf_llu.o
         6          0          0          0          0          0   _printf_llx.o
       124         16          0          0          0         92   _printf_longlong_dec.o
         6          0          0          0          0          0   _printf_ls.o
         6          0          0          0          0          0   _printf_n.o
         6          0          0          0          0          0   _printf_o.o
       112          8          0          0          0        124   _printf_oct_int_ll.o
         6          0          0          0          0          0   _printf_p.o
        78          0          0          0          0        108   _printf_pad.o
         0          0          0          0          0          0   _printf_percent.o
         4          0          0          0          0          0   _printf_percent_end.o
         6          0          0          0          0          0   _printf_s.o
        82          0          0          0          0         80   _printf_str.o
        36          0          0          0          0         84   _printf_truncate.o
         6          0          0          0          0          0   _printf_u.o
        44          0          0          0          0        108   _printf_wchar.o
       188          6          8          0          0         92   _printf_wctomb.o
         6          0          0          0          0          0   _printf_x.o
        10          0          0          0          0         68   _sputc.o
       228          4        148          0          0         96   bigflt0.o
      1936        128          0          0          0        668   btod.o
        18          0          0          0          0         80   exit.o
         6          0          0          0          0        152   heapauxi.o
         0          0          0          0          0          0   indicate_semi.o
        44         10        272          0          0         76   lc_ctype_c.o
        44         10         28          0          0         76   lc_numeric_c.o
         2          0          0          0          0          0   libinit.o
        30          0          0          0          0          0   libinit2.o
         2          0          0          0          0          0   libshutdown.o
         2          0          0          0          0          0   libshutdown2.o
         8          4          0          0         96         68   libspace.o
       138          0          0          0          0         80   lludiv10.o
        16          4          0          0          0         76   rt_ctype_table.o
         8          4          0          0          0         68   rt_locale_intlibspace.o
         2          0          0          0          0          0   rtexit.o
        10          0          0          0          0          0   rtexit2.o
        44          6          0          0          0         84   sprintf.o
       128          0          0          0          0         68   strcmpv7m.o
        12          4          0          0          0         68   sys_exit.o
        74          0          0          0          0         80   sys_stackheap_outer.o
         2          0          0          0          0         68   use_no_semi.o
         4          0          0          0          0         68   printf1.o
         4          0          0          0          0         68   printf2.o
         0          0          0          0          0          0   usenofp.o
        40          0          0          0          0         68   fpclassify.o

    ----------------------------------------------------------------------
      6768        266        552          0         96       4036   Library Totals
        16          0          1          0          0          0   (incl. Padding)

    ----------------------------------------------------------------------

      Code (inc. data)   RO Data    RW Data    ZI Data      Debug   Library Name

      6704        266        551          0         96       3832   c_w.l
         8          0          0          0          0        136   fz_ws.l
        40          0          0          0          0         68   m_ws.l

    ----------------------------------------------------------------------
      6768        266        552          0         96       4036   Library Totals

    ----------------------------------------------------------------------

==============================================================================


      Code (inc. data)   RO Data    RW Data    ZI Data      Debug   

     20832        338      17208         20       8356      47590   Grand Totals
     20832        338      17208         20       8356      47590   ELF Image Totals
     20832        338      17208         20          0          0   ROM Totals

==============================================================================

    Total RO  Size (Code + RO Data)                38040 (  37.15kB)
    Total RW  Size (RW Data + ZI Data)              8376 (   8.18kB)
    Total ROM Size (Code + RO Data + RW Data)      38060 (  37.17kB)

==============================================================================

