Component: Arm Compiler for Embedded 6.19 Tool: armlink [5e73cb00]

==============================================================================

Section Cross References

    startup_stm32f10x_md.o(STACK) refers (Special) to heapauxi.o(.text) for __use_two_region_memory
    startup_stm32f10x_md.o(HEAP) refers (Special) to heapauxi.o(.text) for __use_two_region_memory
    startup_stm32f10x_md.o(RESET) refers (Special) to heapauxi.o(.text) for __use_two_region_memory
    startup_stm32f10x_md.o(RESET) refers to startup_stm32f10x_md.o(STACK) for __initial_sp
    startup_stm32f10x_md.o(RESET) refers to startup_stm32f10x_md.o(.text) for Reset_Handler
    startup_stm32f10x_md.o(RESET) refers to main.o(.text) for EXTI9_5_IRQHandler
    startup_stm32f10x_md.o(RESET) refers to uart_xmos.o(.text) for USART1_IRQHandler
    startup_stm32f10x_md.o(.text) refers (Special) to heapauxi.o(.text) for __use_two_region_memory
    startup_stm32f10x_md.o(.text) refers to system_stm32f10x.o(.text) for SystemInit
    startup_stm32f10x_md.o(.text) refers to __main.o(!!!main) for __main
    startup_stm32f10x_md.o(.text) refers to startup_stm32f10x_md.o(HEAP) for Heap_Mem
    startup_stm32f10x_md.o(.text) refers to startup_stm32f10x_md.o(STACK) for Stack_Mem
    main.o(.text) refers to main.o(.bss.preset) for preset
    main.o(.text) refers to stm32f10x_flash.o(.text) for FLASH_Unlock
    main.o(.text) refers to main.o(.bss.input_val) for input_val
    main.o(.text) refers to main.o(.bss.filter_val) for filter_val
    main.o(.text) refers to main.o(.data.volume_val) for volume_val
    main.o(.text) refers to main.o(.bss.balance_val) for balance_val
    main.o(.text) refers to main.o(.data.contrast_val) for contrast_val
    main.o(.text) refers to main.o(.bss.menu_mode_val) for menu_mode_val
    main.o(.text) refers to main.o(.data.Update_Bottom_Line.last_mode) for Update_Bottom_Line.last_mode
    main.o(.text) refers to main.o(.bss.mute_flag) for mute_flag
    main.o(.text) refers to main.o(.data.last_mute) for last_mute
    main.o(.text) refers to spi_ssd1322.o(.text) for SSD1322_ClearRAM
    main.o(.text) refers to main.o(.rodata.str1.1) for .L.str
    main.o(.text) refers to uart_xmos.o(.bss.last_signal) for last_signal
    main.o(.text) refers to main.o(.bss.menu_counter) for menu_counter
    main.o(.text) refers to delay.o(.text) for delay_ms
    main.o(.text) refers to main.o(.bss.menu_need_update) for menu_need_update
    main.o(.text) refers to main.o(.bss.menu_level) for menu_level
    main.o(.text) refers to main.o(.bss.button_tick) for button_tick
    main.o(.text) refers to main.o(.bss.button_pressed) for button_pressed
    main.o(.text) refers to main.o(.bss.ir_data_received) for ir_data_received
    main.o(.text) refers to ir_remote_1.o(.text) for IR_Process_Bit
    main.o(.text) refers to main.o(.bss.halt_counter) for halt_counter
    main.o(.text) refers to main.o(.data.hall_timer_sec) for hall_timer_sec
    main.o(.text) refers to main.o(.data.menu_timer_sec) for menu_timer_sec
    main.o(.text) refers to ir_remote_1.o(.bss.ir_delay_counter) for ir_delay_counter
    main.o(.text) refers to main.o(.bss.mute_state) for mute_state
    main.o(.text) refers to encoder.o(.text) for Encoder_direction
    main.o(.text) refers to main.o(.bss.enc_direction) for enc_direction
    main.o(.text) refers to main.o(.rodata.Font_Aleks38x24) for Font_Aleks38x24
    main.o(.text) refers to dispport.o(.text) for DAC_port_Init
    main.o(.text) refers to controlport.o(.text) for Control_port_Init
    main.o(.text) refers to uart_xmos.o(.text) for UART_Init
    main.o(.text) refers to system_stm32f10x.o(.data.SystemCoreClock) for SystemCoreClock
    main.o(.text) refers to ir_remote_1.o(.bss.ir_packet_ready) for ir_packet_ready
    main.o(.text) refers to ir_remote_1.o(.bss.ir_rx_buffer) for ir_rx_buffer
    main.o(.text) refers to uart_xmos.o(.bss.new_signal_received) for new_signal_received
    main.o(.ARM.exidx) refers to main.o(.text) for [Anonymous Symbol]
    misc.o(.ARM.exidx) refers to misc.o(.text) for [Anonymous Symbol]
    stm32f10x_flash.o(.ARM.exidx) refers to stm32f10x_flash.o(.text) for [Anonymous Symbol]
    delay.o(.text) refers to system_stm32f10x.o(.data.SystemCoreClock) for SystemCoreClock
    delay.o(.ARM.exidx) refers to delay.o(.text) for [Anonymous Symbol]
    dispport.o(.text) refers to delay.o(.text) for delay_ms
    dispport.o(.text) refers to uart_xmos.o(.bss.last_signal) for last_signal
    dispport.o(.ARM.exidx) refers to dispport.o(.text) for [Anonymous Symbol]
    spi_ssd1322.o(.text) refers to delay.o(.text) for delay_us
    spi_ssd1322.o(.text) refers to main.o(.bss.preset) for preset
    spi_ssd1322.o(.text) refers to spi_ssd1322.o(.rodata.AsciiLib_Small) for AsciiLib_Small
    spi_ssd1322.o(.text) refers to spi_ssd1322.o(.rodata.AsciiLib_Big) for AsciiLib_Big
    spi_ssd1322.o(.text) refers to spi_ssd1322.o(.rodata.SmallFont) for SmallFont
    spi_ssd1322.o(.text) refers to spi_ssd1322.o(.bss.oled_buffer) for oled_buffer
    spi_ssd1322.o(.text) refers to uart_xmos.o(.bss.rx_buffer) for rx_buffer
    spi_ssd1322.o(.text) refers to spi_ssd1322.o(.rodata.hex_chars) for hex_chars
    spi_ssd1322.o(.ARM.exidx) refers to spi_ssd1322.o(.text) for [Anonymous Symbol]
    system_stm32f10x.o(.text) refers to system_stm32f10x.o(.data.SystemCoreClock) for SystemCoreClock
    system_stm32f10x.o(.text) refers to system_stm32f10x.o(.rodata.AHBPrescTable) for AHBPrescTable
    system_stm32f10x.o(.ARM.exidx) refers to system_stm32f10x.o(.text) for [Anonymous Symbol]
    encoder.o(.ARM.exidx) refers to encoder.o(.text) for [Anonymous Symbol]
    controlport.o(.ARM.exidx) refers to controlport.o(.text) for [Anonymous Symbol]
    uart_xmos.o(.text) refers to uart_xmos.o(.bss.last_signal) for last_signal
    uart_xmos.o(.text) refers to uart_xmos.o(.bss.buffer_index) for buffer_index
    uart_xmos.o(.text) refers to uart_xmos.o(.bss.rx_buffer) for rx_buffer
    uart_xmos.o(.text) refers to uart_xmos.o(.bss.new_signal_received) for new_signal_received
    uart_xmos.o(.ARM.exidx) refers to uart_xmos.o(.text) for [Anonymous Symbol]
    ir_remote_1.o(.text) refers to ir_remote_1.o(.bss.ir_state) for ir_state
    ir_remote_1.o(.text) refers to ir_remote_1.o(.bss.hold_counter) for hold_counter
    ir_remote_1.o(.text) refers to main.o(.bss.ir_last_tick) for ir_last_tick
    ir_remote_1.o(.text) refers to ir_remote_1.o(.bss.ir_bit_count) for ir_bit_count
    ir_remote_1.o(.text) refers to ir_remote_1.o(.bss.ir_current_packet) for ir_current_packet
    ir_remote_1.o(.text) refers to ir_remote_1.o(.bss.ir_rx_buffer) for ir_rx_buffer
    ir_remote_1.o(.text) refers to ir_remote_1.o(.bss.ir_packet_ready) for ir_packet_ready
    ir_remote_1.o(.text) refers to ir_remote_1.o(.bss.ir_delay_counter) for ir_delay_counter
    ir_remote_1.o(.ARM.exidx) refers to ir_remote_1.o(.text) for [Anonymous Symbol]
    __main.o(!!!main) refers to __rtentry.o(.ARM.Collect$$rtentry$$00000000) for __rt_entry
    __rtentry.o(.ARM.Collect$$rtentry$$00000000) refers (Special) to __rtentry2.o(.ARM.Collect$$rtentry$$0000000A) for __rt_entry_li
    __rtentry.o(.ARM.Collect$$rtentry$$00000000) refers (Special) to __rtentry2.o(.ARM.Collect$$rtentry$$0000000D) for __rt_entry_main
    __rtentry.o(.ARM.Collect$$rtentry$$00000000) refers (Special) to __rtentry2.o(.ARM.Collect$$rtentry$$0000000C) for __rt_entry_postli_1
    __rtentry.o(.ARM.Collect$$rtentry$$00000000) refers (Special) to __rtentry2.o(.ARM.Collect$$rtentry$$00000009) for __rt_entry_postsh_1
    __rtentry.o(.ARM.Collect$$rtentry$$00000000) refers (Special) to __rtentry2.o(.ARM.Collect$$rtentry$$00000002) for __rt_entry_presh_1
    __rtentry.o(.ARM.Collect$$rtentry$$00000000) refers (Special) to __rtentry4.o(.ARM.Collect$$rtentry$$00000004) for __rt_entry_sh
    __rtentry2.o(.ARM.Collect$$rtentry$$00000008) refers to boardinit2.o(.text) for _platform_post_stackheap_init
    __rtentry2.o(.ARM.Collect$$rtentry$$0000000A) refers to libinit.o(.ARM.Collect$$libinit$$00000000) for __rt_lib_init
    __rtentry2.o(.ARM.Collect$$rtentry$$0000000B) refers to boardinit3.o(.text) for _platform_post_lib_init
    __rtentry2.o(.ARM.Collect$$rtentry$$0000000D) refers to main.o(.text) for main
    __rtentry2.o(.ARM.Collect$$rtentry$$0000000D) refers to exit.o(.text) for exit
    __rtentry2.o(.ARM.exidx) refers to __rtentry2.o(.ARM.Collect$$rtentry$$00000001) for .ARM.Collect$$rtentry$$00000001
    __rtentry2.o(.ARM.exidx) refers to __rtentry2.o(.ARM.Collect$$rtentry$$00000008) for .ARM.Collect$$rtentry$$00000008
    __rtentry2.o(.ARM.exidx) refers to __rtentry2.o(.ARM.Collect$$rtentry$$0000000A) for .ARM.Collect$$rtentry$$0000000A
    __rtentry2.o(.ARM.exidx) refers to __rtentry2.o(.ARM.Collect$$rtentry$$0000000B) for .ARM.Collect$$rtentry$$0000000B
    __rtentry2.o(.ARM.exidx) refers to __rtentry2.o(.ARM.Collect$$rtentry$$0000000D) for .ARM.Collect$$rtentry$$0000000D
    __rtentry4.o(.ARM.Collect$$rtentry$$00000004) refers to sys_stackheap_outer.o(.text) for __user_setup_stackheap
    __rtentry4.o(.ARM.exidx) refers to __rtentry4.o(.ARM.Collect$$rtentry$$00000004) for .ARM.Collect$$rtentry$$00000004
    sys_stackheap_outer.o(.text) refers to libspace.o(.text) for __user_perproc_libspace
    sys_stackheap_outer.o(.text) refers to startup_stm32f10x_md.o(.text) for __user_initial_stackheap
    exit.o(.text) refers to rtexit.o(.ARM.Collect$$rtexit$$00000000) for __rt_exit
    libinit.o(.ARM.Collect$$libinit$$00000000) refers (Special) to libinit2.o(.ARM.Collect$$libinit$$00000030) for __rt_lib_init_alloca_1
    libinit.o(.ARM.Collect$$libinit$$00000000) refers (Special) to libinit2.o(.ARM.Collect$$libinit$$0000002E) for __rt_lib_init_argv_1
    libinit.o(.ARM.Collect$$libinit$$00000000) refers (Special) to libinit2.o(.ARM.Collect$$libinit$$0000001D) for __rt_lib_init_atexit_1
    libinit.o(.ARM.Collect$$libinit$$00000000) refers (Special) to libinit2.o(.ARM.Collect$$libinit$$00000023) for __rt_lib_init_clock_1
    libinit.o(.ARM.Collect$$libinit$$00000000) refers (Special) to libinit2.o(.ARM.Collect$$libinit$$00000034) for __rt_lib_init_cpp_1
    libinit.o(.ARM.Collect$$libinit$$00000000) refers (Special) to libinit2.o(.ARM.Collect$$libinit$$00000032) for __rt_lib_init_exceptions_1
    libinit.o(.ARM.Collect$$libinit$$00000000) refers (Special) to libinit2.o(.ARM.Collect$$libinit$$00000002) for __rt_lib_init_fp_1
    libinit.o(.ARM.Collect$$libinit$$00000000) refers (Special) to libinit2.o(.ARM.Collect$$libinit$$00000021) for __rt_lib_init_fp_trap_1
    libinit.o(.ARM.Collect$$libinit$$00000000) refers (Special) to libinit2.o(.ARM.Collect$$libinit$$00000025) for __rt_lib_init_getenv_1
    libinit.o(.ARM.Collect$$libinit$$00000000) refers (Special) to libinit2.o(.ARM.Collect$$libinit$$0000000C) for __rt_lib_init_heap_1
    libinit.o(.ARM.Collect$$libinit$$00000000) refers (Special) to libinit2.o(.ARM.Collect$$libinit$$00000013) for __rt_lib_init_lc_collate_1
    libinit.o(.ARM.Collect$$libinit$$00000000) refers (Special) to libinit2.o(.ARM.Collect$$libinit$$00000015) for __rt_lib_init_lc_ctype_1
    libinit.o(.ARM.Collect$$libinit$$00000000) refers (Special) to libinit2.o(.ARM.Collect$$libinit$$00000017) for __rt_lib_init_lc_monetary_1
    libinit.o(.ARM.Collect$$libinit$$00000000) refers (Special) to libinit2.o(.ARM.Collect$$libinit$$00000019) for __rt_lib_init_lc_numeric_1
    libinit.o(.ARM.Collect$$libinit$$00000000) refers (Special) to libinit2.o(.ARM.Collect$$libinit$$0000001B) for __rt_lib_init_lc_time_1
    libinit.o(.ARM.Collect$$libinit$$00000000) refers (Special) to libinit2.o(.ARM.Collect$$libinit$$00000006) for __rt_lib_init_preinit_1
    libinit.o(.ARM.Collect$$libinit$$00000000) refers (Special) to libinit2.o(.ARM.Collect$$libinit$$00000010) for __rt_lib_init_rand_1
    libinit.o(.ARM.Collect$$libinit$$00000000) refers (Special) to libinit2.o(.ARM.Collect$$libinit$$00000004) for __rt_lib_init_relocate_pie_1
    libinit.o(.ARM.Collect$$libinit$$00000000) refers (Special) to libinit2.o(.ARM.Collect$$libinit$$00000035) for __rt_lib_init_return
    libinit.o(.ARM.Collect$$libinit$$00000000) refers (Special) to libinit2.o(.ARM.Collect$$libinit$$0000001F) for __rt_lib_init_signal_1
    libinit.o(.ARM.Collect$$libinit$$00000000) refers (Special) to libinit2.o(.ARM.Collect$$libinit$$00000027) for __rt_lib_init_stdio_1
    libinit.o(.ARM.Collect$$libinit$$00000000) refers (Special) to libinit2.o(.ARM.Collect$$libinit$$0000000E) for __rt_lib_init_user_alloc_1
    libspace.o(.text) refers to libspace.o(.bss) for __libspace_start
    rtexit.o(.ARM.Collect$$rtexit$$00000000) refers (Special) to rtexit2.o(.ARM.Collect$$rtexit$$00000004) for __rt_exit_exit
    rtexit.o(.ARM.Collect$$rtexit$$00000000) refers (Special) to rtexit2.o(.ARM.Collect$$rtexit$$00000003) for __rt_exit_ls
    rtexit.o(.ARM.Collect$$rtexit$$00000000) refers (Special) to rtexit2.o(.ARM.Collect$$rtexit$$00000002) for __rt_exit_prels_1
    rtexit.o(.ARM.exidx) refers (Special) to rtexit2.o(.ARM.Collect$$rtexit$$00000004) for __rt_exit_exit
    rtexit.o(.ARM.exidx) refers (Special) to rtexit2.o(.ARM.Collect$$rtexit$$00000003) for __rt_exit_ls
    rtexit.o(.ARM.exidx) refers (Special) to rtexit2.o(.ARM.Collect$$rtexit$$00000002) for __rt_exit_prels_1
    rtexit.o(.ARM.exidx) refers to rtexit.o(.ARM.Collect$$rtexit$$00000000) for .ARM.Collect$$rtexit$$00000000
    libinit2.o(.ARM.Collect$$libinit$$00000012) refers to libinit2.o(.ARM.Collect$$libinit$$00000011) for .ARM.Collect$$libinit$$00000011
    libinit2.o(.ARM.Collect$$libinit$$00000014) refers to libinit2.o(.ARM.Collect$$libinit$$00000011) for .ARM.Collect$$libinit$$00000011
    libinit2.o(.ARM.Collect$$libinit$$00000016) refers to libinit2.o(.ARM.Collect$$libinit$$00000011) for .ARM.Collect$$libinit$$00000011
    libinit2.o(.ARM.Collect$$libinit$$00000018) refers to libinit2.o(.ARM.Collect$$libinit$$00000011) for .ARM.Collect$$libinit$$00000011
    libinit2.o(.ARM.Collect$$libinit$$0000001A) refers to libinit2.o(.ARM.Collect$$libinit$$00000011) for .ARM.Collect$$libinit$$00000011
    libinit2.o(.ARM.Collect$$libinit$$00000028) refers to argv_veneer.o(.emb_text) for __ARM_argv_veneer
    libinit2.o(.ARM.Collect$$libinit$$00000029) refers to argv_veneer.o(.emb_text) for __ARM_argv_veneer
    rtexit2.o(.ARM.Collect$$rtexit$$00000003) refers to libshutdown.o(.ARM.Collect$$libshutdown$$00000000) for __rt_lib_shutdown
    rtexit2.o(.ARM.Collect$$rtexit$$00000004) refers to sys_exit.o(.text) for _sys_exit
    rtexit2.o(.ARM.exidx) refers to rtexit2.o(.ARM.Collect$$rtexit$$00000001) for .ARM.Collect$$rtexit$$00000001
    rtexit2.o(.ARM.exidx) refers to rtexit2.o(.ARM.Collect$$rtexit$$00000003) for .ARM.Collect$$rtexit$$00000003
    rtexit2.o(.ARM.exidx) refers to rtexit2.o(.ARM.Collect$$rtexit$$00000004) for .ARM.Collect$$rtexit$$00000004
    argv_veneer.o(.emb_text) refers to no_argv.o(.text) for __ARM_get_argv
    sys_exit.o(.text) refers (Special) to use_no_semi.o(.text) for __I$use$semihosting
    sys_exit.o(.text) refers (Special) to indicate_semi.o(.text) for __semihosting_library_function
    sys_exit_hlt.o(.text) refers (Special) to use_no_semi.o(.text) for __I$use$semihosting
    sys_exit_hlt.o(.text) refers (Special) to indicate_semi.o(.text) for __semihosting_library_function
    _get_argv_nomalloc.o(.text) refers (Special) to hrguard.o(.text) for __heap_region$guard
    _get_argv_nomalloc.o(.text) refers to defsig_rtmem_outer.o(.text) for __rt_SIGRTMEM
    _get_argv_nomalloc.o(.text) refers to sys_command.o(.text) for _sys_command_string
    libshutdown.o(.ARM.Collect$$libshutdown$$00000000) refers (Special) to libshutdown2.o(.ARM.Collect$$libshutdown$$00000002) for __rt_lib_shutdown_cpp_1
    libshutdown.o(.ARM.Collect$$libshutdown$$00000000) refers (Special) to libshutdown2.o(.ARM.Collect$$libshutdown$$00000007) for __rt_lib_shutdown_fp_trap_1
    libshutdown.o(.ARM.Collect$$libshutdown$$00000000) refers (Special) to libshutdown2.o(.ARM.Collect$$libshutdown$$0000000F) for __rt_lib_shutdown_heap_1
    libshutdown.o(.ARM.Collect$$libshutdown$$00000000) refers (Special) to libshutdown2.o(.ARM.Collect$$libshutdown$$00000010) for __rt_lib_shutdown_return
    libshutdown.o(.ARM.Collect$$libshutdown$$00000000) refers (Special) to libshutdown2.o(.ARM.Collect$$libshutdown$$0000000A) for __rt_lib_shutdown_signal_1
    libshutdown.o(.ARM.Collect$$libshutdown$$00000000) refers (Special) to libshutdown2.o(.ARM.Collect$$libshutdown$$00000004) for __rt_lib_shutdown_stdio_1
    libshutdown.o(.ARM.Collect$$libshutdown$$00000000) refers (Special) to libshutdown2.o(.ARM.Collect$$libshutdown$$0000000C) for __rt_lib_shutdown_user_alloc_1
    sys_command.o(.text) refers (Special) to use_no_semi.o(.text) for __I$use$semihosting
    sys_command.o(.text) refers (Special) to indicate_semi.o(.text) for __semihosting_library_function
    sys_command_hlt.o(.text) refers (Special) to use_no_semi.o(.text) for __I$use$semihosting
    sys_command_hlt.o(.text) refers (Special) to indicate_semi.o(.text) for __semihosting_library_function
    defsig_rtmem_outer.o(.text) refers to defsig_rtmem_inner.o(.text) for __rt_SIGRTMEM_inner
    defsig_rtmem_outer.o(.text) refers to defsig_exit.o(.text) for __sig_exit
    defsig_rtmem_formal.o(.text) refers to rt_raise.o(.text) for __rt_raise
    rt_raise.o(.text) refers to __raise.o(.text) for __raise
    rt_raise.o(.text) refers to sys_exit.o(.text) for _sys_exit
    defsig_exit.o(.text) refers to sys_exit.o(.text) for _sys_exit
    defsig_rtmem_inner.o(.text) refers to defsig_general.o(.text) for __default_signal_display
    __raise.o(.text) refers to defsig.o(CL$$defsig) for __default_signal_handler
    defsig_general.o(.text) refers to sys_wrch.o(.text) for _ttywrch
    sys_wrch.o(.text) refers (Special) to use_no_semi.o(.text) for __I$use$semihosting
    sys_wrch.o(.text) refers (Special) to indicate_semi.o(.text) for __semihosting_library_function
    sys_wrch_hlt.o(.text) refers (Special) to use_no_semi.o(.text) for __I$use$semihosting
    sys_wrch_hlt.o(.text) refers (Special) to indicate_semi.o(.text) for __semihosting_library_function
    defsig.o(CL$$defsig) refers to defsig_rtmem_inner.o(.text) for __rt_SIGRTMEM_inner
    defsig_abrt_inner.o(.text) refers to defsig_general.o(.text) for __default_signal_display
    defsig_fpe_inner.o(.text) refers to defsig_general.o(.text) for __default_signal_display
    defsig_rtred_inner.o(.text) refers to defsig_general.o(.text) for __default_signal_display
    defsig_stak_inner.o(.text) refers to defsig_general.o(.text) for __default_signal_display
    defsig_pvfn_inner.o(.text) refers to defsig_general.o(.text) for __default_signal_display
    defsig_cppl_inner.o(.text) refers to defsig_general.o(.text) for __default_signal_display
    defsig_segv_inner.o(.text) refers to defsig_general.o(.text) for __default_signal_display
    defsig_other.o(.text) refers to defsig_general.o(.text) for __default_signal_display


==============================================================================

Removing Unused input sections from the image.

    Removing main.o(.ARM.exidx), (176 bytes).
    Removing main.o(.bss.ir_need_update), (1 bytes).
    Removing main.o(.bss.ir_timeout_ms), (4 bytes).
    Removing main.o(.bss.signal), (1 bytes).
    Removing main.o(.data.updated), (1 bytes).
    Removing main.o(.data.mute_on), (1 bytes).
    Removing main.o(.bss.ir_code), (2 bytes).
    Removing main.o(.bss.ir_cmd), (1 bytes).
    Removing main.o(.bss.menu_idle_timer_ir), (4 bytes).
    Removing main.o(.bss.menu_idle_timer_enc), (4 bytes).
    Removing main.o(.bss.screen_return_timer), (4 bytes).
    Removing main.o(.bss.buffer), (16 bytes).
    Removing main.o(.bss.input_select), (1 bytes).
    Removing main.o(.bss.dig_flt), (1 bytes).
    Removing main.o(.bss.dsd_conf), (1 bytes).
    Removing main.o(.bss.mclk_conf), (1 bytes).
    Removing main.o(.bss.contrast), (4 bytes).
    Removing main.o(.bss.remote_packet), (4 bytes).
    Removing main.o(.ARM.use_no_argv), (4 bytes).
    Removing misc.o(.text), (352 bytes).
    Removing misc.o(.ARM.exidx), (40 bytes).
    Removing stm32f10x_flash.o(.ARM.exidx), (224 bytes).
    Removing delay.o(.ARM.exidx), (32 bytes).
    Removing dispport.o(.ARM.exidx), (80 bytes).
    Removing spi_ssd1322.o(.ARM.exidx), (200 bytes).
    Removing system_stm32f10x.o(.ARM.exidx), (32 bytes).
    Removing encoder.o(.ARM.exidx), (40 bytes).
    Removing controlport.o(.ARM.exidx), (48 bytes).
    Removing uart_xmos.o(.ARM.exidx), (48 bytes).
    Removing ir_remote_1.o(.ARM.exidx), (24 bytes).
    Removing ir_remote_1.o(.bss.ir_duration_index), (1 bytes).
    Removing ir_remote_1.o(.bss.ir_durations), (128 bytes).

32 unused section(s) (total 1480 bytes) removed from the image.

==============================================================================

Image Symbol Table

    Local Symbols

    Symbol Name                              Value     Ov Type        Size  Object(Section)

    ../clib/angel/boardlib.s                 0x00000000   Number         0  boardinit1.o ABSOLUTE
    ../clib/angel/boardlib.s                 0x00000000   Number         0  boardinit2.o ABSOLUTE
    ../clib/angel/boardlib.s                 0x00000000   Number         0  boardinit3.o ABSOLUTE
    ../clib/angel/boardlib.s                 0x00000000   Number         0  boardshut.o ABSOLUTE
    ../clib/angel/handlers.s                 0x00000000   Number         0  __scatter_copy.o ABSOLUTE
    ../clib/angel/handlers.s                 0x00000000   Number         0  __scatter_zi.o ABSOLUTE
    ../clib/angel/kernel.s                   0x00000000   Number         0  __rtentry.o ABSOLUTE
    ../clib/angel/kernel.s                   0x00000000   Number         0  __rtentry2.o ABSOLUTE
    ../clib/angel/kernel.s                   0x00000000   Number         0  __rtentry4.o ABSOLUTE
    ../clib/angel/kernel.s                   0x00000000   Number         0  rtexit.o ABSOLUTE
    ../clib/angel/kernel.s                   0x00000000   Number         0  rtexit2.o ABSOLUTE
    ../clib/angel/rt.s                       0x00000000   Number         0  rt_raise.o ABSOLUTE
    ../clib/angel/scatter.s                  0x00000000   Number         0  __scatter.o ABSOLUTE
    ../clib/angel/startup.s                  0x00000000   Number         0  __main.o ABSOLUTE
    ../clib/angel/sys.s                      0x00000000   Number         0  sys_stackheap_outer.o ABSOLUTE
    ../clib/angel/sys.s                      0x00000000   Number         0  libspace.o ABSOLUTE
    ../clib/angel/sys.s                      0x00000000   Number         0  use_no_semi.o ABSOLUTE
    ../clib/angel/sys.s                      0x00000000   Number         0  indicate_semi.o ABSOLUTE
    ../clib/angel/sysapp.c                   0x00000000   Number         0  sys_exit.o ABSOLUTE
    ../clib/angel/sysapp.c                   0x00000000   Number         0  sys_exit_hlt.o ABSOLUTE
    ../clib/angel/sysapp.c                   0x00000000   Number         0  sys_command.o ABSOLUTE
    ../clib/angel/sysapp.c                   0x00000000   Number         0  sys_command_hlt.o ABSOLUTE
    ../clib/angel/sysapp.c                   0x00000000   Number         0  sys_wrch.o ABSOLUTE
    ../clib/angel/sysapp.c                   0x00000000   Number         0  sys_wrch_hlt.o ABSOLUTE
    ../clib/armsys.c                         0x00000000   Number         0  argv_veneer.o ABSOLUTE
    ../clib/armsys.c                         0x00000000   Number         0  argv_veneer.o ABSOLUTE
    ../clib/armsys.c                         0x00000000   Number         0  _get_argv_nomalloc.o ABSOLUTE
    ../clib/armsys.c                         0x00000000   Number         0  no_argv.o ABSOLUTE
    ../clib/heapalloc.c                      0x00000000   Number         0  hrguard.o ABSOLUTE
    ../clib/heapaux.c                        0x00000000   Number         0  heapauxi.o ABSOLUTE
    ../clib/libinit.s                        0x00000000   Number         0  libinit.o ABSOLUTE
    ../clib/libinit.s                        0x00000000   Number         0  libinit2.o ABSOLUTE
    ../clib/libinit.s                        0x00000000   Number         0  libshutdown.o ABSOLUTE
    ../clib/libinit.s                        0x00000000   Number         0  libshutdown2.o ABSOLUTE
    ../clib/signal.c                         0x00000000   Number         0  defsig_rtmem_outer.o ABSOLUTE
    ../clib/signal.c                         0x00000000   Number         0  defsig_rtmem_formal.o ABSOLUTE
    ../clib/signal.c                         0x00000000   Number         0  defsig_exit.o ABSOLUTE
    ../clib/signal.c                         0x00000000   Number         0  defsig_rtmem_inner.o ABSOLUTE
    ../clib/signal.c                         0x00000000   Number         0  __raise.o ABSOLUTE
    ../clib/signal.c                         0x00000000   Number         0  defsig_general.o ABSOLUTE
    ../clib/signal.c                         0x00000000   Number         0  defsig_abrt_inner.o ABSOLUTE
    ../clib/signal.c                         0x00000000   Number         0  defsig_fpe_inner.o ABSOLUTE
    ../clib/signal.c                         0x00000000   Number         0  defsig_rtred_inner.o ABSOLUTE
    ../clib/signal.c                         0x00000000   Number         0  defsig_stak_inner.o ABSOLUTE
    ../clib/signal.c                         0x00000000   Number         0  defsig_pvfn_inner.o ABSOLUTE
    ../clib/signal.c                         0x00000000   Number         0  defsig_cppl_inner.o ABSOLUTE
    ../clib/signal.c                         0x00000000   Number         0  defsig_segv_inner.o ABSOLUTE
    ../clib/signal.c                         0x00000000   Number         0  defsig_other.o ABSOLUTE
    ../clib/signal.s                         0x00000000   Number         0  defsig.o ABSOLUTE
    ../clib/stdlib.c                         0x00000000   Number         0  exit.o ABSOLUTE
    ../fplib/fpinit.s                        0x00000000   Number         0  fpinit.o ABSOLUTE
    ../fplib/fpinit_empty.s                  0x00000000   Number         0  fpinit_empty.o ABSOLUTE
    ControlPort.c                            0x00000000   Number         0  controlport.o ABSOLUTE
    Delay.c                                  0x00000000   Number         0  delay.o ABSOLUTE
    DispPort.c                               0x00000000   Number         0  dispport.o ABSOLUTE
    UART_XMOS.c                              0x00000000   Number         0  uart_xmos.o ABSOLUTE
    cmsis_boot\startup\startup_stm32f10x_md.s 0x00000000   Number         0  startup_stm32f10x_md.o ABSOLUTE
    dc.s                                     0x00000000   Number         0  dc.o ABSOLUTE
    encoder.c                                0x00000000   Number         0  encoder.o ABSOLUTE
    ir_remote.c                              0x00000000   Number         0  ir_remote_1.o ABSOLUTE
    main.c                                   0x00000000   Number         0  main.o ABSOLUTE
    misc.c                                   0x00000000   Number         0  misc.o ABSOLUTE
    spi_ssd1322.c                            0x00000000   Number         0  spi_ssd1322.o ABSOLUTE
    stm32f10x_flash.c                        0x00000000   Number         0  stm32f10x_flash.o ABSOLUTE
    system_stm32f10x.c                       0x00000000   Number         0  system_stm32f10x.o ABSOLUTE
    RESET                                    0x08000000   Section      236  startup_stm32f10x_md.o(RESET)
    !!!main                                  0x080000ec   Section        8  __main.o(!!!main)
    !!!scatter                               0x080000f4   Section       52  __scatter.o(!!!scatter)
    !!handler_copy                           0x08000128   Section       26  __scatter_copy.o(!!handler_copy)
    !!handler_zi                             0x08000144   Section       28  __scatter_zi.o(!!handler_zi)
    .ARM.Collect$$libinit$$00000000          0x08000160   Section        2  libinit.o(.ARM.Collect$$libinit$$00000000)
    .ARM.Collect$$libinit$$00000002          0x08000162   Section        0  libinit2.o(.ARM.Collect$$libinit$$00000002)
    .ARM.Collect$$libinit$$00000004          0x08000162   Section        0  libinit2.o(.ARM.Collect$$libinit$$00000004)
    .ARM.Collect$$libinit$$00000006          0x08000162   Section        0  libinit2.o(.ARM.Collect$$libinit$$00000006)
    .ARM.Collect$$libinit$$0000000C          0x08000162   Section        0  libinit2.o(.ARM.Collect$$libinit$$0000000C)
    .ARM.Collect$$libinit$$0000000E          0x08000162   Section        0  libinit2.o(.ARM.Collect$$libinit$$0000000E)
    .ARM.Collect$$libinit$$00000010          0x08000162   Section        0  libinit2.o(.ARM.Collect$$libinit$$00000010)
    .ARM.Collect$$libinit$$00000013          0x08000162   Section        0  libinit2.o(.ARM.Collect$$libinit$$00000013)
    .ARM.Collect$$libinit$$00000015          0x08000162   Section        0  libinit2.o(.ARM.Collect$$libinit$$00000015)
    .ARM.Collect$$libinit$$00000017          0x08000162   Section        0  libinit2.o(.ARM.Collect$$libinit$$00000017)
    .ARM.Collect$$libinit$$00000019          0x08000162   Section        0  libinit2.o(.ARM.Collect$$libinit$$00000019)
    .ARM.Collect$$libinit$$0000001B          0x08000162   Section        0  libinit2.o(.ARM.Collect$$libinit$$0000001B)
    .ARM.Collect$$libinit$$0000001D          0x08000162   Section        0  libinit2.o(.ARM.Collect$$libinit$$0000001D)
    .ARM.Collect$$libinit$$0000001F          0x08000162   Section        0  libinit2.o(.ARM.Collect$$libinit$$0000001F)
    .ARM.Collect$$libinit$$00000021          0x08000162   Section        0  libinit2.o(.ARM.Collect$$libinit$$00000021)
    .ARM.Collect$$libinit$$00000023          0x08000162   Section        0  libinit2.o(.ARM.Collect$$libinit$$00000023)
    .ARM.Collect$$libinit$$00000025          0x08000162   Section        0  libinit2.o(.ARM.Collect$$libinit$$00000025)
    .ARM.Collect$$libinit$$00000027          0x08000162   Section        0  libinit2.o(.ARM.Collect$$libinit$$00000027)
    .ARM.Collect$$libinit$$0000002E          0x08000162   Section        0  libinit2.o(.ARM.Collect$$libinit$$0000002E)
    .ARM.Collect$$libinit$$00000030          0x08000162   Section        0  libinit2.o(.ARM.Collect$$libinit$$00000030)
    .ARM.Collect$$libinit$$00000032          0x08000162   Section        0  libinit2.o(.ARM.Collect$$libinit$$00000032)
    .ARM.Collect$$libinit$$00000034          0x08000162   Section        0  libinit2.o(.ARM.Collect$$libinit$$00000034)
    .ARM.Collect$$libinit$$00000035          0x08000162   Section        2  libinit2.o(.ARM.Collect$$libinit$$00000035)
    .ARM.Collect$$libshutdown$$00000000      0x08000164   Section        2  libshutdown.o(.ARM.Collect$$libshutdown$$00000000)
    .ARM.Collect$$libshutdown$$00000002      0x08000166   Section        0  libshutdown2.o(.ARM.Collect$$libshutdown$$00000002)
    .ARM.Collect$$libshutdown$$00000004      0x08000166   Section        0  libshutdown2.o(.ARM.Collect$$libshutdown$$00000004)
    .ARM.Collect$$libshutdown$$00000007      0x08000166   Section        0  libshutdown2.o(.ARM.Collect$$libshutdown$$00000007)
    .ARM.Collect$$libshutdown$$0000000A      0x08000166   Section        0  libshutdown2.o(.ARM.Collect$$libshutdown$$0000000A)
    .ARM.Collect$$libshutdown$$0000000C      0x08000166   Section        0  libshutdown2.o(.ARM.Collect$$libshutdown$$0000000C)
    .ARM.Collect$$libshutdown$$0000000F      0x08000166   Section        0  libshutdown2.o(.ARM.Collect$$libshutdown$$0000000F)
    .ARM.Collect$$libshutdown$$00000010      0x08000166   Section        2  libshutdown2.o(.ARM.Collect$$libshutdown$$00000010)
    .ARM.Collect$$rtentry$$00000000          0x08000168   Section        0  __rtentry.o(.ARM.Collect$$rtentry$$00000000)
    .ARM.Collect$$rtentry$$00000002          0x08000168   Section        0  __rtentry2.o(.ARM.Collect$$rtentry$$00000002)
    .ARM.Collect$$rtentry$$00000004          0x08000168   Section        6  __rtentry4.o(.ARM.Collect$$rtentry$$00000004)
    .ARM.Collect$$rtentry$$00000009          0x0800016e   Section        0  __rtentry2.o(.ARM.Collect$$rtentry$$00000009)
    .ARM.Collect$$rtentry$$0000000A          0x0800016e   Section        4  __rtentry2.o(.ARM.Collect$$rtentry$$0000000A)
    .ARM.Collect$$rtentry$$0000000C          0x08000172   Section        0  __rtentry2.o(.ARM.Collect$$rtentry$$0000000C)
    .ARM.Collect$$rtentry$$0000000D          0x08000172   Section        8  __rtentry2.o(.ARM.Collect$$rtentry$$0000000D)
    .ARM.Collect$$rtexit$$00000000           0x0800017a   Section        2  rtexit.o(.ARM.Collect$$rtexit$$00000000)
    .ARM.Collect$$rtexit$$00000002           0x0800017c   Section        0  rtexit2.o(.ARM.Collect$$rtexit$$00000002)
    .ARM.Collect$$rtexit$$00000003           0x0800017c   Section        4  rtexit2.o(.ARM.Collect$$rtexit$$00000003)
    .ARM.Collect$$rtexit$$00000004           0x08000180   Section        6  rtexit2.o(.ARM.Collect$$rtexit$$00000004)
    .text                                    0x08000188   Section       64  startup_stm32f10x_md.o(.text)
    [Anonymous Symbol]                       0x080001c8   Section        0  main.o(.text)
    NVIC_EnableIRQ                           0x08001061   Thumb Code    36  main.o(.text)
    NVIC_SetPriority                         0x08001879   Thumb Code    68  main.o(.text)
    [Anonymous Symbol]                       0x08001af0   Section        0  stm32f10x_flash.o(.text)
    [Anonymous Symbol]                       0x08002554   Section        0  delay.o(.text)
    delta                                    0x080025c9   Thumb Code    16  delay.o(.text)
    [Anonymous Symbol]                       0x08002628   Section        0  dispport.o(.text)
    [Anonymous Symbol]                       0x0800278c   Section        0  spi_ssd1322.o(.text)
    byte_to_hex                              0x0800331d   Thumb Code    52  spi_ssd1322.o(.text)
    [Anonymous Symbol]                       0x08003350   Section        0  system_stm32f10x.o(.text)
    SetSysClock                              0x080033b9   Thumb Code     8  system_stm32f10x.o(.text)
    SetSysClockTo72                          0x080034e5   Thumb Code   290  system_stm32f10x.o(.text)
    [Anonymous Symbol]                       0x08003608   Section        0  encoder.o(.text)
    NVIC_EnableIRQ                           0x080036f9   Thumb Code    36  encoder.o(.text)
    NVIC_SetPriority                         0x0800371d   Thumb Code    68  encoder.o(.text)
    [Anonymous Symbol]                       0x08003780   Section        0  controlport.o(.text)
    [Anonymous Symbol]                       0x0800388c   Section        0  uart_xmos.o(.text)
    NVIC_EnableIRQ                           0x08003919   Thumb Code    36  uart_xmos.o(.text)
    NVIC_SetPriority                         0x0800393d   Thumb Code    68  uart_xmos.o(.text)
    [Anonymous Symbol]                       0x08003a44   Section        0  ir_remote_1.o(.text)
    NVIC_DisableIRQ                          0x08003c59   Thumb Code    36  ir_remote_1.o(.text)
    .text                                    0x08003cda   Section        0  heapauxi.o(.text)
    .text                                    0x08003ce0   Section       74  sys_stackheap_outer.o(.text)
    .text                                    0x08003d2a   Section        0  exit.o(.text)
    .text                                    0x08003d3c   Section        8  libspace.o(.text)
    .text                                    0x08003d44   Section        0  sys_exit.o(.text)
    .text                                    0x08003d50   Section        2  use_no_semi.o(.text)
    .text                                    0x08003d52   Section        0  indicate_semi.o(.text)
    hex_chars                                0x08007c04   Data          17  spi_ssd1322.o(.rodata.hex_chars)
    [Anonymous Symbol]                       0x08007c04   Section        0  spi_ssd1322.o(.rodata.hex_chars)
    .L.str.3                                 0x08007c15   Data          15  main.o(.rodata.str1.1)
    [Anonymous Symbol]                       0x08007c15   Section        0  main.o(.rodata.str1.1)
    .L.str.51                                0x08007c24   Data          33  main.o(.rodata.str1.1)
    .L.str.32                                0x08007c45   Data          14  main.o(.rodata.str1.1)
    .L.str.30                                0x08007c53   Data          14  main.o(.rodata.str1.1)
    .L.str.50                                0x08007c61   Data          33  main.o(.rodata.str1.1)
    .L.str.49                                0x08007c82   Data          33  main.o(.rodata.str1.1)
    .L.str.34                                0x08007ca3   Data          14  main.o(.rodata.str1.1)
    .L.str.36                                0x08007cb1   Data          14  main.o(.rodata.str1.1)
    .L.str.38                                0x08007cbf   Data          14  main.o(.rodata.str1.1)
    .L.str.41                                0x08007ccd   Data          14  main.o(.rodata.str1.1)
    .L.str.48                                0x08007cdb   Data          33  main.o(.rodata.str1.1)
    .L.str.15                                0x08007cfc   Data           8  main.o(.rodata.str1.1)
    .L.str.4                                 0x08007d04   Data          15  main.o(.rodata.str1.1)
    .L.str.29                                0x08007d13   Data          14  main.o(.rodata.str1.1)
    .L.str.31                                0x08007d21   Data          14  main.o(.rodata.str1.1)
    .L.str.40                                0x08007d2f   Data          14  main.o(.rodata.str1.1)
    .L.str.42                                0x08007d3d   Data          14  main.o(.rodata.str1.1)
    .L.str.20                                0x08007d4b   Data          12  main.o(.rodata.str1.1)
    .L.str.26                                0x08007d57   Data          12  main.o(.rodata.str1.1)
    .L.str.5                                 0x08007d63   Data          15  main.o(.rodata.str1.1)
    .L.str.22                                0x08007d72   Data          12  main.o(.rodata.str1.1)
    .L.str.21                                0x08007d7e   Data          12  main.o(.rodata.str1.1)
    .L.str.24                                0x08007d8a   Data          12  main.o(.rodata.str1.1)
    .L.str.23                                0x08007d96   Data          12  main.o(.rodata.str1.1)
    .L.str.25                                0x08007da2   Data          12  main.o(.rodata.str1.1)
    .L.str.33                                0x08007dae   Data          14  main.o(.rodata.str1.1)
    .L.str.37                                0x08007dbc   Data          14  main.o(.rodata.str1.1)
    .L.str.35                                0x08007dca   Data          14  main.o(.rodata.str1.1)
    .L.str.45                                0x08007dd8   Data          14  main.o(.rodata.str1.1)
    .L.str.47                                0x08007de6   Data          33  main.o(.rodata.str1.1)
    .L.str.44                                0x08007e07   Data          14  main.o(.rodata.str1.1)
    .L.str.43                                0x08007e15   Data          14  main.o(.rodata.str1.1)
    .L.str.2                                 0x08007e23   Data           3  main.o(.rodata.str1.1)
    .L.str.13                                0x08007e26   Data          13  main.o(.rodata.str1.1)
    .L.str.27                                0x08007e33   Data           8  main.o(.rodata.str1.1)
    .L.str.1                                 0x08007e3b   Data           7  main.o(.rodata.str1.1)
    .L.str.19                                0x08007e42   Data          12  main.o(.rodata.str1.1)
    .L.str                                   0x08007e4e   Data           7  main.o(.rodata.str1.1)
    .L.str.16                                0x08007e55   Data           7  main.o(.rodata.str1.1)
    .L.str.17                                0x08007e5c   Data           8  main.o(.rodata.str1.1)
    .L.str.18                                0x08007e64   Data           4  main.o(.rodata.str1.1)
    .L.str.9                                 0x08007e68   Data          13  main.o(.rodata.str1.1)
    .L.str.28                                0x08007e75   Data          11  main.o(.rodata.str1.1)
    .L.str.46                                0x08007e80   Data           9  main.o(.rodata.str1.1)
    .L.str.14                                0x08007e89   Data           6  main.o(.rodata.str1.1)
    .L.str.7                                 0x08007e8f   Data          13  main.o(.rodata.str1.1)
    .L.str.6                                 0x08007e9c   Data          14  main.o(.rodata.str1.1)
    .L.str.8                                 0x08007eaa   Data          13  main.o(.rodata.str1.1)
    .L.str.11                                0x08007eb7   Data          13  main.o(.rodata.str1.1)
    .L.str.10                                0x08007ec4   Data          13  main.o(.rodata.str1.1)
    .L.str.12                                0x08007ed1   Data          13  main.o(.rodata.str1.1)
    .L.str.39                                0x08007ede   Data          14  main.o(.rodata.str1.1)
    Update_Bottom_Line.last_mode             0x20000004   Data           1  main.o(.data.Update_Bottom_Line.last_mode)
    [Anonymous Symbol]                       0x20000004   Section        0  main.o(.data.Update_Bottom_Line.last_mode)
    last_mute                                0x2000000c   Data           1  main.o(.data.last_mute)
    [Anonymous Symbol]                       0x2000000c   Section        0  main.o(.data.last_mute)
    .bss                                     0x20000018   Section       96  libspace.o(.bss)
    buffer_index                             0x20000079   Data           1  uart_xmos.o(.bss.buffer_index)
    [Anonymous Symbol]                       0x20000079   Section        0  uart_xmos.o(.bss.buffer_index)
    mute_flag                                0x2000009f   Data           1  main.o(.bss.mute_flag)
    [Anonymous Symbol]                       0x2000009f   Section        0  main.o(.bss.mute_flag)
    Heap_Mem                                 0x200010b0   Data        2048  startup_stm32f10x_md.o(HEAP)
    HEAP                                     0x200010b0   Section     2048  startup_stm32f10x_md.o(HEAP)
    Stack_Mem                                0x200018b0   Data        2048  startup_stm32f10x_md.o(STACK)
    STACK                                    0x200018b0   Section     2048  startup_stm32f10x_md.o(STACK)
    __initial_sp                             0x200020b0   Data           0  startup_stm32f10x_md.o(STACK)

    Global Symbols

    Symbol Name                              Value     Ov Type        Size  Object(Section)

    BuildAttributes$$THM_ISAv4$P$D$K$B$S$PE$A:L22UL41UL21$X:L11$S22US41US21$IEEE1$IW$~IW$USESV6$~STKCKD$USESV7$~SHL$OSPACE$ROPI$EBA8$UX$STANDARDLIB$REQ8$PRES8$EABIv2 0x00000000   Number         0  anon$$obj.o ABSOLUTE
    __fp_init_empty                          0x00000000   Number         0  fpinit_empty.o ABSOLUTE
    __ARM_exceptions_init                     - Undefined Weak Reference
    __alloca_initialize                       - Undefined Weak Reference
    __arm_preinit_                            - Undefined Weak Reference
    __arm_relocate_pie_                       - Undefined Weak Reference
    __cpp_initialize__aeabi_                  - Undefined Weak Reference
    __cxa_finalize                            - Undefined Weak Reference
    __rt_locale                               - Undefined Weak Reference
    __sigvec_lookup                           - Undefined Weak Reference
    _atexit_init                              - Undefined Weak Reference
    _call_atexit_fns                          - Undefined Weak Reference
    _clock_init                               - Undefined Weak Reference
    _fp_trap_init                             - Undefined Weak Reference
    _fp_trap_shutdown                         - Undefined Weak Reference
    _get_lc_collate                           - Undefined Weak Reference
    _get_lc_ctype                             - Undefined Weak Reference
    _get_lc_monetary                          - Undefined Weak Reference
    _get_lc_numeric                           - Undefined Weak Reference
    _get_lc_time                              - Undefined Weak Reference
    _getenv_init                              - Undefined Weak Reference
    _handle_redirection                       - Undefined Weak Reference
    _init_alloc                               - Undefined Weak Reference
    _init_user_alloc                          - Undefined Weak Reference
    _initio                                   - Undefined Weak Reference
    _rand_init                                - Undefined Weak Reference
    _signal_finish                            - Undefined Weak Reference
    _signal_init                              - Undefined Weak Reference
    _terminate_alloc                          - Undefined Weak Reference
    _terminate_user_alloc                     - Undefined Weak Reference
    _terminateio                              - Undefined Weak Reference
    __Vectors_Size                           0x000000ec   Number         0  startup_stm32f10x_md.o ABSOLUTE
    __Vectors                                0x08000000   Data           4  startup_stm32f10x_md.o(RESET)
    __Vectors_End                            0x080000ec   Data           0  startup_stm32f10x_md.o(RESET)
    __main                                   0x080000ed   Thumb Code     8  __main.o(!!!main)
    __scatterload                            0x080000f5   Thumb Code     0  __scatter.o(!!!scatter)
    __scatterload_rt2                        0x080000f5   Thumb Code    44  __scatter.o(!!!scatter)
    __scatterload_rt2_thumb_only             0x080000f5   Thumb Code     0  __scatter.o(!!!scatter)
    __scatterload_null                       0x08000103   Thumb Code     0  __scatter.o(!!!scatter)
    __scatterload_copy                       0x08000129   Thumb Code    26  __scatter_copy.o(!!handler_copy)
    __scatterload_zeroinit                   0x08000145   Thumb Code    28  __scatter_zi.o(!!handler_zi)
    __rt_lib_init                            0x08000161   Thumb Code     0  libinit.o(.ARM.Collect$$libinit$$00000000)
    __rt_lib_init_alloca_1                   0x08000163   Thumb Code     0  libinit2.o(.ARM.Collect$$libinit$$00000030)
    __rt_lib_init_argv_1                     0x08000163   Thumb Code     0  libinit2.o(.ARM.Collect$$libinit$$0000002E)
    __rt_lib_init_atexit_1                   0x08000163   Thumb Code     0  libinit2.o(.ARM.Collect$$libinit$$0000001D)
    __rt_lib_init_clock_1                    0x08000163   Thumb Code     0  libinit2.o(.ARM.Collect$$libinit$$00000023)
    __rt_lib_init_cpp_1                      0x08000163   Thumb Code     0  libinit2.o(.ARM.Collect$$libinit$$00000034)
    __rt_lib_init_exceptions_1               0x08000163   Thumb Code     0  libinit2.o(.ARM.Collect$$libinit$$00000032)
    __rt_lib_init_fp_1                       0x08000163   Thumb Code     0  libinit2.o(.ARM.Collect$$libinit$$00000002)
    __rt_lib_init_fp_trap_1                  0x08000163   Thumb Code     0  libinit2.o(.ARM.Collect$$libinit$$00000021)
    __rt_lib_init_getenv_1                   0x08000163   Thumb Code     0  libinit2.o(.ARM.Collect$$libinit$$00000025)
    __rt_lib_init_heap_1                     0x08000163   Thumb Code     0  libinit2.o(.ARM.Collect$$libinit$$0000000C)
    __rt_lib_init_lc_collate_1               0x08000163   Thumb Code     0  libinit2.o(.ARM.Collect$$libinit$$00000013)
    __rt_lib_init_lc_ctype_1                 0x08000163   Thumb Code     0  libinit2.o(.ARM.Collect$$libinit$$00000015)
    __rt_lib_init_lc_monetary_1              0x08000163   Thumb Code     0  libinit2.o(.ARM.Collect$$libinit$$00000017)
    __rt_lib_init_lc_numeric_1               0x08000163   Thumb Code     0  libinit2.o(.ARM.Collect$$libinit$$00000019)
    __rt_lib_init_lc_time_1                  0x08000163   Thumb Code     0  libinit2.o(.ARM.Collect$$libinit$$0000001B)
    __rt_lib_init_preinit_1                  0x08000163   Thumb Code     0  libinit2.o(.ARM.Collect$$libinit$$00000006)
    __rt_lib_init_rand_1                     0x08000163   Thumb Code     0  libinit2.o(.ARM.Collect$$libinit$$00000010)
    __rt_lib_init_relocate_pie_1             0x08000163   Thumb Code     0  libinit2.o(.ARM.Collect$$libinit$$00000004)
    __rt_lib_init_return                     0x08000163   Thumb Code     0  libinit2.o(.ARM.Collect$$libinit$$00000035)
    __rt_lib_init_signal_1                   0x08000163   Thumb Code     0  libinit2.o(.ARM.Collect$$libinit$$0000001F)
    __rt_lib_init_stdio_1                    0x08000163   Thumb Code     0  libinit2.o(.ARM.Collect$$libinit$$00000027)
    __rt_lib_init_user_alloc_1               0x08000163   Thumb Code     0  libinit2.o(.ARM.Collect$$libinit$$0000000E)
    __rt_lib_shutdown                        0x08000165   Thumb Code     0  libshutdown.o(.ARM.Collect$$libshutdown$$00000000)
    __rt_lib_shutdown_cpp_1                  0x08000167   Thumb Code     0  libshutdown2.o(.ARM.Collect$$libshutdown$$00000002)
    __rt_lib_shutdown_fp_trap_1              0x08000167   Thumb Code     0  libshutdown2.o(.ARM.Collect$$libshutdown$$00000007)
    __rt_lib_shutdown_heap_1                 0x08000167   Thumb Code     0  libshutdown2.o(.ARM.Collect$$libshutdown$$0000000F)
    __rt_lib_shutdown_return                 0x08000167   Thumb Code     0  libshutdown2.o(.ARM.Collect$$libshutdown$$00000010)
    __rt_lib_shutdown_signal_1               0x08000167   Thumb Code     0  libshutdown2.o(.ARM.Collect$$libshutdown$$0000000A)
    __rt_lib_shutdown_stdio_1                0x08000167   Thumb Code     0  libshutdown2.o(.ARM.Collect$$libshutdown$$00000004)
    __rt_lib_shutdown_user_alloc_1           0x08000167   Thumb Code     0  libshutdown2.o(.ARM.Collect$$libshutdown$$0000000C)
    __rt_entry                               0x08000169   Thumb Code     0  __rtentry.o(.ARM.Collect$$rtentry$$00000000)
    __rt_entry_presh_1                       0x08000169   Thumb Code     0  __rtentry2.o(.ARM.Collect$$rtentry$$00000002)
    __rt_entry_sh                            0x08000169   Thumb Code     0  __rtentry4.o(.ARM.Collect$$rtentry$$00000004)
    __rt_entry_li                            0x0800016f   Thumb Code     0  __rtentry2.o(.ARM.Collect$$rtentry$$0000000A)
    __rt_entry_postsh_1                      0x0800016f   Thumb Code     0  __rtentry2.o(.ARM.Collect$$rtentry$$00000009)
    __rt_entry_main                          0x08000173   Thumb Code     0  __rtentry2.o(.ARM.Collect$$rtentry$$0000000D)
    __rt_entry_postli_1                      0x08000173   Thumb Code     0  __rtentry2.o(.ARM.Collect$$rtentry$$0000000C)
    __rt_exit                                0x0800017b   Thumb Code     0  rtexit.o(.ARM.Collect$$rtexit$$00000000)
    __rt_exit_ls                             0x0800017d   Thumb Code     0  rtexit2.o(.ARM.Collect$$rtexit$$00000003)
    __rt_exit_prels_1                        0x0800017d   Thumb Code     0  rtexit2.o(.ARM.Collect$$rtexit$$00000002)
    __rt_exit_exit                           0x08000181   Thumb Code     0  rtexit2.o(.ARM.Collect$$rtexit$$00000004)
    Reset_Handler                            0x08000189   Thumb Code     8  startup_stm32f10x_md.o(.text)
    NMI_Handler                              0x08000191   Thumb Code     2  startup_stm32f10x_md.o(.text)
    HardFault_Handler                        0x08000193   Thumb Code     2  startup_stm32f10x_md.o(.text)
    MemManage_Handler                        0x08000195   Thumb Code     2  startup_stm32f10x_md.o(.text)
    BusFault_Handler                         0x08000197   Thumb Code     2  startup_stm32f10x_md.o(.text)
    UsageFault_Handler                       0x08000199   Thumb Code     2  startup_stm32f10x_md.o(.text)
    SVC_Handler                              0x0800019b   Thumb Code     2  startup_stm32f10x_md.o(.text)
    DebugMon_Handler                         0x0800019d   Thumb Code     2  startup_stm32f10x_md.o(.text)
    PendSV_Handler                           0x0800019f   Thumb Code     2  startup_stm32f10x_md.o(.text)
    SysTick_Handler                          0x080001a1   Thumb Code     2  startup_stm32f10x_md.o(.text)
    ADC1_2_IRQHandler                        0x080001a3   Thumb Code     0  startup_stm32f10x_md.o(.text)
    CAN1_RX1_IRQHandler                      0x080001a3   Thumb Code     0  startup_stm32f10x_md.o(.text)
    CAN1_SCE_IRQHandler                      0x080001a3   Thumb Code     0  startup_stm32f10x_md.o(.text)
    DMA1_Channel1_IRQHandler                 0x080001a3   Thumb Code     0  startup_stm32f10x_md.o(.text)
    DMA1_Channel2_IRQHandler                 0x080001a3   Thumb Code     0  startup_stm32f10x_md.o(.text)
    DMA1_Channel3_IRQHandler                 0x080001a3   Thumb Code     0  startup_stm32f10x_md.o(.text)
    DMA1_Channel4_IRQHandler                 0x080001a3   Thumb Code     0  startup_stm32f10x_md.o(.text)
    DMA1_Channel5_IRQHandler                 0x080001a3   Thumb Code     0  startup_stm32f10x_md.o(.text)
    DMA1_Channel6_IRQHandler                 0x080001a3   Thumb Code     0  startup_stm32f10x_md.o(.text)
    DMA1_Channel7_IRQHandler                 0x080001a3   Thumb Code     0  startup_stm32f10x_md.o(.text)
    EXTI0_IRQHandler                         0x080001a3   Thumb Code     0  startup_stm32f10x_md.o(.text)
    EXTI15_10_IRQHandler                     0x080001a3   Thumb Code     0  startup_stm32f10x_md.o(.text)
    EXTI1_IRQHandler                         0x080001a3   Thumb Code     0  startup_stm32f10x_md.o(.text)
    EXTI2_IRQHandler                         0x080001a3   Thumb Code     0  startup_stm32f10x_md.o(.text)
    EXTI3_IRQHandler                         0x080001a3   Thumb Code     0  startup_stm32f10x_md.o(.text)
    EXTI4_IRQHandler                         0x080001a3   Thumb Code     0  startup_stm32f10x_md.o(.text)
    FLASH_IRQHandler                         0x080001a3   Thumb Code     0  startup_stm32f10x_md.o(.text)
    I2C1_ER_IRQHandler                       0x080001a3   Thumb Code     0  startup_stm32f10x_md.o(.text)
    I2C1_EV_IRQHandler                       0x080001a3   Thumb Code     0  startup_stm32f10x_md.o(.text)
    I2C2_ER_IRQHandler                       0x080001a3   Thumb Code     0  startup_stm32f10x_md.o(.text)
    I2C2_EV_IRQHandler                       0x080001a3   Thumb Code     0  startup_stm32f10x_md.o(.text)
    PVD_IRQHandler                           0x080001a3   Thumb Code     0  startup_stm32f10x_md.o(.text)
    RCC_IRQHandler                           0x080001a3   Thumb Code     0  startup_stm32f10x_md.o(.text)
    RTCAlarm_IRQHandler                      0x080001a3   Thumb Code     0  startup_stm32f10x_md.o(.text)
    RTC_IRQHandler                           0x080001a3   Thumb Code     0  startup_stm32f10x_md.o(.text)
    SPI1_IRQHandler                          0x080001a3   Thumb Code     0  startup_stm32f10x_md.o(.text)
    SPI2_IRQHandler                          0x080001a3   Thumb Code     0  startup_stm32f10x_md.o(.text)
    TAMPER_IRQHandler                        0x080001a3   Thumb Code     0  startup_stm32f10x_md.o(.text)
    TIM1_BRK_IRQHandler                      0x080001a3   Thumb Code     0  startup_stm32f10x_md.o(.text)
    TIM1_CC_IRQHandler                       0x080001a3   Thumb Code     0  startup_stm32f10x_md.o(.text)
    TIM1_TRG_COM_IRQHandler                  0x080001a3   Thumb Code     0  startup_stm32f10x_md.o(.text)
    TIM1_UP_IRQHandler                       0x080001a3   Thumb Code     0  startup_stm32f10x_md.o(.text)
    TIM3_IRQHandler                          0x080001a3   Thumb Code     0  startup_stm32f10x_md.o(.text)
    USART2_IRQHandler                        0x080001a3   Thumb Code     0  startup_stm32f10x_md.o(.text)
    USART3_IRQHandler                        0x080001a3   Thumb Code     0  startup_stm32f10x_md.o(.text)
    USBWakeUp_IRQHandler                     0x080001a3   Thumb Code     0  startup_stm32f10x_md.o(.text)
    USB_HP_CAN1_TX_IRQHandler                0x080001a3   Thumb Code     0  startup_stm32f10x_md.o(.text)
    USB_LP_CAN1_RX0_IRQHandler               0x080001a3   Thumb Code     0  startup_stm32f10x_md.o(.text)
    WWDG_IRQHandler                          0x080001a3   Thumb Code     0  startup_stm32f10x_md.o(.text)
    __user_initial_stackheap                 0x080001a5   Thumb Code     0  startup_stm32f10x_md.o(.text)
    FLASH_ReadSettings                       0x080001c9   Thumb Code    78  main.o(.text)
    FLASH_WriteSettings                      0x08000219   Thumb Code    94  main.o(.text)
    Save_Active_Menu_Setting                 0x08000279   Thumb Code   280  main.o(.text)
    I2C2_Init                                0x08000391   Thumb Code   146  main.o(.text)
    I2C2_WriteByte                           0x08000425   Thumb Code   150  main.o(.text)
    Update_Bottom_Line                       0x080004bd   Thumb Code  1880  main.o(.text)
    Process_XMOS_Signal                      0x08000c15   Thumb Code   372  main.o(.text)
    ProcessButtonPress                       0x08000d89   Thumb Code   252  main.o(.text)
    Set_DAC_Mute                             0x08000e85   Thumb Code    24  main.o(.text)
    EXTI9_5_IRQHandler                       0x08000e9d   Thumb Code   116  main.o(.text)
    TIM4_IRQHandler                          0x08000f11   Thumb Code   336  main.o(.text)
    TIM2_IRQHandler                          0x08001085   Thumb Code   616  main.o(.text)
    ESS9028_WriteReg                         0x080012ed   Thumb Code   212  main.o(.text)
    ESS9028_SetFilter                        0x080013c1   Thumb Code    66  main.o(.text)
    ESS9039_SetInput                         0x08001405   Thumb Code   106  main.o(.text)
    Process_IR_Command                       0x08001471   Thumb Code   400  main.o(.text)
    SSD1322_DrawAleksFull                    0x08001601   Thumb Code   302  main.o(.text)
    spice                                    0x08001731   Thumb Code   106  main.o(.text)
    IR_Init                                  0x0800179d   Thumb Code   218  main.o(.text)
    main                                     0x080018bd   Thumb Code   564  main.o(.text)
    FLASH_SetLatency                         0x08001af1   Thumb Code    44  stm32f10x_flash.o(.text)
    FLASH_HalfCycleAccessCmd                 0x08001b1d   Thumb Code    32  stm32f10x_flash.o(.text)
    FLASH_PrefetchBufferCmd                  0x08001b3d   Thumb Code    32  stm32f10x_flash.o(.text)
    FLASH_Unlock                             0x08001b5d   Thumb Code    30  stm32f10x_flash.o(.text)
    FLASH_UnlockBank1                        0x08001b7d   Thumb Code    30  stm32f10x_flash.o(.text)
    FLASH_Lock                               0x08001b9d   Thumb Code    18  stm32f10x_flash.o(.text)
    FLASH_LockBank1                          0x08001bb1   Thumb Code    18  stm32f10x_flash.o(.text)
    FLASH_ErasePage                          0x08001bc5   Thumb Code   106  stm32f10x_flash.o(.text)
    FLASH_WaitForLastOperation               0x08001c31   Thumb Code    94  stm32f10x_flash.o(.text)
    FLASH_EraseAllPages                      0x08001c91   Thumb Code    92  stm32f10x_flash.o(.text)
    FLASH_EraseAllBank1Pages                 0x08001ced   Thumb Code    92  stm32f10x_flash.o(.text)
    FLASH_WaitForLastBank1Operation          0x08001d49   Thumb Code    94  stm32f10x_flash.o(.text)
    FLASH_EraseOptionBytes                   0x08001da9   Thumb Code   254  stm32f10x_flash.o(.text)
    FLASH_GetReadOutProtectionStatus         0x08001ea9   Thumb Code    50  stm32f10x_flash.o(.text)
    FLASH_ProgramWord                        0x08001edd   Thumb Code   160  stm32f10x_flash.o(.text)
    FLASH_ProgramHalfWord                    0x08001f7d   Thumb Code    98  stm32f10x_flash.o(.text)
    FLASH_ProgramOptionByteData              0x08001fe1   Thumb Code   142  stm32f10x_flash.o(.text)
    FLASH_EnableWriteProtection              0x08002071   Thumb Code   360  stm32f10x_flash.o(.text)
    FLASH_ReadOutProtection                  0x080021d9   Thumb Code   258  stm32f10x_flash.o(.text)
    FLASH_UserOptionByteConfig               0x080022dd   Thumb Code   170  stm32f10x_flash.o(.text)
    FLASH_GetUserOptionByte                  0x08002389   Thumb Code    14  stm32f10x_flash.o(.text)
    FLASH_GetWriteProtectionOptionByte       0x08002399   Thumb Code    12  stm32f10x_flash.o(.text)
    FLASH_GetPrefetchBufferStatus            0x080023a5   Thumb Code    50  stm32f10x_flash.o(.text)
    FLASH_ITConfig                           0x080023d9   Thumb Code    56  stm32f10x_flash.o(.text)
    FLASH_GetFlagStatus                      0x08002411   Thumb Code    96  stm32f10x_flash.o(.text)
    FLASH_ClearFlag                          0x08002471   Thumb Code    20  stm32f10x_flash.o(.text)
    FLASH_GetStatus                          0x08002485   Thumb Code   104  stm32f10x_flash.o(.text)
    FLASH_GetBank1Status                     0x080024ed   Thumb Code   104  stm32f10x_flash.o(.text)
    DWT_Init                                 0x08002555   Thumb Code    34  delay.o(.text)
    delay_us                                 0x08002579   Thumb Code    80  delay.o(.text)
    delay_ms                                 0x080025d9   Thumb Code    80  delay.o(.text)
    DAC_port_Init                            0x08002629   Thumb Code   158  dispport.o(.text)
    MUTE_State                               0x080026c9   Thumb Code    34  dispport.o(.text)
    DSD_State                                0x080026ed   Thumb Code    16  dispport.o(.text)
    F0_State                                 0x080026fd   Thumb Code    16  dispport.o(.text)
    F1_State                                 0x0800270d   Thumb Code    16  dispport.o(.text)
    F2_State                                 0x0800271d   Thumb Code    16  dispport.o(.text)
    F3_State                                 0x0800272d   Thumb Code    16  dispport.o(.text)
    Stream_ID                                0x0800273d   Thumb Code    12  dispport.o(.text)
    Connect_DAC                              0x08002749   Thumb Code    30  dispport.o(.text)
    Master_Slave_Sel                         0x08002769   Thumb Code    34  dispport.o(.text)
    SPI4W_Init                               0x0800278d   Thumb Code   196  spi_ssd1322.o(.text)
    Spi_Write_Data                           0x08002851   Thumb Code    76  spi_ssd1322.o(.text)
    SSD1322_DataWrite                        0x0800289d   Thumb Code    20  spi_ssd1322.o(.text)
    SSD1322_CommandWrite                     0x080028b1   Thumb Code    42  spi_ssd1322.o(.text)
    SSD1322_CmdDataWrite                     0x080028dd   Thumb Code    32  spi_ssd1322.o(.text)
    SSD1322_Reset                            0x080028fd   Thumb Code    36  spi_ssd1322.o(.text)
    SSD1322_Init                             0x08002921   Thumb Code   206  spi_ssd1322.o(.text)
    SSD1322_ClearRAM                         0x080029f1   Thumb Code   106  spi_ssd1322.o(.text)
    SSD1322_SetRowAddress                    0x08002a5d   Thumb Code    44  spi_ssd1322.o(.text)
    SSD1322_SetColumnAddress                 0x08002a89   Thumb Code    48  spi_ssd1322.o(.text)
    SSD1322_Data_processing                  0x08002ab9   Thumb Code   370  spi_ssd1322.o(.text)
    SSD1322_DrawSingleAscii                  0x08002c2d   Thumb Code   246  spi_ssd1322.o(.text)
    SSD1322_DrawString                       0x08002d25   Thumb Code   116  spi_ssd1322.o(.text)
    SSD1322_DrawSmallString                  0x08002d99   Thumb Code    72  spi_ssd1322.o(.text)
    SSD1322_DrawSmallChar                    0x08002de1   Thumb Code   326  spi_ssd1322.o(.text)
    SSD1322_DrawCharBuffer                   0x08002f29   Thumb Code   170  spi_ssd1322.o(.text)
    SSD1322_DrawPixel                        0x08002fd5   Thumb Code   126  spi_ssd1322.o(.text)
    SSD1322_DrawStringBuffer                 0x08003055   Thumb Code    62  spi_ssd1322.o(.text)
    SSD1322_ClearBuffer                      0x08003095   Thumb Code    46  spi_ssd1322.o(.text)
    SSD1322_Update                           0x080030c5   Thumb Code   104  spi_ssd1322.o(.text)
    SSD1322_FillPattern                      0x0800312d   Thumb Code    52  spi_ssd1322.o(.text)
    SSD1322_Display_Picture                  0x08003161   Thumb Code    94  spi_ssd1322.o(.text)
    Gray_test                                0x080031c1   Thumb Code   230  spi_ssd1322.o(.text)
    DebugUartHex                             0x080032a9   Thumb Code   114  spi_ssd1322.o(.text)
    SystemInit                               0x08003351   Thumb Code   102  system_stm32f10x.o(.text)
    SystemCoreClockUpdate                    0x080033c1   Thumb Code   290  system_stm32f10x.o(.text)
    Encoder_Init                             0x08003609   Thumb Code   238  encoder.o(.text)
    Encoder_read                             0x08003761   Thumb Code    10  encoder.o(.text)
    Encoder_direction                        0x0800376d   Thumb Code    18  encoder.o(.text)
    Control_port_Init                        0x08003781   Thumb Code   106  controlport.o(.text)
    MASTER_DAC                               0x080037ed   Thumb Code    30  controlport.o(.text)
    DSD_DAC                                  0x0800380d   Thumb Code    30  controlport.o(.text)
    MCLK_DAC                                 0x0800382d   Thumb Code    30  controlport.o(.text)
    SLOW_BIT_DAC                             0x0800384d   Thumb Code    30  controlport.o(.text)
    SD_BIT_DAC                               0x0800386d   Thumb Code    30  controlport.o(.text)
    UART_Init                                0x0800388d   Thumb Code   138  uart_xmos.o(.text)
    UART_ReadByte                            0x08003981   Thumb Code    60  uart_xmos.o(.text)
    UART_XMOS_GetSignal                      0x080039bd   Thumb Code    12  uart_xmos.o(.text)
    USART1_IRQHandler                        0x080039c9   Thumb Code   122  uart_xmos.o(.text)
    IR_Process_Bit                           0x08003a45   Thumb Code   532  ir_remote_1.o(.text)
    IR_GetPacket                             0x08003c7d   Thumb Code    94  ir_remote_1.o(.text)
    __use_two_region_memory                  0x08003cdb   Thumb Code     2  heapauxi.o(.text)
    __rt_heap_escrow$2region                 0x08003cdd   Thumb Code     2  heapauxi.o(.text)
    __rt_heap_expand$2region                 0x08003cdf   Thumb Code     2  heapauxi.o(.text)
    __user_setup_stackheap                   0x08003ce1   Thumb Code    74  sys_stackheap_outer.o(.text)
    exit                                     0x08003d2b   Thumb Code    18  exit.o(.text)
    __user_libspace                          0x08003d3d   Thumb Code     8  libspace.o(.text)
    __user_perproc_libspace                  0x08003d3d   Thumb Code     0  libspace.o(.text)
    __user_perthread_libspace                0x08003d3d   Thumb Code     0  libspace.o(.text)
    _sys_exit                                0x08003d45   Thumb Code     8  sys_exit.o(.text)
    __I$use$semihosting                      0x08003d51   Thumb Code     0  use_no_semi.o(.text)
    __use_no_semihosting_swi                 0x08003d51   Thumb Code     2  use_no_semi.o(.text)
    AHBPrescTable                            0x08003d52   Data          16  system_stm32f10x.o(.rodata.AHBPrescTable)
    __semihosting_library_function           0x08003d53   Thumb Code     0  indicate_semi.o(.text)
    AsciiLib_Big                             0x08003d62   Data       11648  spi_ssd1322.o(.rodata.AsciiLib_Big)
    AsciiLib_Small                           0x08006ae2   Data        3040  spi_ssd1322.o(.rodata.AsciiLib_Small)
    Font_Aleks38x24                          0x080076c4   Data         780  main.o(.rodata.Font_Aleks38x24)
    SmallFont                                0x080079d0   Data         564  spi_ssd1322.o(.rodata.SmallFont)
    Region$$Table$$Base                      0x08007eec   Number         0  anon$$obj.o(Region$$Table)
    Region$$Table$$Limit                     0x08007f0c   Number         0  anon$$obj.o(Region$$Table)
    SystemCoreClock                          0x20000000   Data           4  system_stm32f10x.o(.data.SystemCoreClock)
    contrast_val                             0x20000005   Data           1  main.o(.data.contrast_val)
    hall_timer_sec                           0x20000008   Data           4  main.o(.data.hall_timer_sec)
    menu_timer_sec                           0x20000010   Data           4  main.o(.data.menu_timer_sec)
    volume_val                               0x20000014   Data           1  main.o(.data.volume_val)
    __libspace_start                         0x20000018   Data          96  libspace.o(.bss)
    __temporary_stack_top$libspace           0x20000078   Data           0  libspace.o(.bss)
    balance_val                              0x20000078   Data           1  main.o(.bss.balance_val)
    button_pressed                           0x2000007a   Data           1  main.o(.bss.button_pressed)
    button_tick                              0x2000007c   Data           2  main.o(.bss.button_tick)
    enc_direction                            0x2000007e   Data           1  main.o(.bss.enc_direction)
    filter_val                               0x2000007f   Data           1  main.o(.bss.filter_val)
    halt_counter                             0x20000080   Data           4  main.o(.bss.halt_counter)
    hold_counter                             0x20000084   Data           2  ir_remote_1.o(.bss.hold_counter)
    input_val                                0x20000086   Data           1  main.o(.bss.input_val)
    ir_bit_count                             0x20000087   Data           1  ir_remote_1.o(.bss.ir_bit_count)
    ir_current_packet                        0x20000088   Data           4  ir_remote_1.o(.bss.ir_current_packet)
    ir_data_received                         0x2000008c   Data           1  main.o(.bss.ir_data_received)
    ir_delay_counter                         0x2000008e   Data           2  ir_remote_1.o(.bss.ir_delay_counter)
    ir_last_tick                             0x20000090   Data           2  main.o(.bss.ir_last_tick)
    ir_packet_ready                          0x20000092   Data           1  ir_remote_1.o(.bss.ir_packet_ready)
    ir_rx_buffer                             0x20000093   Data           4  ir_remote_1.o(.bss.ir_rx_buffer)
    ir_state                                 0x20000097   Data           1  ir_remote_1.o(.bss.ir_state)
    last_signal                              0x20000098   Data           1  uart_xmos.o(.bss.last_signal)
    menu_counter                             0x2000009a   Data           2  main.o(.bss.menu_counter)
    menu_level                               0x2000009c   Data           1  main.o(.bss.menu_level)
    menu_mode_val                            0x2000009d   Data           1  main.o(.bss.menu_mode_val)
    menu_need_update                         0x2000009e   Data           1  main.o(.bss.menu_need_update)
    mute_state                               0x200000a0   Data           1  main.o(.bss.mute_state)
    new_signal_received                      0x200000a1   Data           1  uart_xmos.o(.bss.new_signal_received)
    oled_buffer                              0x200000a2   Data        4096  spi_ssd1322.o(.bss.oled_buffer)
    preset                                   0x200010a2   Data           7  main.o(.bss.preset)
    rx_buffer                                0x200010a9   Data           3  uart_xmos.o(.bss.rx_buffer)



==============================================================================

Memory Map of the image

  Image Entry point : 0x080000ed

  Load Region LR_IROM1 (Base: 0x08000000, Size: 0x00007f28, Max: 0x00010000, ABSOLUTE)

    Execution Region ER_IROM1 (Exec base: 0x08000000, Load base: 0x08000000, Size: 0x00007f0c, Max: 0x00010000, ABSOLUTE)

    Exec Addr    Load Addr    Size         Type   Attr      Idx    E Section Name        Object

    0x08000000   0x08000000   0x000000ec   Data   RO            3    RESET               startup_stm32f10x_md.o
    0x080000ec   0x080000ec   0x00000008   Code   RO          153  * !!!main             c_w.l(__main.o)
    0x080000f4   0x080000f4   0x00000034   Code   RO          318    !!!scatter          c_w.l(__scatter.o)
    0x08000128   0x08000128   0x0000001a   Code   RO          320    !!handler_copy      c_w.l(__scatter_copy.o)
    0x08000142   0x08000142   0x00000002   PAD
    0x08000144   0x08000144   0x0000001c   Code   RO          322    !!handler_zi        c_w.l(__scatter_zi.o)
    0x08000160   0x08000160   0x00000002   Code   RO          180    .ARM.Collect$$libinit$$00000000  c_w.l(libinit.o)
    0x08000162   0x08000162   0x00000000   Code   RO          187    .ARM.Collect$$libinit$$00000002  c_w.l(libinit2.o)
    0x08000162   0x08000162   0x00000000   Code   RO          189    .ARM.Collect$$libinit$$00000004  c_w.l(libinit2.o)
    0x08000162   0x08000162   0x00000000   Code   RO          191    .ARM.Collect$$libinit$$00000006  c_w.l(libinit2.o)
    0x08000162   0x08000162   0x00000000   Code   RO          194    .ARM.Collect$$libinit$$0000000C  c_w.l(libinit2.o)
    0x08000162   0x08000162   0x00000000   Code   RO          196    .ARM.Collect$$libinit$$0000000E  c_w.l(libinit2.o)
    0x08000162   0x08000162   0x00000000   Code   RO          198    .ARM.Collect$$libinit$$00000010  c_w.l(libinit2.o)
    0x08000162   0x08000162   0x00000000   Code   RO          201    .ARM.Collect$$libinit$$00000013  c_w.l(libinit2.o)
    0x08000162   0x08000162   0x00000000   Code   RO          203    .ARM.Collect$$libinit$$00000015  c_w.l(libinit2.o)
    0x08000162   0x08000162   0x00000000   Code   RO          205    .ARM.Collect$$libinit$$00000017  c_w.l(libinit2.o)
    0x08000162   0x08000162   0x00000000   Code   RO          207    .ARM.Collect$$libinit$$00000019  c_w.l(libinit2.o)
    0x08000162   0x08000162   0x00000000   Code   RO          209    .ARM.Collect$$libinit$$0000001B  c_w.l(libinit2.o)
    0x08000162   0x08000162   0x00000000   Code   RO          211    .ARM.Collect$$libinit$$0000001D  c_w.l(libinit2.o)
    0x08000162   0x08000162   0x00000000   Code   RO          213    .ARM.Collect$$libinit$$0000001F  c_w.l(libinit2.o)
    0x08000162   0x08000162   0x00000000   Code   RO          215    .ARM.Collect$$libinit$$00000021  c_w.l(libinit2.o)
    0x08000162   0x08000162   0x00000000   Code   RO          217    .ARM.Collect$$libinit$$00000023  c_w.l(libinit2.o)
    0x08000162   0x08000162   0x00000000   Code   RO          219    .ARM.Collect$$libinit$$00000025  c_w.l(libinit2.o)
    0x08000162   0x08000162   0x00000000   Code   RO          221    .ARM.Collect$$libinit$$00000027  c_w.l(libinit2.o)
    0x08000162   0x08000162   0x00000000   Code   RO          225    .ARM.Collect$$libinit$$0000002E  c_w.l(libinit2.o)
    0x08000162   0x08000162   0x00000000   Code   RO          227    .ARM.Collect$$libinit$$00000030  c_w.l(libinit2.o)
    0x08000162   0x08000162   0x00000000   Code   RO          229    .ARM.Collect$$libinit$$00000032  c_w.l(libinit2.o)
    0x08000162   0x08000162   0x00000000   Code   RO          231    .ARM.Collect$$libinit$$00000034  c_w.l(libinit2.o)
    0x08000162   0x08000162   0x00000002   Code   RO          232    .ARM.Collect$$libinit$$00000035  c_w.l(libinit2.o)
    0x08000164   0x08000164   0x00000002   Code   RO          254    .ARM.Collect$$libshutdown$$00000000  c_w.l(libshutdown.o)
    0x08000166   0x08000166   0x00000000   Code   RO          269    .ARM.Collect$$libshutdown$$00000002  c_w.l(libshutdown2.o)
    0x08000166   0x08000166   0x00000000   Code   RO          271    .ARM.Collect$$libshutdown$$00000004  c_w.l(libshutdown2.o)
    0x08000166   0x08000166   0x00000000   Code   RO          274    .ARM.Collect$$libshutdown$$00000007  c_w.l(libshutdown2.o)
    0x08000166   0x08000166   0x00000000   Code   RO          277    .ARM.Collect$$libshutdown$$0000000A  c_w.l(libshutdown2.o)
    0x08000166   0x08000166   0x00000000   Code   RO          279    .ARM.Collect$$libshutdown$$0000000C  c_w.l(libshutdown2.o)
    0x08000166   0x08000166   0x00000000   Code   RO          282    .ARM.Collect$$libshutdown$$0000000F  c_w.l(libshutdown2.o)
    0x08000166   0x08000166   0x00000002   Code   RO          283    .ARM.Collect$$libshutdown$$00000010  c_w.l(libshutdown2.o)
    0x08000168   0x08000168   0x00000000   Code   RO          155    .ARM.Collect$$rtentry$$00000000  c_w.l(__rtentry.o)
    0x08000168   0x08000168   0x00000000   Code   RO          157    .ARM.Collect$$rtentry$$00000002  c_w.l(__rtentry2.o)
    0x08000168   0x08000168   0x00000006   Code   RO          169    .ARM.Collect$$rtentry$$00000004  c_w.l(__rtentry4.o)
    0x0800016e   0x0800016e   0x00000000   Code   RO          159    .ARM.Collect$$rtentry$$00000009  c_w.l(__rtentry2.o)
    0x0800016e   0x0800016e   0x00000004   Code   RO          160    .ARM.Collect$$rtentry$$0000000A  c_w.l(__rtentry2.o)
    0x08000172   0x08000172   0x00000000   Code   RO          162    .ARM.Collect$$rtentry$$0000000C  c_w.l(__rtentry2.o)
    0x08000172   0x08000172   0x00000008   Code   RO          163    .ARM.Collect$$rtentry$$0000000D  c_w.l(__rtentry2.o)
    0x0800017a   0x0800017a   0x00000002   Code   RO          184    .ARM.Collect$$rtexit$$00000000  c_w.l(rtexit.o)
    0x0800017c   0x0800017c   0x00000000   Code   RO          234    .ARM.Collect$$rtexit$$00000002  c_w.l(rtexit2.o)
    0x0800017c   0x0800017c   0x00000004   Code   RO          235    .ARM.Collect$$rtexit$$00000003  c_w.l(rtexit2.o)
    0x08000180   0x08000180   0x00000006   Code   RO          236    .ARM.Collect$$rtexit$$00000004  c_w.l(rtexit2.o)
    0x08000186   0x08000186   0x00000002   PAD
    0x08000188   0x08000188   0x00000040   Code   RO            4    .text               startup_stm32f10x_md.o
    0x080001c8   0x080001c8   0x00001928   Code   RO           10    .text               main.o
    0x08001af0   0x08001af0   0x00000a64   Code   RO           66    .text               stm32f10x_flash.o
    0x08002554   0x08002554   0x000000d4   Code   RO           73    .text               delay.o
    0x08002628   0x08002628   0x00000162   Code   RO           80    .text               dispport.o
    0x0800278a   0x0800278a   0x00000002   PAD
    0x0800278c   0x0800278c   0x00000bc4   Code   RO           87    .text               spi_ssd1322.o
    0x08003350   0x08003350   0x000002b6   Code   RO           99    .text               system_stm32f10x.o
    0x08003606   0x08003606   0x00000002   PAD
    0x08003608   0x08003608   0x00000176   Code   RO          108    .text               encoder.o
    0x0800377e   0x0800377e   0x00000002   PAD
    0x08003780   0x08003780   0x0000010a   Code   RO          115    .text               controlport.o
    0x0800388a   0x0800388a   0x00000002   PAD
    0x0800388c   0x0800388c   0x000001b6   Code   RO          122    .text               uart_xmos.o
    0x08003a42   0x08003a42   0x00000002   PAD
    0x08003a44   0x08003a44   0x00000296   Code   RO          133    .text               ir_remote_1.o
    0x08003cda   0x08003cda   0x00000006   Code   RO          151    .text               c_w.l(heapauxi.o)
    0x08003ce0   0x08003ce0   0x0000004a   Code   RO          171    .text               c_w.l(sys_stackheap_outer.o)
    0x08003d2a   0x08003d2a   0x00000012   Code   RO          173    .text               c_w.l(exit.o)
    0x08003d3c   0x08003d3c   0x00000008   Code   RO          181    .text               c_w.l(libspace.o)
    0x08003d44   0x08003d44   0x0000000c   Code   RO          244    .text               c_w.l(sys_exit.o)
    0x08003d50   0x08003d50   0x00000002   Code   RO          259    .text               c_w.l(use_no_semi.o)
    0x08003d52   0x08003d52   0x00000000   Code   RO          261    .text               c_w.l(indicate_semi.o)
    0x08003d52   0x08003d52   0x00000010   Data   RO          102    .rodata.AHBPrescTable  system_stm32f10x.o
    0x08003d62   0x08003d62   0x00002d80   Data   RO           89    .rodata.AsciiLib_Big  spi_ssd1322.o
    0x08006ae2   0x08006ae2   0x00000be0   Data   RO           91    .rodata.AsciiLib_Small  spi_ssd1322.o
    0x080076c2   0x080076c2   0x00000002   PAD
    0x080076c4   0x080076c4   0x0000030c   Data   RO           12    .rodata.Font_Aleks38x24  main.o
    0x080079d0   0x080079d0   0x00000234   Data   RO           90    .rodata.SmallFont   spi_ssd1322.o
    0x08007c04   0x08007c04   0x00000011   Data   RO           93    .rodata.hex_chars   spi_ssd1322.o
    0x08007c15   0x08007c15   0x000002d7   Data   RO           45    .rodata.str1.1      main.o
    0x08007eec   0x08007eec   0x00000020   Data   RO          317    Region$$Table       anon$$obj.o


    Execution Region RW_IRAM1 (Exec base: 0x20000000, Load base: 0x08007f10, Size: 0x000020b0, Max: 0x00005000, ABSOLUTE)

    Exec Addr    Load Addr    Size         Type   Attr      Idx    E Section Name        Object

    0x20000000   0x08007f10   0x00000004   Data   RW          101    .data.SystemCoreClock  system_stm32f10x.o
    0x20000004   0x08007f14   0x00000001   Data   RW           42    .data.Update_Bottom_Line.last_mode  main.o
    0x20000005   0x08007f15   0x00000001   Data   RW           36    .data.contrast_val  main.o
    0x20000006   0x08007f16   0x00000002   PAD
    0x20000008   0x08007f18   0x00000004   Data   RW           25    .data.hall_timer_sec  main.o
    0x2000000c   0x08007f1c   0x00000001   Data   RW           44    .data.last_mute     main.o
    0x2000000d   0x08007f1d   0x00000003   PAD
    0x20000010   0x08007f20   0x00000004   Data   RW           27    .data.menu_timer_sec  main.o
    0x20000014   0x08007f24   0x00000001   Data   RW           32    .data.volume_val    main.o
    0x20000015   0x08007f25   0x00000003   PAD
    0x20000018        -       0x00000060   Zero   RW          182    .bss                c_w.l(libspace.o)
    0x20000078        -       0x00000001   Zero   RW           35    .bss.balance_val    main.o
    0x20000079        -       0x00000001   Zero   RW          127    .bss.buffer_index   uart_xmos.o
    0x2000007a        -       0x00000001   Zero   RW           40    .bss.button_pressed  main.o
    0x2000007b   0x08007f25   0x00000001   PAD
    0x2000007c        -       0x00000002   Zero   RW           39    .bss.button_tick    main.o
    0x2000007e        -       0x00000001   Zero   RW           46    .bss.enc_direction  main.o
    0x2000007f        -       0x00000001   Zero   RW           34    .bss.filter_val     main.o
    0x20000080        -       0x00000004   Zero   RW           24    .bss.halt_counter   main.o
    0x20000084        -       0x00000002   Zero   RW          140    .bss.hold_counter   ir_remote_1.o
    0x20000086        -       0x00000001   Zero   RW           33    .bss.input_val      main.o
    0x20000087        -       0x00000001   Zero   RW          137    .bss.ir_bit_count   ir_remote_1.o
    0x20000088        -       0x00000004   Zero   RW          138    .bss.ir_current_packet  ir_remote_1.o
    0x2000008c        -       0x00000001   Zero   RW           22    .bss.ir_data_received  main.o
    0x2000008d   0x08007f25   0x00000001   PAD
    0x2000008e        -       0x00000002   Zero   RW          141    .bss.ir_delay_counter  ir_remote_1.o
    0x20000090        -       0x00000002   Zero   RW           16    .bss.ir_last_tick   main.o
    0x20000092        -       0x00000001   Zero   RW          139    .bss.ir_packet_ready  ir_remote_1.o
    0x20000093        -       0x00000004   Zero   RW          142    .bss.ir_rx_buffer   ir_remote_1.o
    0x20000097        -       0x00000001   Zero   RW          136    .bss.ir_state       ir_remote_1.o
    0x20000098        -       0x00000001   Zero   RW          125    .bss.last_signal    uart_xmos.o
    0x20000099   0x08007f25   0x00000001   PAD
    0x2000009a        -       0x00000002   Zero   RW           26    .bss.menu_counter   main.o
    0x2000009c        -       0x00000001   Zero   RW           18    .bss.menu_level     main.o
    0x2000009d        -       0x00000001   Zero   RW           31    .bss.menu_mode_val  main.o
    0x2000009e        -       0x00000001   Zero   RW           13    .bss.menu_need_update  main.o
    0x2000009f        -       0x00000001   Zero   RW           43    .bss.mute_flag      main.o
    0x200000a0        -       0x00000001   Zero   RW           20    .bss.mute_state     main.o
    0x200000a1        -       0x00000001   Zero   RW          124    .bss.new_signal_received  uart_xmos.o
    0x200000a2        -       0x00001000   Zero   RW           92    .bss.oled_buffer    spi_ssd1322.o
    0x200010a2        -       0x00000007   Zero   RW           41    .bss.preset         main.o
    0x200010a9        -       0x00000003   Zero   RW          126    .bss.rx_buffer      uart_xmos.o
    0x200010ac   0x08007f25   0x00000004   PAD
    0x200010b0        -       0x00000800   Zero   RW            2    HEAP                startup_stm32f10x_md.o
    0x200018b0        -       0x00000800   Zero   RW            1    STACK               startup_stm32f10x_md.o


==============================================================================

Image component sizes


      Code (inc. data)   RO Data    RW Data    ZI Data      Debug   Object Name

       266          0          0          0          0       1506   controlport.o
       212          0          0          0          0       1718   delay.o
       354          0          0          0          0       2017   dispport.o
       374          0          0          0          0       4743   encoder.o
       662          0          0          0         15       4111   ir_remote_1.o
      6440         58       1507         12         28      12380   main.o
      3012          0      15269          0       4096       7657   spi_ssd1322.o
        64         26        236          0       4096        888   startup_stm32f10x_md.o
      2660          0          0          0          0       6338   stm32f10x_flash.o
       694          0         16          4          0       2691   system_stm32f10x.o
       438          0          0          0          6       4332   uart_xmos.o

    ----------------------------------------------------------------------
     15186         84      17062         24       8248      48381   Object Totals
         0          0         32          0          0          0   (incl. Generated)
        10          0          2          8          7          0   (incl. Padding)

    ----------------------------------------------------------------------

      Code (inc. data)   RO Data    RW Data    ZI Data      Debug   Library Member Name

         8          0          0          0          0         68   __main.o
         0          0          0          0          0          0   __rtentry.o
        12          0          0          0          0          0   __rtentry2.o
         6          0          0          0          0          0   __rtentry4.o
        52          8          0          0          0          0   __scatter.o
        26          0          0          0          0          0   __scatter_copy.o
        28          0          0          0          0          0   __scatter_zi.o
        18          0          0          0          0         80   exit.o
         6          0          0          0          0        152   heapauxi.o
         0          0          0          0          0          0   indicate_semi.o
         2          0          0          0          0          0   libinit.o
         2          0          0          0          0          0   libinit2.o
         2          0          0          0          0          0   libshutdown.o
         2          0          0          0          0          0   libshutdown2.o
         8          4          0          0         96         68   libspace.o
         2          0          0          0          0          0   rtexit.o
        10          0          0          0          0          0   rtexit2.o
        12          4          0          0          0         68   sys_exit.o
        74          0          0          0          0         80   sys_stackheap_outer.o
         2          0          0          0          0         68   use_no_semi.o

    ----------------------------------------------------------------------
       276         16          0          0         96        584   Library Totals
         4          0          0          0          0          0   (incl. Padding)

    ----------------------------------------------------------------------

      Code (inc. data)   RO Data    RW Data    ZI Data      Debug   Library Name

       272         16          0          0         96        584   c_w.l

    ----------------------------------------------------------------------
       276         16          0          0         96        584   Library Totals

    ----------------------------------------------------------------------

==============================================================================


      Code (inc. data)   RO Data    RW Data    ZI Data      Debug   

     15462        100      17062         24       8344      48677   Grand Totals
     15462        100      17062         24       8344      48677   ELF Image Totals
     15462        100      17062         24          0          0   ROM Totals

==============================================================================

    Total RO  Size (Code + RO Data)                32524 (  31.76kB)
    Total RW  Size (RW Data + ZI Data)              8368 (   8.17kB)
    Total ROM Size (Code + RO Data + RW Data)      32548 (  31.79kB)

==============================================================================

