Component: Arm Compiler for Embedded 6.19 Tool: armlink [5e73cb00]

==============================================================================

Section Cross References

    startup_stm32f10x_md.o(STACK) refers (Special) to heapauxi.o(.text) for __use_two_region_memory
    startup_stm32f10x_md.o(HEAP) refers (Special) to heapauxi.o(.text) for __use_two_region_memory
    startup_stm32f10x_md.o(RESET) refers (Special) to heapauxi.o(.text) for __use_two_region_memory
    startup_stm32f10x_md.o(RESET) refers to startup_stm32f10x_md.o(STACK) for __initial_sp
    startup_stm32f10x_md.o(RESET) refers to startup_stm32f10x_md.o(.text) for Reset_Handler
    startup_stm32f10x_md.o(RESET) refers to main.o(.text) for EXTI9_5_IRQHandler
    startup_stm32f10x_md.o(RESET) refers to uart_xmos.o(.text) for USART1_IRQHandler
    startup_stm32f10x_md.o(.text) refers (Special) to heapauxi.o(.text) for __use_two_region_memory
    startup_stm32f10x_md.o(.text) refers to system_stm32f10x.o(.text) for SystemInit
    startup_stm32f10x_md.o(.text) refers to __main.o(!!!main) for __main
    startup_stm32f10x_md.o(.text) refers to startup_stm32f10x_md.o(HEAP) for Heap_Mem
    startup_stm32f10x_md.o(.text) refers to startup_stm32f10x_md.o(STACK) for Stack_Mem
    main.o(.text) refers to main.o(.bss.preset) for preset
    main.o(.text) refers to stm32f10x_flash.o(.text) for FLASH_Unlock
    main.o(.text) refers to main.o(.bss.menu_mode_val) for menu_mode_val
    main.o(.text) refers to main.o(.rodata.str1.1) for .L.str
    main.o(.text) refers to spi_ssd1322.o(.text) for SSD1322_DrawString
    main.o(.text) refers to main.o(.bss.input_val) for input_val
    main.o(.text) refers to main.o(.bss.filter_val) for filter_val
    main.o(.text) refers to main.o(.bss.balance_val) for balance_val
    main.o(.text) refers to uart_xmos.o(.text) for UART_XMOS_GetSignal
    main.o(.text) refers to main.o(.data.Process_Encoder_Rotation.vol) for Process_Encoder_Rotation.vol
    main.o(.text) refers to main.o(.data.Process_Encoder_Rotation.input) for Process_Encoder_Rotation.input
    main.o(.text) refers to main.o(.bss.Process_Encoder_Rotation.filter) for Process_Encoder_Rotation.filter
    main.o(.text) refers to main.o(.bss.menu_need_update) for menu_need_update
    main.o(.text) refers to main.o(.bss.mute_state) for mute_state
    main.o(.text) refers to main.o(.bss.halt_counter) for halt_counter
    main.o(.text) refers to main.o(.data.volume_val) for volume_val
    main.o(.text) refers to main.o(.bss.menu_level) for menu_level
    main.o(.text) refers to main.o(.bss.button_tick) for button_tick
    main.o(.text) refers to main.o(.bss.button_pressed) for button_pressed
    main.o(.text) refers to main.o(.bss.ir_data_received) for ir_data_received
    main.o(.text) refers to ir_remote_1.o(.text) for IR_Process_Bit
    main.o(.text) refers to main.o(.data.hall_timer_sec) for hall_timer_sec
    main.o(.text) refers to main.o(.bss.menu_counter) for menu_counter
    main.o(.text) refers to main.o(.data.menu_timer_sec) for menu_timer_sec
    main.o(.text) refers to encoder.o(.text) for Encoder_direction
    main.o(.text) refers to main.o(.bss.enc_direction) for enc_direction
    main.o(.text) refers to main.o(.bss.dig_flt) for dig_flt
    main.o(.text) refers to controlport.o(.text) for SLOW_BIT_DAC
    main.o(.text) refers to main.o(.bss.input_select) for input_select
    main.o(.text) refers to dispport.o(.text) for Master_Slave_Sel
    main.o(.text) refers to main.o(.data.updated) for updated
    main.o(.text) refers to delay.o(.text) for delay_ms
    main.o(.text) refers to main.o(.rodata.Font_Aleks38x24) for Font_Aleks38x24
    main.o(.text) refers to system_stm32f10x.o(.data.SystemCoreClock) for SystemCoreClock
    main.o(.ARM.exidx) refers to main.o(.text) for [Anonymous Symbol]
    misc.o(.ARM.exidx) refers to misc.o(.text) for [Anonymous Symbol]
    stm32f10x_flash.o(.ARM.exidx) refers to stm32f10x_flash.o(.text) for [Anonymous Symbol]
    delay.o(.text) refers to system_stm32f10x.o(.data.SystemCoreClock) for SystemCoreClock
    delay.o(.ARM.exidx) refers to delay.o(.text) for [Anonymous Symbol]
    dispport.o(.text) refers to delay.o(.text) for delay_ms
    dispport.o(.text) refers to uart_xmos.o(.bss.last_signal) for last_signal
    dispport.o(.ARM.exidx) refers to dispport.o(.text) for [Anonymous Symbol]
    spi_ssd1322.o(.text) refers to delay.o(.text) for delay_us
    spi_ssd1322.o(.text) refers to main.o(.bss.preset) for preset
    spi_ssd1322.o(.text) refers to spi_ssd1322.o(.rodata.AsciiLib_Small) for AsciiLib_Small
    spi_ssd1322.o(.text) refers to spi_ssd1322.o(.rodata.AsciiLib_Big) for AsciiLib_Big
    spi_ssd1322.o(.text) refers to spi_ssd1322.o(.rodata.SmallFont) for SmallFont
    spi_ssd1322.o(.text) refers to spi_ssd1322.o(.bss.oled_buffer) for oled_buffer
    spi_ssd1322.o(.text) refers to uart_xmos.o(.bss.rx_buffer) for rx_buffer
    spi_ssd1322.o(.text) refers to spi_ssd1322.o(.rodata.hex_chars) for hex_chars
    spi_ssd1322.o(.ARM.exidx) refers to spi_ssd1322.o(.text) for [Anonymous Symbol]
    system_stm32f10x.o(.text) refers to system_stm32f10x.o(.data.SystemCoreClock) for SystemCoreClock
    system_stm32f10x.o(.text) refers to system_stm32f10x.o(.rodata.AHBPrescTable) for AHBPrescTable
    system_stm32f10x.o(.ARM.exidx) refers to system_stm32f10x.o(.text) for [Anonymous Symbol]
    encoder.o(.ARM.exidx) refers to encoder.o(.text) for [Anonymous Symbol]
    controlport.o(.ARM.exidx) refers to controlport.o(.text) for [Anonymous Symbol]
    uart_xmos.o(.text) refers to uart_xmos.o(.bss.last_signal) for last_signal
    uart_xmos.o(.text) refers to uart_xmos.o(.bss.buffer_index) for buffer_index
    uart_xmos.o(.text) refers to uart_xmos.o(.bss.rx_buffer) for rx_buffer
    uart_xmos.o(.text) refers to uart_xmos.o(.bss.new_signal_received) for new_signal_received
    uart_xmos.o(.ARM.exidx) refers to uart_xmos.o(.text) for [Anonymous Symbol]
    ir_remote_1.o(.text) refers to ir_remote_1.o(.bss.ir_state) for ir_state
    ir_remote_1.o(.text) refers to ir_remote_1.o(.bss.hold_counter) for hold_counter
    ir_remote_1.o(.text) refers to main.o(.bss.ir_last_tick) for ir_last_tick
    ir_remote_1.o(.text) refers to ir_remote_1.o(.bss.ir_bit_count) for ir_bit_count
    ir_remote_1.o(.text) refers to ir_remote_1.o(.bss.ir_current_packet) for ir_current_packet
    ir_remote_1.o(.text) refers to ir_remote_1.o(.bss.ir_rx_buffer) for ir_rx_buffer
    ir_remote_1.o(.text) refers to ir_remote_1.o(.bss.ir_packet_ready) for ir_packet_ready
    ir_remote_1.o(.ARM.exidx) refers to ir_remote_1.o(.text) for [Anonymous Symbol]
    __main.o(!!!main) refers to __rtentry.o(.ARM.Collect$$rtentry$$00000000) for __rt_entry
    __rtentry.o(.ARM.Collect$$rtentry$$00000000) refers (Special) to __rtentry2.o(.ARM.Collect$$rtentry$$0000000A) for __rt_entry_li
    __rtentry.o(.ARM.Collect$$rtentry$$00000000) refers (Special) to __rtentry2.o(.ARM.Collect$$rtentry$$0000000D) for __rt_entry_main
    __rtentry.o(.ARM.Collect$$rtentry$$00000000) refers (Special) to __rtentry2.o(.ARM.Collect$$rtentry$$0000000C) for __rt_entry_postli_1
    __rtentry.o(.ARM.Collect$$rtentry$$00000000) refers (Special) to __rtentry2.o(.ARM.Collect$$rtentry$$00000009) for __rt_entry_postsh_1
    __rtentry.o(.ARM.Collect$$rtentry$$00000000) refers (Special) to __rtentry2.o(.ARM.Collect$$rtentry$$00000002) for __rt_entry_presh_1
    __rtentry.o(.ARM.Collect$$rtentry$$00000000) refers (Special) to __rtentry4.o(.ARM.Collect$$rtentry$$00000004) for __rt_entry_sh
    __rtentry2.o(.ARM.Collect$$rtentry$$00000008) refers to boardinit2.o(.text) for _platform_post_stackheap_init
    __rtentry2.o(.ARM.Collect$$rtentry$$0000000A) refers to libinit.o(.ARM.Collect$$libinit$$00000000) for __rt_lib_init
    __rtentry2.o(.ARM.Collect$$rtentry$$0000000B) refers to boardinit3.o(.text) for _platform_post_lib_init
    __rtentry2.o(.ARM.Collect$$rtentry$$0000000D) refers to main.o(.text) for main
    __rtentry2.o(.ARM.Collect$$rtentry$$0000000D) refers to exit.o(.text) for exit
    __rtentry2.o(.ARM.exidx) refers to __rtentry2.o(.ARM.Collect$$rtentry$$00000001) for .ARM.Collect$$rtentry$$00000001
    __rtentry2.o(.ARM.exidx) refers to __rtentry2.o(.ARM.Collect$$rtentry$$00000008) for .ARM.Collect$$rtentry$$00000008
    __rtentry2.o(.ARM.exidx) refers to __rtentry2.o(.ARM.Collect$$rtentry$$0000000A) for .ARM.Collect$$rtentry$$0000000A
    __rtentry2.o(.ARM.exidx) refers to __rtentry2.o(.ARM.Collect$$rtentry$$0000000B) for .ARM.Collect$$rtentry$$0000000B
    __rtentry2.o(.ARM.exidx) refers to __rtentry2.o(.ARM.Collect$$rtentry$$0000000D) for .ARM.Collect$$rtentry$$0000000D
    __rtentry4.o(.ARM.Collect$$rtentry$$00000004) refers to sys_stackheap_outer.o(.text) for __user_setup_stackheap
    __rtentry4.o(.ARM.exidx) refers to __rtentry4.o(.ARM.Collect$$rtentry$$00000004) for .ARM.Collect$$rtentry$$00000004
    sys_stackheap_outer.o(.text) refers to libspace.o(.text) for __user_perproc_libspace
    sys_stackheap_outer.o(.text) refers to startup_stm32f10x_md.o(.text) for __user_initial_stackheap
    exit.o(.text) refers to rtexit.o(.ARM.Collect$$rtexit$$00000000) for __rt_exit
    libinit.o(.ARM.Collect$$libinit$$00000000) refers (Special) to libinit2.o(.ARM.Collect$$libinit$$00000030) for __rt_lib_init_alloca_1
    libinit.o(.ARM.Collect$$libinit$$00000000) refers (Special) to libinit2.o(.ARM.Collect$$libinit$$0000002E) for __rt_lib_init_argv_1
    libinit.o(.ARM.Collect$$libinit$$00000000) refers (Special) to libinit2.o(.ARM.Collect$$libinit$$0000001D) for __rt_lib_init_atexit_1
    libinit.o(.ARM.Collect$$libinit$$00000000) refers (Special) to libinit2.o(.ARM.Collect$$libinit$$00000023) for __rt_lib_init_clock_1
    libinit.o(.ARM.Collect$$libinit$$00000000) refers (Special) to libinit2.o(.ARM.Collect$$libinit$$00000034) for __rt_lib_init_cpp_1
    libinit.o(.ARM.Collect$$libinit$$00000000) refers (Special) to libinit2.o(.ARM.Collect$$libinit$$00000032) for __rt_lib_init_exceptions_1
    libinit.o(.ARM.Collect$$libinit$$00000000) refers (Special) to libinit2.o(.ARM.Collect$$libinit$$00000002) for __rt_lib_init_fp_1
    libinit.o(.ARM.Collect$$libinit$$00000000) refers (Special) to libinit2.o(.ARM.Collect$$libinit$$00000021) for __rt_lib_init_fp_trap_1
    libinit.o(.ARM.Collect$$libinit$$00000000) refers (Special) to libinit2.o(.ARM.Collect$$libinit$$00000025) for __rt_lib_init_getenv_1
    libinit.o(.ARM.Collect$$libinit$$00000000) refers (Special) to libinit2.o(.ARM.Collect$$libinit$$0000000C) for __rt_lib_init_heap_1
    libinit.o(.ARM.Collect$$libinit$$00000000) refers (Special) to libinit2.o(.ARM.Collect$$libinit$$00000013) for __rt_lib_init_lc_collate_1
    libinit.o(.ARM.Collect$$libinit$$00000000) refers (Special) to libinit2.o(.ARM.Collect$$libinit$$00000015) for __rt_lib_init_lc_ctype_1
    libinit.o(.ARM.Collect$$libinit$$00000000) refers (Special) to libinit2.o(.ARM.Collect$$libinit$$00000017) for __rt_lib_init_lc_monetary_1
    libinit.o(.ARM.Collect$$libinit$$00000000) refers (Special) to libinit2.o(.ARM.Collect$$libinit$$00000019) for __rt_lib_init_lc_numeric_1
    libinit.o(.ARM.Collect$$libinit$$00000000) refers (Special) to libinit2.o(.ARM.Collect$$libinit$$0000001B) for __rt_lib_init_lc_time_1
    libinit.o(.ARM.Collect$$libinit$$00000000) refers (Special) to libinit2.o(.ARM.Collect$$libinit$$00000006) for __rt_lib_init_preinit_1
    libinit.o(.ARM.Collect$$libinit$$00000000) refers (Special) to libinit2.o(.ARM.Collect$$libinit$$00000010) for __rt_lib_init_rand_1
    libinit.o(.ARM.Collect$$libinit$$00000000) refers (Special) to libinit2.o(.ARM.Collect$$libinit$$00000004) for __rt_lib_init_relocate_pie_1
    libinit.o(.ARM.Collect$$libinit$$00000000) refers (Special) to libinit2.o(.ARM.Collect$$libinit$$00000035) for __rt_lib_init_return
    libinit.o(.ARM.Collect$$libinit$$00000000) refers (Special) to libinit2.o(.ARM.Collect$$libinit$$0000001F) for __rt_lib_init_signal_1
    libinit.o(.ARM.Collect$$libinit$$00000000) refers (Special) to libinit2.o(.ARM.Collect$$libinit$$00000027) for __rt_lib_init_stdio_1
    libinit.o(.ARM.Collect$$libinit$$00000000) refers (Special) to libinit2.o(.ARM.Collect$$libinit$$0000000E) for __rt_lib_init_user_alloc_1
    libspace.o(.text) refers to libspace.o(.bss) for __libspace_start
    rtexit.o(.ARM.Collect$$rtexit$$00000000) refers (Special) to rtexit2.o(.ARM.Collect$$rtexit$$00000004) for __rt_exit_exit
    rtexit.o(.ARM.Collect$$rtexit$$00000000) refers (Special) to rtexit2.o(.ARM.Collect$$rtexit$$00000003) for __rt_exit_ls
    rtexit.o(.ARM.Collect$$rtexit$$00000000) refers (Special) to rtexit2.o(.ARM.Collect$$rtexit$$00000002) for __rt_exit_prels_1
    rtexit.o(.ARM.exidx) refers (Special) to rtexit2.o(.ARM.Collect$$rtexit$$00000004) for __rt_exit_exit
    rtexit.o(.ARM.exidx) refers (Special) to rtexit2.o(.ARM.Collect$$rtexit$$00000003) for __rt_exit_ls
    rtexit.o(.ARM.exidx) refers (Special) to rtexit2.o(.ARM.Collect$$rtexit$$00000002) for __rt_exit_prels_1
    rtexit.o(.ARM.exidx) refers to rtexit.o(.ARM.Collect$$rtexit$$00000000) for .ARM.Collect$$rtexit$$00000000
    libinit2.o(.ARM.Collect$$libinit$$00000012) refers to libinit2.o(.ARM.Collect$$libinit$$00000011) for .ARM.Collect$$libinit$$00000011
    libinit2.o(.ARM.Collect$$libinit$$00000014) refers to libinit2.o(.ARM.Collect$$libinit$$00000011) for .ARM.Collect$$libinit$$00000011
    libinit2.o(.ARM.Collect$$libinit$$00000016) refers to libinit2.o(.ARM.Collect$$libinit$$00000011) for .ARM.Collect$$libinit$$00000011
    libinit2.o(.ARM.Collect$$libinit$$00000018) refers to libinit2.o(.ARM.Collect$$libinit$$00000011) for .ARM.Collect$$libinit$$00000011
    libinit2.o(.ARM.Collect$$libinit$$0000001A) refers to libinit2.o(.ARM.Collect$$libinit$$00000011) for .ARM.Collect$$libinit$$00000011
    libinit2.o(.ARM.Collect$$libinit$$00000028) refers to argv_veneer.o(.emb_text) for __ARM_argv_veneer
    libinit2.o(.ARM.Collect$$libinit$$00000029) refers to argv_veneer.o(.emb_text) for __ARM_argv_veneer
    rtexit2.o(.ARM.Collect$$rtexit$$00000003) refers to libshutdown.o(.ARM.Collect$$libshutdown$$00000000) for __rt_lib_shutdown
    rtexit2.o(.ARM.Collect$$rtexit$$00000004) refers to sys_exit.o(.text) for _sys_exit
    rtexit2.o(.ARM.exidx) refers to rtexit2.o(.ARM.Collect$$rtexit$$00000001) for .ARM.Collect$$rtexit$$00000001
    rtexit2.o(.ARM.exidx) refers to rtexit2.o(.ARM.Collect$$rtexit$$00000003) for .ARM.Collect$$rtexit$$00000003
    rtexit2.o(.ARM.exidx) refers to rtexit2.o(.ARM.Collect$$rtexit$$00000004) for .ARM.Collect$$rtexit$$00000004
    argv_veneer.o(.emb_text) refers to no_argv.o(.text) for __ARM_get_argv
    sys_exit.o(.text) refers (Special) to use_no_semi.o(.text) for __I$use$semihosting
    sys_exit.o(.text) refers (Special) to indicate_semi.o(.text) for __semihosting_library_function
    sys_exit_hlt.o(.text) refers (Special) to use_no_semi.o(.text) for __I$use$semihosting
    sys_exit_hlt.o(.text) refers (Special) to indicate_semi.o(.text) for __semihosting_library_function
    _get_argv_nomalloc.o(.text) refers (Special) to hrguard.o(.text) for __heap_region$guard
    _get_argv_nomalloc.o(.text) refers to defsig_rtmem_outer.o(.text) for __rt_SIGRTMEM
    _get_argv_nomalloc.o(.text) refers to sys_command.o(.text) for _sys_command_string
    libshutdown.o(.ARM.Collect$$libshutdown$$00000000) refers (Special) to libshutdown2.o(.ARM.Collect$$libshutdown$$00000002) for __rt_lib_shutdown_cpp_1
    libshutdown.o(.ARM.Collect$$libshutdown$$00000000) refers (Special) to libshutdown2.o(.ARM.Collect$$libshutdown$$00000007) for __rt_lib_shutdown_fp_trap_1
    libshutdown.o(.ARM.Collect$$libshutdown$$00000000) refers (Special) to libshutdown2.o(.ARM.Collect$$libshutdown$$0000000F) for __rt_lib_shutdown_heap_1
    libshutdown.o(.ARM.Collect$$libshutdown$$00000000) refers (Special) to libshutdown2.o(.ARM.Collect$$libshutdown$$00000010) for __rt_lib_shutdown_return
    libshutdown.o(.ARM.Collect$$libshutdown$$00000000) refers (Special) to libshutdown2.o(.ARM.Collect$$libshutdown$$0000000A) for __rt_lib_shutdown_signal_1
    libshutdown.o(.ARM.Collect$$libshutdown$$00000000) refers (Special) to libshutdown2.o(.ARM.Collect$$libshutdown$$00000004) for __rt_lib_shutdown_stdio_1
    libshutdown.o(.ARM.Collect$$libshutdown$$00000000) refers (Special) to libshutdown2.o(.ARM.Collect$$libshutdown$$0000000C) for __rt_lib_shutdown_user_alloc_1
    sys_command.o(.text) refers (Special) to use_no_semi.o(.text) for __I$use$semihosting
    sys_command.o(.text) refers (Special) to indicate_semi.o(.text) for __semihosting_library_function
    sys_command_hlt.o(.text) refers (Special) to use_no_semi.o(.text) for __I$use$semihosting
    sys_command_hlt.o(.text) refers (Special) to indicate_semi.o(.text) for __semihosting_library_function
    defsig_rtmem_outer.o(.text) refers to defsig_rtmem_inner.o(.text) for __rt_SIGRTMEM_inner
    defsig_rtmem_outer.o(.text) refers to defsig_exit.o(.text) for __sig_exit
    defsig_rtmem_formal.o(.text) refers to rt_raise.o(.text) for __rt_raise
    rt_raise.o(.text) refers to __raise.o(.text) for __raise
    rt_raise.o(.text) refers to sys_exit.o(.text) for _sys_exit
    defsig_exit.o(.text) refers to sys_exit.o(.text) for _sys_exit
    defsig_rtmem_inner.o(.text) refers to defsig_general.o(.text) for __default_signal_display
    __raise.o(.text) refers to defsig.o(CL$$defsig) for __default_signal_handler
    defsig_general.o(.text) refers to sys_wrch.o(.text) for _ttywrch
    sys_wrch.o(.text) refers (Special) to use_no_semi.o(.text) for __I$use$semihosting
    sys_wrch.o(.text) refers (Special) to indicate_semi.o(.text) for __semihosting_library_function
    sys_wrch_hlt.o(.text) refers (Special) to use_no_semi.o(.text) for __I$use$semihosting
    sys_wrch_hlt.o(.text) refers (Special) to indicate_semi.o(.text) for __semihosting_library_function
    defsig.o(CL$$defsig) refers to defsig_rtmem_inner.o(.text) for __rt_SIGRTMEM_inner
    defsig_abrt_inner.o(.text) refers to defsig_general.o(.text) for __default_signal_display
    defsig_fpe_inner.o(.text) refers to defsig_general.o(.text) for __default_signal_display
    defsig_rtred_inner.o(.text) refers to defsig_general.o(.text) for __default_signal_display
    defsig_stak_inner.o(.text) refers to defsig_general.o(.text) for __default_signal_display
    defsig_pvfn_inner.o(.text) refers to defsig_general.o(.text) for __default_signal_display
    defsig_cppl_inner.o(.text) refers to defsig_general.o(.text) for __default_signal_display
    defsig_segv_inner.o(.text) refers to defsig_general.o(.text) for __default_signal_display
    defsig_other.o(.text) refers to defsig_general.o(.text) for __default_signal_display


==============================================================================

Removing Unused input sections from the image.

    Removing main.o(.ARM.exidx), (160 bytes).
    Removing main.o(.bss.ir_need_update), (1 bytes).
    Removing main.o(.bss.ir_timeout_ms), (4 bytes).
    Removing main.o(.data.mute_on), (1 bytes).
    Removing main.o(.bss.ir_code), (2 bytes).
    Removing main.o(.bss.ir_cmd), (1 bytes).
    Removing main.o(.bss.buffer), (16 bytes).
    Removing main.o(.bss.dsd_conf), (1 bytes).
    Removing main.o(.bss.mclk_conf), (1 bytes).
    Removing main.o(.bss.contrast), (4 bytes).
    Removing main.o(.bss.remote_packet), (4 bytes).
    Removing main.o(.ARM.use_no_argv), (4 bytes).
    Removing misc.o(.text), (352 bytes).
    Removing misc.o(.ARM.exidx), (40 bytes).
    Removing stm32f10x_flash.o(.ARM.exidx), (224 bytes).
    Removing delay.o(.ARM.exidx), (32 bytes).
    Removing dispport.o(.ARM.exidx), (80 bytes).
    Removing spi_ssd1322.o(.ARM.exidx), (200 bytes).
    Removing system_stm32f10x.o(.ARM.exidx), (32 bytes).
    Removing encoder.o(.ARM.exidx), (40 bytes).
    Removing controlport.o(.ARM.exidx), (48 bytes).
    Removing uart_xmos.o(.ARM.exidx), (48 bytes).
    Removing ir_remote_1.o(.ARM.exidx), (16 bytes).
    Removing ir_remote_1.o(.bss.ir_duration_index), (1 bytes).
    Removing ir_remote_1.o(.bss.ir_durations), (128 bytes).

25 unused section(s) (total 1440 bytes) removed from the image.

==============================================================================

Image Symbol Table

    Local Symbols

    Symbol Name                              Value     Ov Type        Size  Object(Section)

    ../clib/angel/boardlib.s                 0x00000000   Number         0  boardinit1.o ABSOLUTE
    ../clib/angel/boardlib.s                 0x00000000   Number         0  boardinit2.o ABSOLUTE
    ../clib/angel/boardlib.s                 0x00000000   Number         0  boardinit3.o ABSOLUTE
    ../clib/angel/boardlib.s                 0x00000000   Number         0  boardshut.o ABSOLUTE
    ../clib/angel/handlers.s                 0x00000000   Number         0  __scatter_copy.o ABSOLUTE
    ../clib/angel/handlers.s                 0x00000000   Number         0  __scatter_zi.o ABSOLUTE
    ../clib/angel/kernel.s                   0x00000000   Number         0  __rtentry.o ABSOLUTE
    ../clib/angel/kernel.s                   0x00000000   Number         0  __rtentry2.o ABSOLUTE
    ../clib/angel/kernel.s                   0x00000000   Number         0  __rtentry4.o ABSOLUTE
    ../clib/angel/kernel.s                   0x00000000   Number         0  rtexit.o ABSOLUTE
    ../clib/angel/kernel.s                   0x00000000   Number         0  rtexit2.o ABSOLUTE
    ../clib/angel/rt.s                       0x00000000   Number         0  rt_raise.o ABSOLUTE
    ../clib/angel/scatter.s                  0x00000000   Number         0  __scatter.o ABSOLUTE
    ../clib/angel/startup.s                  0x00000000   Number         0  __main.o ABSOLUTE
    ../clib/angel/sys.s                      0x00000000   Number         0  sys_stackheap_outer.o ABSOLUTE
    ../clib/angel/sys.s                      0x00000000   Number         0  libspace.o ABSOLUTE
    ../clib/angel/sys.s                      0x00000000   Number         0  use_no_semi.o ABSOLUTE
    ../clib/angel/sys.s                      0x00000000   Number         0  indicate_semi.o ABSOLUTE
    ../clib/angel/sysapp.c                   0x00000000   Number         0  sys_exit.o ABSOLUTE
    ../clib/angel/sysapp.c                   0x00000000   Number         0  sys_exit_hlt.o ABSOLUTE
    ../clib/angel/sysapp.c                   0x00000000   Number         0  sys_command.o ABSOLUTE
    ../clib/angel/sysapp.c                   0x00000000   Number         0  sys_command_hlt.o ABSOLUTE
    ../clib/angel/sysapp.c                   0x00000000   Number         0  sys_wrch.o ABSOLUTE
    ../clib/angel/sysapp.c                   0x00000000   Number         0  sys_wrch_hlt.o ABSOLUTE
    ../clib/armsys.c                         0x00000000   Number         0  argv_veneer.o ABSOLUTE
    ../clib/armsys.c                         0x00000000   Number         0  argv_veneer.o ABSOLUTE
    ../clib/armsys.c                         0x00000000   Number         0  _get_argv_nomalloc.o ABSOLUTE
    ../clib/armsys.c                         0x00000000   Number         0  no_argv.o ABSOLUTE
    ../clib/heapalloc.c                      0x00000000   Number         0  hrguard.o ABSOLUTE
    ../clib/heapaux.c                        0x00000000   Number         0  heapauxi.o ABSOLUTE
    ../clib/libinit.s                        0x00000000   Number         0  libinit.o ABSOLUTE
    ../clib/libinit.s                        0x00000000   Number         0  libinit2.o ABSOLUTE
    ../clib/libinit.s                        0x00000000   Number         0  libshutdown.o ABSOLUTE
    ../clib/libinit.s                        0x00000000   Number         0  libshutdown2.o ABSOLUTE
    ../clib/signal.c                         0x00000000   Number         0  defsig_rtmem_outer.o ABSOLUTE
    ../clib/signal.c                         0x00000000   Number         0  defsig_rtmem_formal.o ABSOLUTE
    ../clib/signal.c                         0x00000000   Number         0  defsig_exit.o ABSOLUTE
    ../clib/signal.c                         0x00000000   Number         0  defsig_rtmem_inner.o ABSOLUTE
    ../clib/signal.c                         0x00000000   Number         0  __raise.o ABSOLUTE
    ../clib/signal.c                         0x00000000   Number         0  defsig_general.o ABSOLUTE
    ../clib/signal.c                         0x00000000   Number         0  defsig_abrt_inner.o ABSOLUTE
    ../clib/signal.c                         0x00000000   Number         0  defsig_fpe_inner.o ABSOLUTE
    ../clib/signal.c                         0x00000000   Number         0  defsig_rtred_inner.o ABSOLUTE
    ../clib/signal.c                         0x00000000   Number         0  defsig_stak_inner.o ABSOLUTE
    ../clib/signal.c                         0x00000000   Number         0  defsig_pvfn_inner.o ABSOLUTE
    ../clib/signal.c                         0x00000000   Number         0  defsig_cppl_inner.o ABSOLUTE
    ../clib/signal.c                         0x00000000   Number         0  defsig_segv_inner.o ABSOLUTE
    ../clib/signal.c                         0x00000000   Number         0  defsig_other.o ABSOLUTE
    ../clib/signal.s                         0x00000000   Number         0  defsig.o ABSOLUTE
    ../clib/stdlib.c                         0x00000000   Number         0  exit.o ABSOLUTE
    ../fplib/fpinit.s                        0x00000000   Number         0  fpinit.o ABSOLUTE
    ../fplib/fpinit_empty.s                  0x00000000   Number         0  fpinit_empty.o ABSOLUTE
    ControlPort.c                            0x00000000   Number         0  controlport.o ABSOLUTE
    Delay.c                                  0x00000000   Number         0  delay.o ABSOLUTE
    DispPort.c                               0x00000000   Number         0  dispport.o ABSOLUTE
    UART_XMOS.c                              0x00000000   Number         0  uart_xmos.o ABSOLUTE
    cmsis_boot\startup\startup_stm32f10x_md.s 0x00000000   Number         0  startup_stm32f10x_md.o ABSOLUTE
    dc.s                                     0x00000000   Number         0  dc.o ABSOLUTE
    encoder.c                                0x00000000   Number         0  encoder.o ABSOLUTE
    ir_remote.c                              0x00000000   Number         0  ir_remote_1.o ABSOLUTE
    main.c                                   0x00000000   Number         0  main.o ABSOLUTE
    misc.c                                   0x00000000   Number         0  misc.o ABSOLUTE
    spi_ssd1322.c                            0x00000000   Number         0  spi_ssd1322.o ABSOLUTE
    stm32f10x_flash.c                        0x00000000   Number         0  stm32f10x_flash.o ABSOLUTE
    system_stm32f10x.c                       0x00000000   Number         0  system_stm32f10x.o ABSOLUTE
    RESET                                    0x08000000   Section      236  startup_stm32f10x_md.o(RESET)
    !!!main                                  0x080000ec   Section        8  __main.o(!!!main)
    !!!scatter                               0x080000f4   Section       52  __scatter.o(!!!scatter)
    !!handler_copy                           0x08000128   Section       26  __scatter_copy.o(!!handler_copy)
    !!handler_zi                             0x08000144   Section       28  __scatter_zi.o(!!handler_zi)
    .ARM.Collect$$libinit$$00000000          0x08000160   Section        2  libinit.o(.ARM.Collect$$libinit$$00000000)
    .ARM.Collect$$libinit$$00000002          0x08000162   Section        0  libinit2.o(.ARM.Collect$$libinit$$00000002)
    .ARM.Collect$$libinit$$00000004          0x08000162   Section        0  libinit2.o(.ARM.Collect$$libinit$$00000004)
    .ARM.Collect$$libinit$$00000006          0x08000162   Section        0  libinit2.o(.ARM.Collect$$libinit$$00000006)
    .ARM.Collect$$libinit$$0000000C          0x08000162   Section        0  libinit2.o(.ARM.Collect$$libinit$$0000000C)
    .ARM.Collect$$libinit$$0000000E          0x08000162   Section        0  libinit2.o(.ARM.Collect$$libinit$$0000000E)
    .ARM.Collect$$libinit$$00000010          0x08000162   Section        0  libinit2.o(.ARM.Collect$$libinit$$00000010)
    .ARM.Collect$$libinit$$00000013          0x08000162   Section        0  libinit2.o(.ARM.Collect$$libinit$$00000013)
    .ARM.Collect$$libinit$$00000015          0x08000162   Section        0  libinit2.o(.ARM.Collect$$libinit$$00000015)
    .ARM.Collect$$libinit$$00000017          0x08000162   Section        0  libinit2.o(.ARM.Collect$$libinit$$00000017)
    .ARM.Collect$$libinit$$00000019          0x08000162   Section        0  libinit2.o(.ARM.Collect$$libinit$$00000019)
    .ARM.Collect$$libinit$$0000001B          0x08000162   Section        0  libinit2.o(.ARM.Collect$$libinit$$0000001B)
    .ARM.Collect$$libinit$$0000001D          0x08000162   Section        0  libinit2.o(.ARM.Collect$$libinit$$0000001D)
    .ARM.Collect$$libinit$$0000001F          0x08000162   Section        0  libinit2.o(.ARM.Collect$$libinit$$0000001F)
    .ARM.Collect$$libinit$$00000021          0x08000162   Section        0  libinit2.o(.ARM.Collect$$libinit$$00000021)
    .ARM.Collect$$libinit$$00000023          0x08000162   Section        0  libinit2.o(.ARM.Collect$$libinit$$00000023)
    .ARM.Collect$$libinit$$00000025          0x08000162   Section        0  libinit2.o(.ARM.Collect$$libinit$$00000025)
    .ARM.Collect$$libinit$$00000027          0x08000162   Section        0  libinit2.o(.ARM.Collect$$libinit$$00000027)
    .ARM.Collect$$libinit$$0000002E          0x08000162   Section        0  libinit2.o(.ARM.Collect$$libinit$$0000002E)
    .ARM.Collect$$libinit$$00000030          0x08000162   Section        0  libinit2.o(.ARM.Collect$$libinit$$00000030)
    .ARM.Collect$$libinit$$00000032          0x08000162   Section        0  libinit2.o(.ARM.Collect$$libinit$$00000032)
    .ARM.Collect$$libinit$$00000034          0x08000162   Section        0  libinit2.o(.ARM.Collect$$libinit$$00000034)
    .ARM.Collect$$libinit$$00000035          0x08000162   Section        2  libinit2.o(.ARM.Collect$$libinit$$00000035)
    .ARM.Collect$$libshutdown$$00000000      0x08000164   Section        2  libshutdown.o(.ARM.Collect$$libshutdown$$00000000)
    .ARM.Collect$$libshutdown$$00000002      0x08000166   Section        0  libshutdown2.o(.ARM.Collect$$libshutdown$$00000002)
    .ARM.Collect$$libshutdown$$00000004      0x08000166   Section        0  libshutdown2.o(.ARM.Collect$$libshutdown$$00000004)
    .ARM.Collect$$libshutdown$$00000007      0x08000166   Section        0  libshutdown2.o(.ARM.Collect$$libshutdown$$00000007)
    .ARM.Collect$$libshutdown$$0000000A      0x08000166   Section        0  libshutdown2.o(.ARM.Collect$$libshutdown$$0000000A)
    .ARM.Collect$$libshutdown$$0000000C      0x08000166   Section        0  libshutdown2.o(.ARM.Collect$$libshutdown$$0000000C)
    .ARM.Collect$$libshutdown$$0000000F      0x08000166   Section        0  libshutdown2.o(.ARM.Collect$$libshutdown$$0000000F)
    .ARM.Collect$$libshutdown$$00000010      0x08000166   Section        2  libshutdown2.o(.ARM.Collect$$libshutdown$$00000010)
    .ARM.Collect$$rtentry$$00000000          0x08000168   Section        0  __rtentry.o(.ARM.Collect$$rtentry$$00000000)
    .ARM.Collect$$rtentry$$00000002          0x08000168   Section        0  __rtentry2.o(.ARM.Collect$$rtentry$$00000002)
    .ARM.Collect$$rtentry$$00000004          0x08000168   Section        6  __rtentry4.o(.ARM.Collect$$rtentry$$00000004)
    .ARM.Collect$$rtentry$$00000009          0x0800016e   Section        0  __rtentry2.o(.ARM.Collect$$rtentry$$00000009)
    .ARM.Collect$$rtentry$$0000000A          0x0800016e   Section        4  __rtentry2.o(.ARM.Collect$$rtentry$$0000000A)
    .ARM.Collect$$rtentry$$0000000C          0x08000172   Section        0  __rtentry2.o(.ARM.Collect$$rtentry$$0000000C)
    .ARM.Collect$$rtentry$$0000000D          0x08000172   Section        8  __rtentry2.o(.ARM.Collect$$rtentry$$0000000D)
    .ARM.Collect$$rtexit$$00000000           0x0800017a   Section        2  rtexit.o(.ARM.Collect$$rtexit$$00000000)
    .ARM.Collect$$rtexit$$00000002           0x0800017c   Section        0  rtexit2.o(.ARM.Collect$$rtexit$$00000002)
    .ARM.Collect$$rtexit$$00000003           0x0800017c   Section        4  rtexit2.o(.ARM.Collect$$rtexit$$00000003)
    .ARM.Collect$$rtexit$$00000004           0x08000180   Section        6  rtexit2.o(.ARM.Collect$$rtexit$$00000004)
    .text                                    0x08000188   Section       64  startup_stm32f10x_md.o(.text)
    [Anonymous Symbol]                       0x080001c8   Section        0  main.o(.text)
    NVIC_EnableIRQ                           0x080012f9   Thumb Code    36  main.o(.text)
    NVIC_SetPriority                         0x0800131d   Thumb Code    68  main.o(.text)
    [Anonymous Symbol]                       0x080014e8   Section        0  stm32f10x_flash.o(.text)
    [Anonymous Symbol]                       0x08001f4c   Section        0  delay.o(.text)
    delta                                    0x08001fc1   Thumb Code    16  delay.o(.text)
    [Anonymous Symbol]                       0x08002020   Section        0  dispport.o(.text)
    [Anonymous Symbol]                       0x08002184   Section        0  spi_ssd1322.o(.text)
    byte_to_hex                              0x08002c69   Thumb Code    52  spi_ssd1322.o(.text)
    [Anonymous Symbol]                       0x08002c9c   Section        0  system_stm32f10x.o(.text)
    SetSysClock                              0x08002d05   Thumb Code     8  system_stm32f10x.o(.text)
    SetSysClockTo72                          0x08002e31   Thumb Code   290  system_stm32f10x.o(.text)
    [Anonymous Symbol]                       0x08002f54   Section        0  encoder.o(.text)
    NVIC_EnableIRQ                           0x08003045   Thumb Code    36  encoder.o(.text)
    NVIC_SetPriority                         0x08003069   Thumb Code    68  encoder.o(.text)
    [Anonymous Symbol]                       0x080030cc   Section        0  controlport.o(.text)
    [Anonymous Symbol]                       0x080031d8   Section        0  uart_xmos.o(.text)
    NVIC_EnableIRQ                           0x08003265   Thumb Code    36  uart_xmos.o(.text)
    NVIC_SetPriority                         0x08003289   Thumb Code    68  uart_xmos.o(.text)
    [Anonymous Symbol]                       0x08003390   Section        0  ir_remote_1.o(.text)
    .text                                    0x08003592   Section        0  heapauxi.o(.text)
    .text                                    0x08003598   Section       74  sys_stackheap_outer.o(.text)
    .text                                    0x080035e2   Section        0  exit.o(.text)
    .text                                    0x080035f4   Section        8  libspace.o(.text)
    .text                                    0x080035fc   Section        0  sys_exit.o(.text)
    .text                                    0x08003608   Section        2  use_no_semi.o(.text)
    .text                                    0x0800360a   Section        0  indicate_semi.o(.text)
    hex_chars                                0x080074bc   Data          17  spi_ssd1322.o(.rodata.hex_chars)
    [Anonymous Symbol]                       0x080074bc   Section        0  spi_ssd1322.o(.rodata.hex_chars)
    .L.str.4                                 0x080074cd   Data          10  main.o(.rodata.str1.1)
    [Anonymous Symbol]                       0x080074cd   Section        0  main.o(.rodata.str1.1)
    .L.str.5                                 0x080074d7   Data          10  main.o(.rodata.str1.1)
    .L.str.6                                 0x080074e1   Data          10  main.o(.rodata.str1.1)
    .L.str.7                                 0x080074eb   Data          10  main.o(.rodata.str1.1)
    .L.str.8                                 0x080074f5   Data          10  main.o(.rodata.str1.1)
    .L.str.9                                 0x080074ff   Data          10  main.o(.rodata.str1.1)
    .L.str.10                                0x08007509   Data          10  main.o(.rodata.str1.1)
    .L.str.11                                0x08007513   Data           6  main.o(.rodata.str1.1)
    .L.str.2                                 0x08007519   Data           9  main.o(.rodata.str1.1)
    .L.str.1                                 0x08007522   Data           9  main.o(.rodata.str1.1)
    .L.str.3                                 0x0800752b   Data           9  main.o(.rodata.str1.1)
    .L.str                                   0x08007534   Data          13  main.o(.rodata.str1.1)
    .L.str.24                                0x08007541   Data          14  main.o(.rodata.str1.1)
    .L.str.25                                0x0800754f   Data          14  main.o(.rodata.str1.1)
    .L.str.28                                0x0800755d   Data          14  main.o(.rodata.str1.1)
    .L.str.27                                0x0800756b   Data          14  main.o(.rodata.str1.1)
    .L.str.26                                0x08007579   Data          14  main.o(.rodata.str1.1)
    .L.str.29                                0x08007587   Data          14  main.o(.rodata.str1.1)
    .L.str.12                                0x08007595   Data          14  main.o(.rodata.str1.1)
    .L.str.22                                0x080075a3   Data          15  main.o(.rodata.str1.1)
    .L.str.14                                0x080075b2   Data          14  main.o(.rodata.str1.1)
    .L.str.17                                0x080075c0   Data          14  main.o(.rodata.str1.1)
    .L.str.16                                0x080075ce   Data          14  main.o(.rodata.str1.1)
    .L.str.19                                0x080075dc   Data          14  main.o(.rodata.str1.1)
    .L.str.20                                0x080075ea   Data          14  main.o(.rodata.str1.1)
    .L.str.23                                0x080075f8   Data          15  main.o(.rodata.str1.1)
    .L.str.15                                0x08007607   Data          14  main.o(.rodata.str1.1)
    .L.str.18                                0x08007615   Data          14  main.o(.rodata.str1.1)
    .L.str.13                                0x08007623   Data          14  main.o(.rodata.str1.1)
    .L.str.21                                0x08007631   Data          14  main.o(.rodata.str1.1)
    Process_Encoder_Rotation.input           0x20000000   Data           1  main.o(.data.Process_Encoder_Rotation.input)
    [Anonymous Symbol]                       0x20000000   Section        0  main.o(.data.Process_Encoder_Rotation.input)
    Process_Encoder_Rotation.vol             0x20000001   Data           1  main.o(.data.Process_Encoder_Rotation.vol)
    [Anonymous Symbol]                       0x20000001   Section        0  main.o(.data.Process_Encoder_Rotation.vol)
    .bss                                     0x20000018   Section       96  libspace.o(.bss)
    Process_Encoder_Rotation.filter          0x20000078   Data           1  main.o(.bss.Process_Encoder_Rotation.filter)
    [Anonymous Symbol]                       0x20000078   Section        0  main.o(.bss.Process_Encoder_Rotation.filter)
    buffer_index                             0x2000007a   Data           1  uart_xmos.o(.bss.buffer_index)
    [Anonymous Symbol]                       0x2000007a   Section        0  uart_xmos.o(.bss.buffer_index)
    Heap_Mem                                 0x200010b8   Data        2048  startup_stm32f10x_md.o(HEAP)
    HEAP                                     0x200010b8   Section     2048  startup_stm32f10x_md.o(HEAP)
    Stack_Mem                                0x200018b8   Data        2048  startup_stm32f10x_md.o(STACK)
    STACK                                    0x200018b8   Section     2048  startup_stm32f10x_md.o(STACK)
    __initial_sp                             0x200020b8   Data           0  startup_stm32f10x_md.o(STACK)

    Global Symbols

    Symbol Name                              Value     Ov Type        Size  Object(Section)

    BuildAttributes$$THM_ISAv4$P$D$K$B$S$PE$A:L22UL41UL21$X:L11$S22US41US21$IEEE1$IW$~IW$USESV6$~STKCKD$USESV7$~SHL$OSPACE$ROPI$EBA8$UX$STANDARDLIB$REQ8$PRES8$EABIv2 0x00000000   Number         0  anon$$obj.o ABSOLUTE
    __fp_init_empty                          0x00000000   Number         0  fpinit_empty.o ABSOLUTE
    __ARM_exceptions_init                     - Undefined Weak Reference
    __alloca_initialize                       - Undefined Weak Reference
    __arm_preinit_                            - Undefined Weak Reference
    __arm_relocate_pie_                       - Undefined Weak Reference
    __cpp_initialize__aeabi_                  - Undefined Weak Reference
    __cxa_finalize                            - Undefined Weak Reference
    __rt_locale                               - Undefined Weak Reference
    __sigvec_lookup                           - Undefined Weak Reference
    _atexit_init                              - Undefined Weak Reference
    _call_atexit_fns                          - Undefined Weak Reference
    _clock_init                               - Undefined Weak Reference
    _fp_trap_init                             - Undefined Weak Reference
    _fp_trap_shutdown                         - Undefined Weak Reference
    _get_lc_collate                           - Undefined Weak Reference
    _get_lc_ctype                             - Undefined Weak Reference
    _get_lc_monetary                          - Undefined Weak Reference
    _get_lc_numeric                           - Undefined Weak Reference
    _get_lc_time                              - Undefined Weak Reference
    _getenv_init                              - Undefined Weak Reference
    _handle_redirection                       - Undefined Weak Reference
    _init_alloc                               - Undefined Weak Reference
    _init_user_alloc                          - Undefined Weak Reference
    _initio                                   - Undefined Weak Reference
    _rand_init                                - Undefined Weak Reference
    _signal_finish                            - Undefined Weak Reference
    _signal_init                              - Undefined Weak Reference
    _terminate_alloc                          - Undefined Weak Reference
    _terminate_user_alloc                     - Undefined Weak Reference
    _terminateio                              - Undefined Weak Reference
    __Vectors_Size                           0x000000ec   Number         0  startup_stm32f10x_md.o ABSOLUTE
    __Vectors                                0x08000000   Data           4  startup_stm32f10x_md.o(RESET)
    __Vectors_End                            0x080000ec   Data           0  startup_stm32f10x_md.o(RESET)
    __main                                   0x080000ed   Thumb Code     8  __main.o(!!!main)
    __scatterload                            0x080000f5   Thumb Code     0  __scatter.o(!!!scatter)
    __scatterload_rt2                        0x080000f5   Thumb Code    44  __scatter.o(!!!scatter)
    __scatterload_rt2_thumb_only             0x080000f5   Thumb Code     0  __scatter.o(!!!scatter)
    __scatterload_null                       0x08000103   Thumb Code     0  __scatter.o(!!!scatter)
    __scatterload_copy                       0x08000129   Thumb Code    26  __scatter_copy.o(!!handler_copy)
    __scatterload_zeroinit                   0x08000145   Thumb Code    28  __scatter_zi.o(!!handler_zi)
    __rt_lib_init                            0x08000161   Thumb Code     0  libinit.o(.ARM.Collect$$libinit$$00000000)
    __rt_lib_init_alloca_1                   0x08000163   Thumb Code     0  libinit2.o(.ARM.Collect$$libinit$$00000030)
    __rt_lib_init_argv_1                     0x08000163   Thumb Code     0  libinit2.o(.ARM.Collect$$libinit$$0000002E)
    __rt_lib_init_atexit_1                   0x08000163   Thumb Code     0  libinit2.o(.ARM.Collect$$libinit$$0000001D)
    __rt_lib_init_clock_1                    0x08000163   Thumb Code     0  libinit2.o(.ARM.Collect$$libinit$$00000023)
    __rt_lib_init_cpp_1                      0x08000163   Thumb Code     0  libinit2.o(.ARM.Collect$$libinit$$00000034)
    __rt_lib_init_exceptions_1               0x08000163   Thumb Code     0  libinit2.o(.ARM.Collect$$libinit$$00000032)
    __rt_lib_init_fp_1                       0x08000163   Thumb Code     0  libinit2.o(.ARM.Collect$$libinit$$00000002)
    __rt_lib_init_fp_trap_1                  0x08000163   Thumb Code     0  libinit2.o(.ARM.Collect$$libinit$$00000021)
    __rt_lib_init_getenv_1                   0x08000163   Thumb Code     0  libinit2.o(.ARM.Collect$$libinit$$00000025)
    __rt_lib_init_heap_1                     0x08000163   Thumb Code     0  libinit2.o(.ARM.Collect$$libinit$$0000000C)
    __rt_lib_init_lc_collate_1               0x08000163   Thumb Code     0  libinit2.o(.ARM.Collect$$libinit$$00000013)
    __rt_lib_init_lc_ctype_1                 0x08000163   Thumb Code     0  libinit2.o(.ARM.Collect$$libinit$$00000015)
    __rt_lib_init_lc_monetary_1              0x08000163   Thumb Code     0  libinit2.o(.ARM.Collect$$libinit$$00000017)
    __rt_lib_init_lc_numeric_1               0x08000163   Thumb Code     0  libinit2.o(.ARM.Collect$$libinit$$00000019)
    __rt_lib_init_lc_time_1                  0x08000163   Thumb Code     0  libinit2.o(.ARM.Collect$$libinit$$0000001B)
    __rt_lib_init_preinit_1                  0x08000163   Thumb Code     0  libinit2.o(.ARM.Collect$$libinit$$00000006)
    __rt_lib_init_rand_1                     0x08000163   Thumb Code     0  libinit2.o(.ARM.Collect$$libinit$$00000010)
    __rt_lib_init_relocate_pie_1             0x08000163   Thumb Code     0  libinit2.o(.ARM.Collect$$libinit$$00000004)
    __rt_lib_init_return                     0x08000163   Thumb Code     0  libinit2.o(.ARM.Collect$$libinit$$00000035)
    __rt_lib_init_signal_1                   0x08000163   Thumb Code     0  libinit2.o(.ARM.Collect$$libinit$$0000001F)
    __rt_lib_init_stdio_1                    0x08000163   Thumb Code     0  libinit2.o(.ARM.Collect$$libinit$$00000027)
    __rt_lib_init_user_alloc_1               0x08000163   Thumb Code     0  libinit2.o(.ARM.Collect$$libinit$$0000000E)
    __rt_lib_shutdown                        0x08000165   Thumb Code     0  libshutdown.o(.ARM.Collect$$libshutdown$$00000000)
    __rt_lib_shutdown_cpp_1                  0x08000167   Thumb Code     0  libshutdown2.o(.ARM.Collect$$libshutdown$$00000002)
    __rt_lib_shutdown_fp_trap_1              0x08000167   Thumb Code     0  libshutdown2.o(.ARM.Collect$$libshutdown$$00000007)
    __rt_lib_shutdown_heap_1                 0x08000167   Thumb Code     0  libshutdown2.o(.ARM.Collect$$libshutdown$$0000000F)
    __rt_lib_shutdown_return                 0x08000167   Thumb Code     0  libshutdown2.o(.ARM.Collect$$libshutdown$$00000010)
    __rt_lib_shutdown_signal_1               0x08000167   Thumb Code     0  libshutdown2.o(.ARM.Collect$$libshutdown$$0000000A)
    __rt_lib_shutdown_stdio_1                0x08000167   Thumb Code     0  libshutdown2.o(.ARM.Collect$$libshutdown$$00000004)
    __rt_lib_shutdown_user_alloc_1           0x08000167   Thumb Code     0  libshutdown2.o(.ARM.Collect$$libshutdown$$0000000C)
    __rt_entry                               0x08000169   Thumb Code     0  __rtentry.o(.ARM.Collect$$rtentry$$00000000)
    __rt_entry_presh_1                       0x08000169   Thumb Code     0  __rtentry2.o(.ARM.Collect$$rtentry$$00000002)
    __rt_entry_sh                            0x08000169   Thumb Code     0  __rtentry4.o(.ARM.Collect$$rtentry$$00000004)
    __rt_entry_li                            0x0800016f   Thumb Code     0  __rtentry2.o(.ARM.Collect$$rtentry$$0000000A)
    __rt_entry_postsh_1                      0x0800016f   Thumb Code     0  __rtentry2.o(.ARM.Collect$$rtentry$$00000009)
    __rt_entry_main                          0x08000173   Thumb Code     0  __rtentry2.o(.ARM.Collect$$rtentry$$0000000D)
    __rt_entry_postli_1                      0x08000173   Thumb Code     0  __rtentry2.o(.ARM.Collect$$rtentry$$0000000C)
    __rt_exit                                0x0800017b   Thumb Code     0  rtexit.o(.ARM.Collect$$rtexit$$00000000)
    __rt_exit_ls                             0x0800017d   Thumb Code     0  rtexit2.o(.ARM.Collect$$rtexit$$00000003)
    __rt_exit_prels_1                        0x0800017d   Thumb Code     0  rtexit2.o(.ARM.Collect$$rtexit$$00000002)
    __rt_exit_exit                           0x08000181   Thumb Code     0  rtexit2.o(.ARM.Collect$$rtexit$$00000004)
    Reset_Handler                            0x08000189   Thumb Code     8  startup_stm32f10x_md.o(.text)
    NMI_Handler                              0x08000191   Thumb Code     2  startup_stm32f10x_md.o(.text)
    HardFault_Handler                        0x08000193   Thumb Code     2  startup_stm32f10x_md.o(.text)
    MemManage_Handler                        0x08000195   Thumb Code     2  startup_stm32f10x_md.o(.text)
    BusFault_Handler                         0x08000197   Thumb Code     2  startup_stm32f10x_md.o(.text)
    UsageFault_Handler                       0x08000199   Thumb Code     2  startup_stm32f10x_md.o(.text)
    SVC_Handler                              0x0800019b   Thumb Code     2  startup_stm32f10x_md.o(.text)
    DebugMon_Handler                         0x0800019d   Thumb Code     2  startup_stm32f10x_md.o(.text)
    PendSV_Handler                           0x0800019f   Thumb Code     2  startup_stm32f10x_md.o(.text)
    SysTick_Handler                          0x080001a1   Thumb Code     2  startup_stm32f10x_md.o(.text)
    ADC1_2_IRQHandler                        0x080001a3   Thumb Code     0  startup_stm32f10x_md.o(.text)
    CAN1_RX1_IRQHandler                      0x080001a3   Thumb Code     0  startup_stm32f10x_md.o(.text)
    CAN1_SCE_IRQHandler                      0x080001a3   Thumb Code     0  startup_stm32f10x_md.o(.text)
    DMA1_Channel1_IRQHandler                 0x080001a3   Thumb Code     0  startup_stm32f10x_md.o(.text)
    DMA1_Channel2_IRQHandler                 0x080001a3   Thumb Code     0  startup_stm32f10x_md.o(.text)
    DMA1_Channel3_IRQHandler                 0x080001a3   Thumb Code     0  startup_stm32f10x_md.o(.text)
    DMA1_Channel4_IRQHandler                 0x080001a3   Thumb Code     0  startup_stm32f10x_md.o(.text)
    DMA1_Channel5_IRQHandler                 0x080001a3   Thumb Code     0  startup_stm32f10x_md.o(.text)
    DMA1_Channel6_IRQHandler                 0x080001a3   Thumb Code     0  startup_stm32f10x_md.o(.text)
    DMA1_Channel7_IRQHandler                 0x080001a3   Thumb Code     0  startup_stm32f10x_md.o(.text)
    EXTI0_IRQHandler                         0x080001a3   Thumb Code     0  startup_stm32f10x_md.o(.text)
    EXTI15_10_IRQHandler                     0x080001a3   Thumb Code     0  startup_stm32f10x_md.o(.text)
    EXTI1_IRQHandler                         0x080001a3   Thumb Code     0  startup_stm32f10x_md.o(.text)
    EXTI2_IRQHandler                         0x080001a3   Thumb Code     0  startup_stm32f10x_md.o(.text)
    EXTI3_IRQHandler                         0x080001a3   Thumb Code     0  startup_stm32f10x_md.o(.text)
    EXTI4_IRQHandler                         0x080001a3   Thumb Code     0  startup_stm32f10x_md.o(.text)
    FLASH_IRQHandler                         0x080001a3   Thumb Code     0  startup_stm32f10x_md.o(.text)
    I2C1_ER_IRQHandler                       0x080001a3   Thumb Code     0  startup_stm32f10x_md.o(.text)
    I2C1_EV_IRQHandler                       0x080001a3   Thumb Code     0  startup_stm32f10x_md.o(.text)
    I2C2_ER_IRQHandler                       0x080001a3   Thumb Code     0  startup_stm32f10x_md.o(.text)
    I2C2_EV_IRQHandler                       0x080001a3   Thumb Code     0  startup_stm32f10x_md.o(.text)
    PVD_IRQHandler                           0x080001a3   Thumb Code     0  startup_stm32f10x_md.o(.text)
    RCC_IRQHandler                           0x080001a3   Thumb Code     0  startup_stm32f10x_md.o(.text)
    RTCAlarm_IRQHandler                      0x080001a3   Thumb Code     0  startup_stm32f10x_md.o(.text)
    RTC_IRQHandler                           0x080001a3   Thumb Code     0  startup_stm32f10x_md.o(.text)
    SPI1_IRQHandler                          0x080001a3   Thumb Code     0  startup_stm32f10x_md.o(.text)
    SPI2_IRQHandler                          0x080001a3   Thumb Code     0  startup_stm32f10x_md.o(.text)
    TAMPER_IRQHandler                        0x080001a3   Thumb Code     0  startup_stm32f10x_md.o(.text)
    TIM1_BRK_IRQHandler                      0x080001a3   Thumb Code     0  startup_stm32f10x_md.o(.text)
    TIM1_CC_IRQHandler                       0x080001a3   Thumb Code     0  startup_stm32f10x_md.o(.text)
    TIM1_TRG_COM_IRQHandler                  0x080001a3   Thumb Code     0  startup_stm32f10x_md.o(.text)
    TIM1_UP_IRQHandler                       0x080001a3   Thumb Code     0  startup_stm32f10x_md.o(.text)
    TIM3_IRQHandler                          0x080001a3   Thumb Code     0  startup_stm32f10x_md.o(.text)
    USART2_IRQHandler                        0x080001a3   Thumb Code     0  startup_stm32f10x_md.o(.text)
    USART3_IRQHandler                        0x080001a3   Thumb Code     0  startup_stm32f10x_md.o(.text)
    USBWakeUp_IRQHandler                     0x080001a3   Thumb Code     0  startup_stm32f10x_md.o(.text)
    USB_HP_CAN1_TX_IRQHandler                0x080001a3   Thumb Code     0  startup_stm32f10x_md.o(.text)
    USB_LP_CAN1_RX0_IRQHandler               0x080001a3   Thumb Code     0  startup_stm32f10x_md.o(.text)
    WWDG_IRQHandler                          0x080001a3   Thumb Code     0  startup_stm32f10x_md.o(.text)
    __user_initial_stackheap                 0x080001a5   Thumb Code     0  startup_stm32f10x_md.o(.text)
    FLASH_ReadSettings                       0x080001c9   Thumb Code    78  main.o(.text)
    FLASH_WriteSettings                      0x08000219   Thumb Code    94  main.o(.text)
    I2C2_Init                                0x08000279   Thumb Code   146  main.o(.text)
    I2C2_WriteByte                           0x0800030d   Thumb Code   150  main.o(.text)
    Update_Bottom_Line                       0x080003a5   Thumb Code   546  main.o(.text)
    Process_XMOS_Signal                      0x080005c9   Thumb Code   422  main.o(.text)
    Process_Encoder_Rotation                 0x08000771   Thumb Code   326  main.o(.text)
    ProcessButtonPress                       0x080008b9   Thumb Code   488  main.o(.text)
    EXTI9_5_IRQHandler                       0x08000aa1   Thumb Code   116  main.o(.text)
    TIM4_IRQHandler                          0x08000b15   Thumb Code   288  main.o(.text)
    TIM2_IRQHandler                          0x08000c35   Thumb Code   758  main.o(.text)
    ESS9028_WriteReg                         0x08000f2d   Thumb Code   212  main.o(.text)
    ESS9028_SetFilter                        0x08001001   Thumb Code    66  main.o(.text)
    ESS9028_SetInput                         0x08001045   Thumb Code   106  main.o(.text)
    MUTED_LCD                                0x080010b1   Thumb Code    60  main.o(.text)
    SSD1322_DrawAleksFull                    0x080010ed   Thumb Code   302  main.o(.text)
    IR_Init                                  0x0800121d   Thumb Code   218  main.o(.text)
    main                                     0x08001361   Thumb Code   392  main.o(.text)
    FLASH_SetLatency                         0x080014e9   Thumb Code    44  stm32f10x_flash.o(.text)
    FLASH_HalfCycleAccessCmd                 0x08001515   Thumb Code    32  stm32f10x_flash.o(.text)
    FLASH_PrefetchBufferCmd                  0x08001535   Thumb Code    32  stm32f10x_flash.o(.text)
    FLASH_Unlock                             0x08001555   Thumb Code    30  stm32f10x_flash.o(.text)
    FLASH_UnlockBank1                        0x08001575   Thumb Code    30  stm32f10x_flash.o(.text)
    FLASH_Lock                               0x08001595   Thumb Code    18  stm32f10x_flash.o(.text)
    FLASH_LockBank1                          0x080015a9   Thumb Code    18  stm32f10x_flash.o(.text)
    FLASH_ErasePage                          0x080015bd   Thumb Code   106  stm32f10x_flash.o(.text)
    FLASH_WaitForLastOperation               0x08001629   Thumb Code    94  stm32f10x_flash.o(.text)
    FLASH_EraseAllPages                      0x08001689   Thumb Code    92  stm32f10x_flash.o(.text)
    FLASH_EraseAllBank1Pages                 0x080016e5   Thumb Code    92  stm32f10x_flash.o(.text)
    FLASH_WaitForLastBank1Operation          0x08001741   Thumb Code    94  stm32f10x_flash.o(.text)
    FLASH_EraseOptionBytes                   0x080017a1   Thumb Code   254  stm32f10x_flash.o(.text)
    FLASH_GetReadOutProtectionStatus         0x080018a1   Thumb Code    50  stm32f10x_flash.o(.text)
    FLASH_ProgramWord                        0x080018d5   Thumb Code   160  stm32f10x_flash.o(.text)
    FLASH_ProgramHalfWord                    0x08001975   Thumb Code    98  stm32f10x_flash.o(.text)
    FLASH_ProgramOptionByteData              0x080019d9   Thumb Code   142  stm32f10x_flash.o(.text)
    FLASH_EnableWriteProtection              0x08001a69   Thumb Code   360  stm32f10x_flash.o(.text)
    FLASH_ReadOutProtection                  0x08001bd1   Thumb Code   258  stm32f10x_flash.o(.text)
    FLASH_UserOptionByteConfig               0x08001cd5   Thumb Code   170  stm32f10x_flash.o(.text)
    FLASH_GetUserOptionByte                  0x08001d81   Thumb Code    14  stm32f10x_flash.o(.text)
    FLASH_GetWriteProtectionOptionByte       0x08001d91   Thumb Code    12  stm32f10x_flash.o(.text)
    FLASH_GetPrefetchBufferStatus            0x08001d9d   Thumb Code    50  stm32f10x_flash.o(.text)
    FLASH_ITConfig                           0x08001dd1   Thumb Code    56  stm32f10x_flash.o(.text)
    FLASH_GetFlagStatus                      0x08001e09   Thumb Code    96  stm32f10x_flash.o(.text)
    FLASH_ClearFlag                          0x08001e69   Thumb Code    20  stm32f10x_flash.o(.text)
    FLASH_GetStatus                          0x08001e7d   Thumb Code   104  stm32f10x_flash.o(.text)
    FLASH_GetBank1Status                     0x08001ee5   Thumb Code   104  stm32f10x_flash.o(.text)
    DWT_Init                                 0x08001f4d   Thumb Code    34  delay.o(.text)
    delay_us                                 0x08001f71   Thumb Code    80  delay.o(.text)
    delay_ms                                 0x08001fd1   Thumb Code    80  delay.o(.text)
    DAC_port_Init                            0x08002021   Thumb Code   158  dispport.o(.text)
    MUTE_State                               0x080020c1   Thumb Code    34  dispport.o(.text)
    DSD_State                                0x080020e5   Thumb Code    16  dispport.o(.text)
    F0_State                                 0x080020f5   Thumb Code    16  dispport.o(.text)
    F1_State                                 0x08002105   Thumb Code    16  dispport.o(.text)
    F2_State                                 0x08002115   Thumb Code    16  dispport.o(.text)
    F3_State                                 0x08002125   Thumb Code    16  dispport.o(.text)
    Stream_ID                                0x08002135   Thumb Code    12  dispport.o(.text)
    Connect_DAC                              0x08002141   Thumb Code    30  dispport.o(.text)
    Master_Slave_Sel                         0x08002161   Thumb Code    34  dispport.o(.text)
    SPI4W_Init                               0x08002185   Thumb Code   196  spi_ssd1322.o(.text)
    Spi_Write_Data                           0x08002249   Thumb Code    76  spi_ssd1322.o(.text)
    SSD1322_DataWrite                        0x08002295   Thumb Code    20  spi_ssd1322.o(.text)
    SSD1322_CommandWrite                     0x080022a9   Thumb Code    42  spi_ssd1322.o(.text)
    SSD1322_CmdDataWrite                     0x080022d5   Thumb Code    32  spi_ssd1322.o(.text)
    SSD1322_Reset                            0x080022f5   Thumb Code    36  spi_ssd1322.o(.text)
    SSD1322_Init                             0x08002319   Thumb Code   206  spi_ssd1322.o(.text)
    SSD1322_ClearRAM                         0x080023e9   Thumb Code   106  spi_ssd1322.o(.text)
    SSD1322_SetRowAddress                    0x08002455   Thumb Code    44  spi_ssd1322.o(.text)
    SSD1322_SetColumnAddress                 0x08002481   Thumb Code    48  spi_ssd1322.o(.text)
    SSD1322_Data_processing                  0x080024b1   Thumb Code   370  spi_ssd1322.o(.text)
    SSD1322_DrawSingleAscii                  0x08002625   Thumb Code   246  spi_ssd1322.o(.text)
    SSD1322_DrawString                       0x0800271d   Thumb Code   116  spi_ssd1322.o(.text)
    SSD1322_DrawSmallChar                    0x08002791   Thumb Code   162  spi_ssd1322.o(.text)
    SSD1322_DrawSmallString                  0x08002835   Thumb Code    62  spi_ssd1322.o(.text)
    SSD1322_DrawCharBuffer                   0x08002875   Thumb Code   170  spi_ssd1322.o(.text)
    SSD1322_DrawPixel                        0x08002921   Thumb Code   126  spi_ssd1322.o(.text)
    SSD1322_DrawStringBuffer                 0x080029a1   Thumb Code    62  spi_ssd1322.o(.text)
    SSD1322_ClearBuffer                      0x080029e1   Thumb Code    46  spi_ssd1322.o(.text)
    SSD1322_Update                           0x08002a11   Thumb Code   104  spi_ssd1322.o(.text)
    SSD1322_FillPattern                      0x08002a79   Thumb Code    52  spi_ssd1322.o(.text)
    SSD1322_Display_Picture                  0x08002aad   Thumb Code    94  spi_ssd1322.o(.text)
    Gray_test                                0x08002b0d   Thumb Code   230  spi_ssd1322.o(.text)
    DebugUartHex                             0x08002bf5   Thumb Code   114  spi_ssd1322.o(.text)
    SystemInit                               0x08002c9d   Thumb Code   102  system_stm32f10x.o(.text)
    SystemCoreClockUpdate                    0x08002d0d   Thumb Code   290  system_stm32f10x.o(.text)
    Encoder_Init                             0x08002f55   Thumb Code   238  encoder.o(.text)
    Encoder_read                             0x080030ad   Thumb Code    10  encoder.o(.text)
    Encoder_direction                        0x080030b9   Thumb Code    18  encoder.o(.text)
    Control_port_Init                        0x080030cd   Thumb Code   106  controlport.o(.text)
    MASTER_DAC                               0x08003139   Thumb Code    30  controlport.o(.text)
    DSD_DAC                                  0x08003159   Thumb Code    30  controlport.o(.text)
    MCLK_DAC                                 0x08003179   Thumb Code    30  controlport.o(.text)
    SLOW_BIT_DAC                             0x08003199   Thumb Code    30  controlport.o(.text)
    SD_BIT_DAC                               0x080031b9   Thumb Code    30  controlport.o(.text)
    UART_Init                                0x080031d9   Thumb Code   138  uart_xmos.o(.text)
    UART_ReadByte                            0x080032cd   Thumb Code    60  uart_xmos.o(.text)
    UART_XMOS_GetSignal                      0x08003309   Thumb Code    12  uart_xmos.o(.text)
    USART1_IRQHandler                        0x08003315   Thumb Code   122  uart_xmos.o(.text)
    IR_Process_Bit                           0x08003391   Thumb Code   418  ir_remote_1.o(.text)
    IR_GetPacket                             0x08003535   Thumb Code    94  ir_remote_1.o(.text)
    __use_two_region_memory                  0x08003593   Thumb Code     2  heapauxi.o(.text)
    __rt_heap_escrow$2region                 0x08003595   Thumb Code     2  heapauxi.o(.text)
    __rt_heap_expand$2region                 0x08003597   Thumb Code     2  heapauxi.o(.text)
    __user_setup_stackheap                   0x08003599   Thumb Code    74  sys_stackheap_outer.o(.text)
    exit                                     0x080035e3   Thumb Code    18  exit.o(.text)
    __user_libspace                          0x080035f5   Thumb Code     8  libspace.o(.text)
    __user_perproc_libspace                  0x080035f5   Thumb Code     0  libspace.o(.text)
    __user_perthread_libspace                0x080035f5   Thumb Code     0  libspace.o(.text)
    _sys_exit                                0x080035fd   Thumb Code     8  sys_exit.o(.text)
    __I$use$semihosting                      0x08003609   Thumb Code     0  use_no_semi.o(.text)
    __use_no_semihosting_swi                 0x08003609   Thumb Code     2  use_no_semi.o(.text)
    AHBPrescTable                            0x0800360a   Data          16  system_stm32f10x.o(.rodata.AHBPrescTable)
    __semihosting_library_function           0x0800360b   Thumb Code     0  indicate_semi.o(.text)
    AsciiLib_Big                             0x0800361a   Data       11648  spi_ssd1322.o(.rodata.AsciiLib_Big)
    AsciiLib_Small                           0x0800639a   Data        3040  spi_ssd1322.o(.rodata.AsciiLib_Small)
    Font_Aleks38x24                          0x08006f7c   Data         780  main.o(.rodata.Font_Aleks38x24)
    SmallFont                                0x08007288   Data         564  spi_ssd1322.o(.rodata.SmallFont)
    Region$$Table$$Base                      0x08007640   Number         0  anon$$obj.o(Region$$Table)
    Region$$Table$$Limit                     0x08007660   Number         0  anon$$obj.o(Region$$Table)
    SystemCoreClock                          0x20000004   Data           4  system_stm32f10x.o(.data.SystemCoreClock)
    hall_timer_sec                           0x20000008   Data           4  main.o(.data.hall_timer_sec)
    menu_timer_sec                           0x2000000c   Data           4  main.o(.data.menu_timer_sec)
    updated                                  0x20000010   Data           1  main.o(.data.updated)
    volume_val                               0x20000011   Data           1  main.o(.data.volume_val)
    __libspace_start                         0x20000018   Data          96  libspace.o(.bss)
    __temporary_stack_top$libspace           0x20000078   Data           0  libspace.o(.bss)
    balance_val                              0x20000079   Data           1  main.o(.bss.balance_val)
    button_pressed                           0x2000007b   Data           1  main.o(.bss.button_pressed)
    button_tick                              0x2000007c   Data           2  main.o(.bss.button_tick)
    dig_flt                                  0x2000007e   Data           1  main.o(.bss.dig_flt)
    enc_direction                            0x2000007f   Data           1  main.o(.bss.enc_direction)
    filter_val                               0x20000080   Data           1  main.o(.bss.filter_val)
    halt_counter                             0x20000084   Data           4  main.o(.bss.halt_counter)
    hold_counter                             0x20000088   Data           2  ir_remote_1.o(.bss.hold_counter)
    input_select                             0x2000008a   Data           1  main.o(.bss.input_select)
    input_val                                0x2000008b   Data           1  main.o(.bss.input_val)
    ir_bit_count                             0x2000008c   Data           1  ir_remote_1.o(.bss.ir_bit_count)
    ir_current_packet                        0x20000090   Data           4  ir_remote_1.o(.bss.ir_current_packet)
    ir_data_received                         0x20000094   Data           1  main.o(.bss.ir_data_received)
    ir_last_tick                             0x20000096   Data           2  main.o(.bss.ir_last_tick)
    ir_packet_ready                          0x20000098   Data           1  ir_remote_1.o(.bss.ir_packet_ready)
    ir_rx_buffer                             0x20000099   Data           4  ir_remote_1.o(.bss.ir_rx_buffer)
    ir_state                                 0x2000009d   Data           1  ir_remote_1.o(.bss.ir_state)
    last_signal                              0x2000009e   Data           1  uart_xmos.o(.bss.last_signal)
    menu_counter                             0x200000a0   Data           4  main.o(.bss.menu_counter)
    menu_level                               0x200000a4   Data           1  main.o(.bss.menu_level)
    menu_mode_val                            0x200000a5   Data           1  main.o(.bss.menu_mode_val)
    menu_need_update                         0x200000a6   Data           1  main.o(.bss.menu_need_update)
    mute_state                               0x200000a7   Data           1  main.o(.bss.mute_state)
    new_signal_received                      0x200000a8   Data           1  uart_xmos.o(.bss.new_signal_received)
    oled_buffer                              0x200000a9   Data        4096  spi_ssd1322.o(.bss.oled_buffer)
    preset                                   0x200010a9   Data           8  main.o(.bss.preset)
    rx_buffer                                0x200010b1   Data           3  uart_xmos.o(.bss.rx_buffer)



==============================================================================

Memory Map of the image

  Image Entry point : 0x080000ed

  Load Region LR_IROM1 (Base: 0x08000000, Size: 0x00007678, Max: 0x00010000, ABSOLUTE)

    Execution Region ER_IROM1 (Exec base: 0x08000000, Load base: 0x08000000, Size: 0x00007660, Max: 0x00010000, ABSOLUTE)

    Exec Addr    Load Addr    Size         Type   Attr      Idx    E Section Name        Object

    0x08000000   0x08000000   0x000000ec   Data   RO            3    RESET               startup_stm32f10x_md.o
    0x080000ec   0x080000ec   0x00000008   Code   RO          147  * !!!main             c_w.l(__main.o)
    0x080000f4   0x080000f4   0x00000034   Code   RO          312    !!!scatter          c_w.l(__scatter.o)
    0x08000128   0x08000128   0x0000001a   Code   RO          314    !!handler_copy      c_w.l(__scatter_copy.o)
    0x08000142   0x08000142   0x00000002   PAD
    0x08000144   0x08000144   0x0000001c   Code   RO          316    !!handler_zi        c_w.l(__scatter_zi.o)
    0x08000160   0x08000160   0x00000002   Code   RO          174    .ARM.Collect$$libinit$$00000000  c_w.l(libinit.o)
    0x08000162   0x08000162   0x00000000   Code   RO          181    .ARM.Collect$$libinit$$00000002  c_w.l(libinit2.o)
    0x08000162   0x08000162   0x00000000   Code   RO          183    .ARM.Collect$$libinit$$00000004  c_w.l(libinit2.o)
    0x08000162   0x08000162   0x00000000   Code   RO          185    .ARM.Collect$$libinit$$00000006  c_w.l(libinit2.o)
    0x08000162   0x08000162   0x00000000   Code   RO          188    .ARM.Collect$$libinit$$0000000C  c_w.l(libinit2.o)
    0x08000162   0x08000162   0x00000000   Code   RO          190    .ARM.Collect$$libinit$$0000000E  c_w.l(libinit2.o)
    0x08000162   0x08000162   0x00000000   Code   RO          192    .ARM.Collect$$libinit$$00000010  c_w.l(libinit2.o)
    0x08000162   0x08000162   0x00000000   Code   RO          195    .ARM.Collect$$libinit$$00000013  c_w.l(libinit2.o)
    0x08000162   0x08000162   0x00000000   Code   RO          197    .ARM.Collect$$libinit$$00000015  c_w.l(libinit2.o)
    0x08000162   0x08000162   0x00000000   Code   RO          199    .ARM.Collect$$libinit$$00000017  c_w.l(libinit2.o)
    0x08000162   0x08000162   0x00000000   Code   RO          201    .ARM.Collect$$libinit$$00000019  c_w.l(libinit2.o)
    0x08000162   0x08000162   0x00000000   Code   RO          203    .ARM.Collect$$libinit$$0000001B  c_w.l(libinit2.o)
    0x08000162   0x08000162   0x00000000   Code   RO          205    .ARM.Collect$$libinit$$0000001D  c_w.l(libinit2.o)
    0x08000162   0x08000162   0x00000000   Code   RO          207    .ARM.Collect$$libinit$$0000001F  c_w.l(libinit2.o)
    0x08000162   0x08000162   0x00000000   Code   RO          209    .ARM.Collect$$libinit$$00000021  c_w.l(libinit2.o)
    0x08000162   0x08000162   0x00000000   Code   RO          211    .ARM.Collect$$libinit$$00000023  c_w.l(libinit2.o)
    0x08000162   0x08000162   0x00000000   Code   RO          213    .ARM.Collect$$libinit$$00000025  c_w.l(libinit2.o)
    0x08000162   0x08000162   0x00000000   Code   RO          215    .ARM.Collect$$libinit$$00000027  c_w.l(libinit2.o)
    0x08000162   0x08000162   0x00000000   Code   RO          219    .ARM.Collect$$libinit$$0000002E  c_w.l(libinit2.o)
    0x08000162   0x08000162   0x00000000   Code   RO          221    .ARM.Collect$$libinit$$00000030  c_w.l(libinit2.o)
    0x08000162   0x08000162   0x00000000   Code   RO          223    .ARM.Collect$$libinit$$00000032  c_w.l(libinit2.o)
    0x08000162   0x08000162   0x00000000   Code   RO          225    .ARM.Collect$$libinit$$00000034  c_w.l(libinit2.o)
    0x08000162   0x08000162   0x00000002   Code   RO          226    .ARM.Collect$$libinit$$00000035  c_w.l(libinit2.o)
    0x08000164   0x08000164   0x00000002   Code   RO          248    .ARM.Collect$$libshutdown$$00000000  c_w.l(libshutdown.o)
    0x08000166   0x08000166   0x00000000   Code   RO          263    .ARM.Collect$$libshutdown$$00000002  c_w.l(libshutdown2.o)
    0x08000166   0x08000166   0x00000000   Code   RO          265    .ARM.Collect$$libshutdown$$00000004  c_w.l(libshutdown2.o)
    0x08000166   0x08000166   0x00000000   Code   RO          268    .ARM.Collect$$libshutdown$$00000007  c_w.l(libshutdown2.o)
    0x08000166   0x08000166   0x00000000   Code   RO          271    .ARM.Collect$$libshutdown$$0000000A  c_w.l(libshutdown2.o)
    0x08000166   0x08000166   0x00000000   Code   RO          273    .ARM.Collect$$libshutdown$$0000000C  c_w.l(libshutdown2.o)
    0x08000166   0x08000166   0x00000000   Code   RO          276    .ARM.Collect$$libshutdown$$0000000F  c_w.l(libshutdown2.o)
    0x08000166   0x08000166   0x00000002   Code   RO          277    .ARM.Collect$$libshutdown$$00000010  c_w.l(libshutdown2.o)
    0x08000168   0x08000168   0x00000000   Code   RO          149    .ARM.Collect$$rtentry$$00000000  c_w.l(__rtentry.o)
    0x08000168   0x08000168   0x00000000   Code   RO          151    .ARM.Collect$$rtentry$$00000002  c_w.l(__rtentry2.o)
    0x08000168   0x08000168   0x00000006   Code   RO          163    .ARM.Collect$$rtentry$$00000004  c_w.l(__rtentry4.o)
    0x0800016e   0x0800016e   0x00000000   Code   RO          153    .ARM.Collect$$rtentry$$00000009  c_w.l(__rtentry2.o)
    0x0800016e   0x0800016e   0x00000004   Code   RO          154    .ARM.Collect$$rtentry$$0000000A  c_w.l(__rtentry2.o)
    0x08000172   0x08000172   0x00000000   Code   RO          156    .ARM.Collect$$rtentry$$0000000C  c_w.l(__rtentry2.o)
    0x08000172   0x08000172   0x00000008   Code   RO          157    .ARM.Collect$$rtentry$$0000000D  c_w.l(__rtentry2.o)
    0x0800017a   0x0800017a   0x00000002   Code   RO          178    .ARM.Collect$$rtexit$$00000000  c_w.l(rtexit.o)
    0x0800017c   0x0800017c   0x00000000   Code   RO          228    .ARM.Collect$$rtexit$$00000002  c_w.l(rtexit2.o)
    0x0800017c   0x0800017c   0x00000004   Code   RO          229    .ARM.Collect$$rtexit$$00000003  c_w.l(rtexit2.o)
    0x08000180   0x08000180   0x00000006   Code   RO          230    .ARM.Collect$$rtexit$$00000004  c_w.l(rtexit2.o)
    0x08000186   0x08000186   0x00000002   PAD
    0x08000188   0x08000188   0x00000040   Code   RO            4    .text               startup_stm32f10x_md.o
    0x080001c8   0x080001c8   0x00001320   Code   RO           10    .text               main.o
    0x080014e8   0x080014e8   0x00000a64   Code   RO           61    .text               stm32f10x_flash.o
    0x08001f4c   0x08001f4c   0x000000d4   Code   RO           68    .text               delay.o
    0x08002020   0x08002020   0x00000162   Code   RO           75    .text               dispport.o
    0x08002182   0x08002182   0x00000002   PAD
    0x08002184   0x08002184   0x00000b18   Code   RO           82    .text               spi_ssd1322.o
    0x08002c9c   0x08002c9c   0x000002b6   Code   RO           94    .text               system_stm32f10x.o
    0x08002f52   0x08002f52   0x00000002   PAD
    0x08002f54   0x08002f54   0x00000176   Code   RO          103    .text               encoder.o
    0x080030ca   0x080030ca   0x00000002   PAD
    0x080030cc   0x080030cc   0x0000010a   Code   RO          110    .text               controlport.o
    0x080031d6   0x080031d6   0x00000002   PAD
    0x080031d8   0x080031d8   0x000001b6   Code   RO          117    .text               uart_xmos.o
    0x0800338e   0x0800338e   0x00000002   PAD
    0x08003390   0x08003390   0x00000202   Code   RO          128    .text               ir_remote_1.o
    0x08003592   0x08003592   0x00000006   Code   RO          145    .text               c_w.l(heapauxi.o)
    0x08003598   0x08003598   0x0000004a   Code   RO          165    .text               c_w.l(sys_stackheap_outer.o)
    0x080035e2   0x080035e2   0x00000012   Code   RO          167    .text               c_w.l(exit.o)
    0x080035f4   0x080035f4   0x00000008   Code   RO          175    .text               c_w.l(libspace.o)
    0x080035fc   0x080035fc   0x0000000c   Code   RO          238    .text               c_w.l(sys_exit.o)
    0x08003608   0x08003608   0x00000002   Code   RO          253    .text               c_w.l(use_no_semi.o)
    0x0800360a   0x0800360a   0x00000000   Code   RO          255    .text               c_w.l(indicate_semi.o)
    0x0800360a   0x0800360a   0x00000010   Data   RO           97    .rodata.AHBPrescTable  system_stm32f10x.o
    0x0800361a   0x0800361a   0x00002d80   Data   RO           84    .rodata.AsciiLib_Big  spi_ssd1322.o
    0x0800639a   0x0800639a   0x00000be0   Data   RO           86    .rodata.AsciiLib_Small  spi_ssd1322.o
    0x08006f7a   0x08006f7a   0x00000002   PAD
    0x08006f7c   0x08006f7c   0x0000030c   Data   RO           12    .rodata.Font_Aleks38x24  main.o
    0x08007288   0x08007288   0x00000234   Data   RO           85    .rodata.SmallFont   spi_ssd1322.o
    0x080074bc   0x080074bc   0x00000011   Data   RO           88    .rodata.hex_chars   spi_ssd1322.o
    0x080074cd   0x080074cd   0x00000172   Data   RO           37    .rodata.str1.1      main.o
    0x0800763f   0x0800763f   0x00000001   PAD
    0x08007640   0x08007640   0x00000020   Data   RO          311    Region$$Table       anon$$obj.o


    Execution Region RW_IRAM1 (Exec base: 0x20000000, Load base: 0x08007660, Size: 0x000020b8, Max: 0x00005000, ABSOLUTE)

    Exec Addr    Load Addr    Size         Type   Attr      Idx    E Section Name        Object

    0x20000000   0x08007660   0x00000001   Data   RW           39    .data.Process_Encoder_Rotation.input  main.o
    0x20000001   0x08007661   0x00000001   Data   RW           38    .data.Process_Encoder_Rotation.vol  main.o
    0x20000002   0x08007662   0x00000002   PAD
    0x20000004   0x08007664   0x00000004   Data   RW           96    .data.SystemCoreClock  system_stm32f10x.o
    0x20000008   0x08007668   0x00000004   Data   RW           24    .data.hall_timer_sec  main.o
    0x2000000c   0x0800766c   0x00000004   Data   RW           26    .data.menu_timer_sec  main.o
    0x20000010   0x08007670   0x00000001   Data   RW           18    .data.updated       main.o
    0x20000011   0x08007671   0x00000001   Data   RW           29    .data.volume_val    main.o
    0x20000012   0x08007672   0x00000006   PAD
    0x20000018        -       0x00000060   Zero   RW          176    .bss                c_w.l(libspace.o)
    0x20000078        -       0x00000001   Zero   RW           40    .bss.Process_Encoder_Rotation.filter  main.o
    0x20000079        -       0x00000001   Zero   RW           32    .bss.balance_val    main.o
    0x2000007a        -       0x00000001   Zero   RW          122    .bss.buffer_index   uart_xmos.o
    0x2000007b        -       0x00000001   Zero   RW           35    .bss.button_pressed  main.o
    0x2000007c        -       0x00000002   Zero   RW           34    .bss.button_tick    main.o
    0x2000007e        -       0x00000001   Zero   RW           42    .bss.dig_flt        main.o
    0x2000007f        -       0x00000001   Zero   RW           41    .bss.enc_direction  main.o
    0x20000080        -       0x00000001   Zero   RW           31    .bss.filter_val     main.o
    0x20000081   0x08007672   0x00000003   PAD
    0x20000084        -       0x00000004   Zero   RW           23    .bss.halt_counter   main.o
    0x20000088        -       0x00000002   Zero   RW          135    .bss.hold_counter   ir_remote_1.o
    0x2000008a        -       0x00000001   Zero   RW           43    .bss.input_select   main.o
    0x2000008b        -       0x00000001   Zero   RW           30    .bss.input_val      main.o
    0x2000008c        -       0x00000001   Zero   RW          132    .bss.ir_bit_count   ir_remote_1.o
    0x2000008d   0x08007672   0x00000003   PAD
    0x20000090        -       0x00000004   Zero   RW          133    .bss.ir_current_packet  ir_remote_1.o
    0x20000094        -       0x00000001   Zero   RW           21    .bss.ir_data_received  main.o
    0x20000095   0x08007672   0x00000001   PAD
    0x20000096        -       0x00000002   Zero   RW           16    .bss.ir_last_tick   main.o
    0x20000098        -       0x00000001   Zero   RW          134    .bss.ir_packet_ready  ir_remote_1.o
    0x20000099        -       0x00000004   Zero   RW          136    .bss.ir_rx_buffer   ir_remote_1.o
    0x2000009d        -       0x00000001   Zero   RW          131    .bss.ir_state       ir_remote_1.o
    0x2000009e        -       0x00000001   Zero   RW          120    .bss.last_signal    uart_xmos.o
    0x2000009f   0x08007672   0x00000001   PAD
    0x200000a0        -       0x00000004   Zero   RW           25    .bss.menu_counter   main.o
    0x200000a4        -       0x00000001   Zero   RW           17    .bss.menu_level     main.o
    0x200000a5        -       0x00000001   Zero   RW           28    .bss.menu_mode_val  main.o
    0x200000a6        -       0x00000001   Zero   RW           13    .bss.menu_need_update  main.o
    0x200000a7        -       0x00000001   Zero   RW           19    .bss.mute_state     main.o
    0x200000a8        -       0x00000001   Zero   RW          119    .bss.new_signal_received  uart_xmos.o
    0x200000a9        -       0x00001000   Zero   RW           87    .bss.oled_buffer    spi_ssd1322.o
    0x200010a9        -       0x00000008   Zero   RW           36    .bss.preset         main.o
    0x200010b1        -       0x00000003   Zero   RW          121    .bss.rx_buffer      uart_xmos.o
    0x200010b4   0x08007672   0x00000004   PAD
    0x200010b8        -       0x00000800   Zero   RW            2    HEAP                startup_stm32f10x_md.o
    0x200018b8        -       0x00000800   Zero   RW            1    STACK               startup_stm32f10x_md.o


==============================================================================

Image component sizes


      Code (inc. data)   RO Data    RW Data    ZI Data      Debug   Object Name

       266          0          0          0          0       1506   controlport.o
       212          0          0          0          0       1718   delay.o
       354          0          0          0          0       2017   dispport.o
       374          0          0          0          0       4743   encoder.o
       514          0          0          0         13       2400   ir_remote_1.o
      4896         46       1150         12         33      11266   main.o
      2840          0      15269          0       4096       7314   spi_ssd1322.o
        64         26        236          0       4096        888   startup_stm32f10x_md.o
      2660          0          0          0          0       6338   stm32f10x_flash.o
       694          0         16          4          0       2691   system_stm32f10x.o
       438          0          0          0          6       4332   uart_xmos.o

    ----------------------------------------------------------------------
     13322         72      16706         20       8260      45213   Object Totals
         0          0         32          0          0          0   (incl. Generated)
        10          0          3          4         16          0   (incl. Padding)

    ----------------------------------------------------------------------

      Code (inc. data)   RO Data    RW Data    ZI Data      Debug   Library Member Name

         8          0          0          0          0         68   __main.o
         0          0          0          0          0          0   __rtentry.o
        12          0          0          0          0          0   __rtentry2.o
         6          0          0          0          0          0   __rtentry4.o
        52          8          0          0          0          0   __scatter.o
        26          0          0          0          0          0   __scatter_copy.o
        28          0          0          0          0          0   __scatter_zi.o
        18          0          0          0          0         80   exit.o
         6          0          0          0          0        152   heapauxi.o
         0          0          0          0          0          0   indicate_semi.o
         2          0          0          0          0          0   libinit.o
         2          0          0          0          0          0   libinit2.o
         2          0          0          0          0          0   libshutdown.o
         2          0          0          0          0          0   libshutdown2.o
         8          4          0          0         96         68   libspace.o
         2          0          0          0          0          0   rtexit.o
        10          0          0          0          0          0   rtexit2.o
        12          4          0          0          0         68   sys_exit.o
        74          0          0          0          0         80   sys_stackheap_outer.o
         2          0          0          0          0         68   use_no_semi.o

    ----------------------------------------------------------------------
       276         16          0          0         96        584   Library Totals
         4          0          0          0          0          0   (incl. Padding)

    ----------------------------------------------------------------------

      Code (inc. data)   RO Data    RW Data    ZI Data      Debug   Library Name

       272         16          0          0         96        584   c_w.l

    ----------------------------------------------------------------------
       276         16          0          0         96        584   Library Totals

    ----------------------------------------------------------------------

==============================================================================


      Code (inc. data)   RO Data    RW Data    ZI Data      Debug   

     13598         88      16706         20       8356      45509   Grand Totals
     13598         88      16706         20       8356      45509   ELF Image Totals
     13598         88      16706         20          0          0   ROM Totals

==============================================================================

    Total RO  Size (Code + RO Data)                30304 (  29.59kB)
    Total RW  Size (RW Data + ZI Data)              8376 (   8.18kB)
    Total ROM Size (Code + RO Data + RW Data)      30324 (  29.61kB)

==============================================================================

